<html>
<head><meta charset="utf-8" /></head>
<body>
    <div>                        <script type="text/javascript">window.PlotlyConfig = {MathJaxConfig: 'local'};</script>
        <script charset="utf-8" src="https://cdn.plot.ly/plotly-2.35.2.min.js"></script>                <div id="9c3dd319-5e84-47c4-a57a-fa61625be8ca" class="plotly-graph-div" style="height:900px; width:100%;"></div>            <script type="text/javascript">                                    window.PLOTLYENV=window.PLOTLYENV || {};                                    if (document.getElementById("9c3dd319-5e84-47c4-a57a-fa61625be8ca")) {                    Plotly.newPlot(                        "9c3dd319-5e84-47c4-a57a-fa61625be8ca",                        [{"line":{"color":"#ff0789","width":0.5},"name":"create_instance","text":["3.717670375481248s, 2024-11-05, f46e2fd6","3.762017387896776s, 2024-11-06, 22a1dacb","3.770427491515875s, 2024-11-06, c463632a","3.7752315253019333s, 2024-11-07, 9b1f60e8","3.7867225911468267s, 2024-11-07, 952e67bd","s, , ","3.820277811959386s, 2024-11-08, 5e9b0f23","3.8306870106607676s, 2024-11-08, 364e7f11","4.123614875599742s, 2024-11-12, af992895","3.787400232627988s, 2024-11-12, 9db592cf","3.8199871201068163s, 2024-11-14, fe3f83fc","3.8083062414079905s, 2024-11-14, b9213cf9","3.8514352552592754s, 2024-11-14, 05c5ff21","3.7914754021912813s, 2024-11-15, f520b2a1","3.8832919597625732s, 2024-11-15, 4d68e769","3.8378356862813234s, 2024-11-15, 4bb8c495","3.8165999483317137s, 2024-11-15, 180924aa","3.7286899499595165s, 2024-11-18, ed495d69","3.865394998341799s, 2024-11-18, 3f21a2de","3.8808482866734266s, 2024-11-18, 518b161e","s, , ","3.806233363226056s, 2024-11-19, 9f957ef2","3.8435053303837776s, 2024-11-26, 44d9bc3a","s, , ","s, , ","3.7788521964102983s, 2024-12-02, d3f0bf56","3.866385482251644s, 2024-12-02, eb8a6b5e","3.809544615447521s, 2024-12-06, 6f36384e","3.85876797902165s, 2024-12-18, 83767d30","3.8732294254004955s, 2025-01-14, b2cb3aea","4.513551086187363s, 2025-01-16, b0ab8512","3.868734219111502s, 2025-01-17, 8c2e6016","3.9115724191069603s, 2025-01-21, bd3e4447","3.889631691854447s, 2025-01-28, aa652ca2","3.820232701022178s, 2025-01-30, 095a6ed9","3.781518612000582s, 2025-02-04, 095a6ed9","3.832755815001292s, 2025-02-04, 8a505531","3.8107569460044033s, 2025-02-05, 61e28af4","3.821646481999778s, 2025-02-05, cd778c56","3.865983267009142s, 2025-02-05, 95fa211c","3.8217852450034115s, 2025-02-06, 272ba634","3.8054681869980413s, 2025-02-06, e5d2c785","s, , ","3.814915512999505s, 2025-02-12, e43c0752","3.788897745002032s, 2025-02-12, e316806a","s, , ","3.829824851010926s, 2025-02-13, a3c90c29","3.8891449209913844s, 2025-02-13, bb5f993e","3.809801152005093s, 2025-02-15, cc2185b6","3.929136134000146s, 2025-02-19, a16aa013"],"x":[-49,-48,-47,-46,-45,-44,-43,-42,-41,-40,-39,-38,-37,-36,-35,-34,-33,-32,-31,-30,-29,-28,-27,-26,-25,-24,-23,-22,-21,-20,-19,-18,-17,-16,-15,-14,-13,-12,-11,-10,-9,-8,-7,-6,-5,-4,-3,-2,-1,0],"y":[3.717670375481248,3.762017387896776,3.770427491515875,3.7752315253019333,3.7867225911468267,"",3.820277811959386,3.8306870106607676,4.123614875599742,3.787400232627988,3.8199871201068163,3.8083062414079905,3.8514352552592754,3.7914754021912813,3.8832919597625732,3.8378356862813234,3.8165999483317137,3.7286899499595165,3.865394998341799,3.8808482866734266,"",3.806233363226056,3.8435053303837776,"","",3.7788521964102983,3.866385482251644,3.809544615447521,3.85876797902165,3.8732294254004955,4.513551086187363,3.868734219111502,3.9115724191069603,3.889631691854447,3.820232701022178,3.781518612000582,3.832755815001292,3.8107569460044033,3.821646481999778,3.865983267009142,3.8217852450034115,3.8054681869980413,"",3.814915512999505,3.788897745002032,"",3.829824851010926,3.8891449209913844,3.809801152005093,3.929136134000146],"yaxis":"y","type":"scatter","xaxis":"x","marker":{"size":8},"hoverinfo":"text+x","mode":"lines+markers","showlegend":true},{"line":{"color":"#966ebd","width":0.5},"name":"test_time","text":["27.595874870195985s, 2024-11-05, f46e2fd6","28.131290221586823s, 2024-11-06, 22a1dacb","28.44174469448626s, 2024-11-06, c463632a","28.10618474520743s, 2024-11-07, 9b1f60e8","28.049614438787103s, 2024-11-07, 952e67bd","s, , ","28.078986467793584s, 2024-11-08, 5e9b0f23","27.770083248615265s, 2024-11-08, 364e7f11","28.503629997372627s, 2024-11-12, af992895","27.8442571926862s, 2024-11-12, 9db592cf","28.23826165869832s, 2024-11-14, fe3f83fc","28.18718190677464s, 2024-11-14, b9213cf9","27.95402884297073s, 2024-11-14, 05c5ff21","28.362206030637026s, 2024-11-15, f520b2a1","28.176068199798465s, 2024-11-15, 4d68e769","28.14328228496015s, 2024-11-15, 4bb8c495","28.18348729237914s, 2024-11-15, 180924aa","27.512526804581285s, 2024-11-18, ed495d69","27.94026482477784s, 2024-11-18, 3f21a2de","28.275231163948774s, 2024-11-18, 518b161e","s, , ","27.771270183846354s, 2024-11-19, 9f957ef2","28.222379315644503s, 2024-11-26, 44d9bc3a","s, , ","s, , ","27.61807817593217s, 2024-12-02, d3f0bf56","27.947239976376295s, 2024-12-02, eb8a6b5e","28.24075866304338s, 2024-12-06, 6f36384e","28.32434658400598s, 2024-12-18, 83767d30","28.495918988715857s, 2025-01-14, b2cb3aea","29.878857356030494s, 2025-01-16, b0ab8512","29.054949482902884s, 2025-01-17, 8c2e6016","28.964271346107125s, 2025-01-21, bd3e4447","28.25733555201441s, 2025-01-28, aa652ca2","28.300993198994547s, 2025-01-30, 095a6ed9","28.366577394999695s, 2025-02-04, 095a6ed9","28.166127452001092s, 2025-02-04, 8a505531","27.620046503005142s, 2025-02-05, 61e28af4","27.91484578199743s, 2025-02-05, cd778c56","28.261213489007787s, 2025-02-05, 95fa211c","28.023200744006317s, 2025-02-06, 272ba634","28.019494934007525s, 2025-02-06, e5d2c785","s, , ","28.179749291000917s, 2025-02-12, e43c0752","27.92950800700055s, 2025-02-12, e316806a","s, , ","27.828916719998233s, 2025-02-13, a3c90c29","28.410729048991925s, 2025-02-13, bb5f993e","27.756955580000067s, 2025-02-15, cc2185b6","27.810972605002462s, 2025-02-19, a16aa013"],"x":[-49,-48,-47,-46,-45,-44,-43,-42,-41,-40,-39,-38,-37,-36,-35,-34,-33,-32,-31,-30,-29,-28,-27,-26,-25,-24,-23,-22,-21,-20,-19,-18,-17,-16,-15,-14,-13,-12,-11,-10,-9,-8,-7,-6,-5,-4,-3,-2,-1,0],"y":[27.595874870195985,28.131290221586823,28.44174469448626,28.10618474520743,28.049614438787103,"",28.078986467793584,27.770083248615265,28.503629997372627,27.8442571926862,28.23826165869832,28.18718190677464,27.95402884297073,28.362206030637026,28.176068199798465,28.14328228496015,28.18348729237914,27.512526804581285,27.94026482477784,28.275231163948774,"",27.771270183846354,28.222379315644503,"","",27.61807817593217,27.947239976376295,28.24075866304338,28.32434658400598,28.495918988715857,29.878857356030494,29.054949482902884,28.964271346107125,28.25733555201441,28.300993198994547,28.366577394999695,28.166127452001092,27.620046503005142,27.91484578199743,28.261213489007787,28.023200744006317,28.019494934007525,"",28.179749291000917,27.92950800700055,"",27.828916719998233,28.410729048991925,27.756955580000067,27.810972605002462],"yaxis":"y2","type":"scatter","xaxis":"x2","marker":{"size":8},"hoverinfo":"text+x","mode":"lines+markers","showlegend":true},{"line":{"color":"#ad900d","width":0.5},"name":"nl","text":["4.119430715218186s, 2024-11-05, f46e2fd6","4.267207799479365s, 2024-11-06, 22a1dacb","4.2501857709139585s, 2024-11-06, c463632a","4.312106933444738s, 2024-11-07, 9b1f60e8","4.22982944175601s, 2024-11-07, 952e67bd","s, , ","4.222768930718303s, 2024-11-08, 5e9b0f23","4.12552409991622s, 2024-11-08, 364e7f11","4.229162123054266s, 2024-11-12, af992895","4.200402477756143s, 2024-11-12, 9db592cf","4.220985841006041s, 2024-11-14, fe3f83fc","4.2071913462132215s, 2024-11-14, b9213cf9","4.170114688575268s, 2024-11-14, 05c5ff21","4.182980243116617s, 2024-11-15, f520b2a1","4.2053475975990295s, 2024-11-15, 4d68e769","4.2326601427048445s, 2024-11-15, 4bb8c495","4.252812270075083s, 2024-11-15, 180924aa","4.084985503926873s, 2024-11-18, ed495d69","4.1719833835959435s, 2024-11-18, 3f21a2de","4.171248523518443s, 2024-11-18, 518b161e","s, , ","4.141986835747957s, 2024-11-19, 9f957ef2","4.252834502607584s, 2024-11-26, 44d9bc3a","s, , ","s, , ","4.1453123688697815s, 2024-12-02, d3f0bf56","4.15156171657145s, 2024-12-02, eb8a6b5e","4.228935381397605s, 2024-12-06, 6f36384e","4.210797850013478s, 2024-12-18, 83767d30","4.192999065853655s, 2025-01-14, b2cb3aea","4.21686683036387s, 2025-01-16, b0ab8512","4.793574687093496s, 2025-01-17, 8c2e6016","4.809100384823978s, 2025-01-21, bd3e4447","4.208790987264365s, 2025-01-28, aa652ca2","4.343316364102066s, 2025-01-30, 095a6ed9","4.165130111001417s, 2025-02-04, 095a6ed9","4.216107508997084s, 2025-02-04, 8a505531","4.115544641004817s, 2025-02-05, 61e28af4","4.127776591994916s, 2025-02-05, cd778c56","4.190564267002628s, 2025-02-05, 95fa211c","4.259135948988842s, 2025-02-06, 272ba634","4.164584911981365s, 2025-02-06, e5d2c785","s, , ","4.1447124400001485s, 2025-02-12, e43c0752","4.156350571000075s, 2025-02-12, e316806a","s, , ","4.211047293007141s, 2025-02-13, a3c90c29","4.143559528005426s, 2025-02-13, bb5f993e","4.165419764001854s, 2025-02-15, cc2185b6","4.122935956998845s, 2025-02-19, a16aa013"],"x":[-49,-48,-47,-46,-45,-44,-43,-42,-41,-40,-39,-38,-37,-36,-35,-34,-33,-32,-31,-30,-29,-28,-27,-26,-25,-24,-23,-22,-21,-20,-19,-18,-17,-16,-15,-14,-13,-12,-11,-10,-9,-8,-7,-6,-5,-4,-3,-2,-1,0],"y":[4.119430715218186,4.267207799479365,4.2501857709139585,4.312106933444738,4.22982944175601,"",4.222768930718303,4.12552409991622,4.229162123054266,4.200402477756143,4.220985841006041,4.2071913462132215,4.170114688575268,4.182980243116617,4.2053475975990295,4.2326601427048445,4.252812270075083,4.084985503926873,4.1719833835959435,4.171248523518443,"",4.141986835747957,4.252834502607584,"","",4.1453123688697815,4.15156171657145,4.228935381397605,4.210797850013478,4.192999065853655,4.21686683036387,4.793574687093496,4.809100384823978,4.208790987264365,4.343316364102066,4.165130111001417,4.216107508997084,4.115544641004817,4.127776591994916,4.190564267002628,4.259135948988842,4.164584911981365,"",4.1447124400001485,4.156350571000075,"",4.211047293007141,4.143559528005426,4.165419764001854,4.122935956998845],"yaxis":"y3","type":"scatter","xaxis":"x3","marker":{"size":8},"hoverinfo":"text+x","mode":"lines+markers","showlegend":true},{"line":{"color":"#009337","width":0.5},"name":"lp","text":["4.375376548618078s, 2024-11-05, f46e2fd6","4.449406476691365s, 2024-11-06, 22a1dacb","4.452062139287591s, 2024-11-06, c463632a","4.4296111930161715s, 2024-11-07, 9b1f60e8","4.335334278643131s, 2024-11-07, 952e67bd","s, , ","4.355061881244183s, 2024-11-08, 5e9b0f23","4.364099100232124s, 2024-11-08, 364e7f11","4.433232257142663s, 2024-11-12, af992895","4.416844235733151s, 2024-11-12, 9db592cf","4.381386458873749s, 2024-11-14, fe3f83fc","4.425201201811433s, 2024-11-14, b9213cf9","4.374027024954557s, 2024-11-14, 05c5ff21","4.405745588243008s, 2024-11-15, f520b2a1","4.436409201472998s, 2024-11-15, 4d68e769","4.473502539098263s, 2024-11-15, 4bb8c495","4.409638674929738s, 2024-11-15, 180924aa","4.310720983892679s, 2024-11-18, ed495d69","4.346146477386355s, 2024-11-18, 3f21a2de","4.337895421311259s, 2024-11-18, 518b161e","s, , ","4.318640349432826s, 2024-11-19, 9f957ef2","4.386848393827677s, 2024-11-26, 44d9bc3a","s, , ","s, , ","4.339439095929265s, 2024-12-02, d3f0bf56","4.369704404845834s, 2024-12-02, eb8a6b5e","4.422621734440327s, 2024-12-06, 6f36384e","4.327008061984088s, 2024-12-18, 83767d30","4.843046042602509s, 2025-01-14, b2cb3aea","4.377140711992979s, 2025-01-16, b0ab8512","4.3242396749556065s, 2025-01-17, 8c2e6016","4.3863827283494174s, 2025-01-21, bd3e4447","4.43629057193175s, 2025-01-28, aa652ca2","4.4132578377611935s, 2025-01-30, 095a6ed9","4.398027033001199s, 2025-02-04, 095a6ed9","4.412251893001667s, 2025-02-04, 8a505531","4.31908600499446s, 2025-02-05, 61e28af4","4.36709133599652s, 2025-02-05, cd778c56","4.338764051994076s, 2025-02-05, 95fa211c","4.3468338180100545s, 2025-02-06, 272ba634","4.352831537980819s, 2025-02-06, e5d2c785","s, , ","4.312321913999767s, 2025-02-12, e43c0752","4.326432780002506s, 2025-02-12, e316806a","s, , ","4.352318340999773s, 2025-02-13, a3c90c29","4.434320196000044s, 2025-02-13, bb5f993e","4.354837213002611s, 2025-02-15, cc2185b6","4.32422000799852s, 2025-02-19, a16aa013"],"x":[-49,-48,-47,-46,-45,-44,-43,-42,-41,-40,-39,-38,-37,-36,-35,-34,-33,-32,-31,-30,-29,-28,-27,-26,-25,-24,-23,-22,-21,-20,-19,-18,-17,-16,-15,-14,-13,-12,-11,-10,-9,-8,-7,-6,-5,-4,-3,-2,-1,0],"y":[4.375376548618078,4.449406476691365,4.452062139287591,4.4296111930161715,4.335334278643131,"",4.355061881244183,4.364099100232124,4.433232257142663,4.416844235733151,4.381386458873749,4.425201201811433,4.374027024954557,4.405745588243008,4.436409201472998,4.473502539098263,4.409638674929738,4.310720983892679,4.346146477386355,4.337895421311259,"",4.318640349432826,4.386848393827677,"","",4.339439095929265,4.369704404845834,4.422621734440327,4.327008061984088,4.843046042602509,4.377140711992979,4.3242396749556065,4.3863827283494174,4.43629057193175,4.4132578377611935,4.398027033001199,4.412251893001667,4.31908600499446,4.36709133599652,4.338764051994076,4.3468338180100545,4.352831537980819,"",4.312321913999767,4.326432780002506,"",4.352318340999773,4.434320196000044,4.354837213002611,4.32422000799852],"yaxis":"y4","type":"scatter","xaxis":"x4","marker":{"size":8},"hoverinfo":"text+x","mode":"lines+markers","showlegend":true},{"line":{"color":"#850e04","width":0.5},"name":"bar","text":["6.0835503078997135s, 2024-11-05, f46e2fd6","6.1873359102755785s, 2024-11-06, 22a1dacb","6.245831321924925s, 2024-11-06, c463632a","6.238176671788096s, 2024-11-07, 9b1f60e8","6.177175935357809s, 2024-11-07, 952e67bd","s, , ","6.200646173208952s, 2024-11-08, 5e9b0f23","6.1063376646488905s, 2024-11-08, 364e7f11","6.223255462944508s, 2024-11-12, af992895","6.111713128164411s, 2024-11-12, 9db592cf","6.293518332764506s, 2024-11-14, fe3f83fc","6.23100046440959s, 2024-11-14, b9213cf9","6.147985411807895s, 2024-11-14, 05c5ff21","6.242501296103001s, 2024-11-15, f520b2a1","6.199442820623517s, 2024-11-15, 4d68e769","6.145991329103708s, 2024-11-15, 4bb8c495","6.187805011868477s, 2024-11-15, 180924aa","6.066918479278684s, 2024-11-18, ed495d69","6.196527874097228s, 2024-11-18, 3f21a2de","6.136055475100875s, 2024-11-18, 518b161e","s, , ","6.143855217844248s, 2024-11-19, 9f957ef2","6.246170269325376s, 2024-11-26, 44d9bc3a","s, , ","s, , ","6.131509395316243s, 2024-12-02, d3f0bf56","6.201518004760146s, 2024-12-02, eb8a6b5e","6.268432378768921s, 2024-12-06, 6f36384e","6.572019518003799s, 2024-12-18, 83767d30","6.099174779839814s, 2025-01-14, b2cb3aea","6.3501151581294835s, 2025-01-16, b0ab8512","6.439385310746729s, 2025-01-17, 8c2e6016","6.125590077135712s, 2025-01-21, bd3e4447","6.206345219165087s, 2025-01-28, aa652ca2","6.204744988121092s, 2025-01-30, 095a6ed9","6.177183105999575s, 2025-02-04, 095a6ed9","6.13796700900275s, 2025-02-04, 8a505531","6.04707254099776s, 2025-02-05, 61e28af4","6.179851403008797s, 2025-02-05, cd778c56","6.256324877002044s, 2025-02-05, 95fa211c","6.1407118889910635s, 2025-02-06, 272ba634","6.126937118999194s, 2025-02-06, e5d2c785","s, , ","6.334308588000567s, 2025-02-12, e43c0752","6.0854329299982055s, 2025-02-12, e316806a","s, , ","6.080781158991158s, 2025-02-13, a3c90c29","6.268377532003797s, 2025-02-13, bb5f993e","6.044279118999839s, 2025-02-15, cc2185b6","6.003823277002084s, 2025-02-19, a16aa013"],"x":[-49,-48,-47,-46,-45,-44,-43,-42,-41,-40,-39,-38,-37,-36,-35,-34,-33,-32,-31,-30,-29,-28,-27,-26,-25,-24,-23,-22,-21,-20,-19,-18,-17,-16,-15,-14,-13,-12,-11,-10,-9,-8,-7,-6,-5,-4,-3,-2,-1,0],"y":[6.0835503078997135,6.1873359102755785,6.245831321924925,6.238176671788096,6.177175935357809,"",6.200646173208952,6.1063376646488905,6.223255462944508,6.111713128164411,6.293518332764506,6.23100046440959,6.147985411807895,6.242501296103001,6.199442820623517,6.145991329103708,6.187805011868477,6.066918479278684,6.196527874097228,6.136055475100875,"",6.143855217844248,6.246170269325376,"","",6.131509395316243,6.201518004760146,6.268432378768921,6.572019518003799,6.099174779839814,6.3501151581294835,6.439385310746729,6.125590077135712,6.206345219165087,6.204744988121092,6.177183105999575,6.13796700900275,6.04707254099776,6.179851403008797,6.256324877002044,6.1407118889910635,6.126937118999194,"",6.334308588000567,6.0854329299982055,"",6.080781158991158,6.268377532003797,6.044279118999839,6.003823277002084],"yaxis":"y5","type":"scatter","xaxis":"x5","marker":{"size":8},"hoverinfo":"text+x","mode":"lines+markers","showlegend":true},{"line":{"color":"#3e82fc","width":0.5},"name":"gams","text":["7.414656376466155s, 2024-11-05, f46e2fd6","7.518216524273157s, 2024-11-06, 22a1dacb","7.496221549808979s, 2024-11-06, c463632a","7.4072259198874235s, 2024-11-07, 9b1f60e8","7.581696329638362s, 2024-11-07, 952e67bd","s, , ","7.528884636238217s, 2024-11-08, 5e9b0f23","7.4244447238743305s, 2024-11-08, 364e7f11","7.545980084687471s, 2024-11-12, af992895","7.414338571950793s, 2024-11-12, 9db592cf","7.548773147165775s, 2024-11-14, fe3f83fc","7.5647019892930984s, 2024-11-14, b9213cf9","7.472648411989212s, 2024-11-14, 05c5ff21","7.46002527885139s, 2024-11-15, f520b2a1","7.509842559695244s, 2024-11-15, 4d68e769","7.522631963714957s, 2024-11-15, 4bb8c495","7.514542810618877s, 2024-11-15, 180924aa","7.368420548737049s, 2024-11-18, ed495d69","7.42903920263052s, 2024-11-18, 3f21a2de","7.433462768793106s, 2024-11-18, 518b161e","s, , ","7.44898508861661s, 2024-11-19, 9f957ef2","7.558180304244161s, 2024-11-26, 44d9bc3a","s, , ","s, , ","7.307031853124499s, 2024-12-02, d3f0bf56","7.453160395845771s, 2024-12-02, eb8a6b5e","7.546721436083317s, 2024-12-06, 6f36384e","7.420503189001465s, 2024-12-18, 83767d30","7.503964846022427s, 2025-01-14, b2cb3aea","8.111505523789674s, 2025-01-16, b0ab8512","7.4998427936807275s, 2025-01-17, 8c2e6016","7.581709692720324s, 2025-01-21, bd3e4447","7.352377705276012s, 2025-01-28, aa652ca2","7.471692332997918s, 2025-01-30, 095a6ed9","7.524915570000303s, 2025-02-04, 095a6ed9","7.548632802998327s, 2025-02-04, 8a505531","7.331750955992902s, 2025-02-05, 61e28af4","7.376186112000141s, 2025-02-05, cd778c56","7.507234178003273s, 2025-02-05, 95fa211c","7.447121356002754s, 2025-02-06, 272ba634","7.387216070987051s, 2025-02-06, e5d2c785","s, , ","7.395029857001646s, 2025-02-12, e43c0752","7.324909392998961s, 2025-02-12, e316806a","s, , ","7.33608579900465s, 2025-02-13, a3c90c29","7.247623674003989s, 2025-02-13, bb5f993e","7.197486834978918s, 2025-02-15, cc2185b6","7.418808340007672s, 2025-02-19, a16aa013"],"x":[-49,-48,-47,-46,-45,-44,-43,-42,-41,-40,-39,-38,-37,-36,-35,-34,-33,-32,-31,-30,-29,-28,-27,-26,-25,-24,-23,-22,-21,-20,-19,-18,-17,-16,-15,-14,-13,-12,-11,-10,-9,-8,-7,-6,-5,-4,-3,-2,-1,0],"y":[7.414656376466155,7.518216524273157,7.496221549808979,7.4072259198874235,7.581696329638362,"",7.528884636238217,7.4244447238743305,7.545980084687471,7.414338571950793,7.548773147165775,7.5647019892930984,7.472648411989212,7.46002527885139,7.509842559695244,7.522631963714957,7.514542810618877,7.368420548737049,7.42903920263052,7.433462768793106,"",7.44898508861661,7.558180304244161,"","",7.307031853124499,7.453160395845771,7.546721436083317,7.420503189001465,7.503964846022427,8.111505523789674,7.4998427936807275,7.581709692720324,7.352377705276012,7.471692332997918,7.524915570000303,7.548632802998327,7.331750955992902,7.376186112000141,7.507234178003273,7.447121356002754,7.387216070987051,"",7.395029857001646,7.324909392998961,"",7.33608579900465,7.247623674003989,7.197486834978918,7.418808340007672],"yaxis":"y6","type":"scatter","xaxis":"x6","marker":{"size":8},"hoverinfo":"text+x","mode":"lines+markers","showlegend":true}],                        {"template":{"data":{"barpolar":[{"marker":{"line":{"color":"white","width":0.5},"pattern":{"fillmode":"overlay","size":10,"solidity":0.2}},"type":"barpolar"}],"bar":[{"error_x":{"color":"#2a3f5f"},"error_y":{"color":"#2a3f5f"},"marker":{"line":{"color":"white","width":0.5},"pattern":{"fillmode":"overlay","size":10,"solidity":0.2}},"type":"bar"}],"carpet":[{"aaxis":{"endlinecolor":"#2a3f5f","gridcolor":"#C8D4E3","linecolor":"#C8D4E3","minorgridcolor":"#C8D4E3","startlinecolor":"#2a3f5f"},"baxis":{"endlinecolor":"#2a3f5f","gridcolor":"#C8D4E3","linecolor":"#C8D4E3","minorgridcolor":"#C8D4E3","startlinecolor":"#2a3f5f"},"type":"carpet"}],"choropleth":[{"colorbar":{"outlinewidth":0,"ticks":""},"type":"choropleth"}],"contourcarpet":[{"colorbar":{"outlinewidth":0,"ticks":""},"type":"contourcarpet"}],"contour":[{"colorbar":{"outlinewidth":0,"ticks":""},"colorscale":[[0.0,"#0d0887"],[0.1111111111111111,"#46039f"],[0.2222222222222222,"#7201a8"],[0.3333333333333333,"#9c179e"],[0.4444444444444444,"#bd3786"],[0.5555555555555556,"#d8576b"],[0.6666666666666666,"#ed7953"],[0.7777777777777778,"#fb9f3a"],[0.8888888888888888,"#fdca26"],[1.0,"#f0f921"]],"type":"contour"}],"heatmapgl":[{"colorbar":{"outlinewidth":0,"ticks":""},"colorscale":[[0.0,"#0d0887"],[0.1111111111111111,"#46039f"],[0.2222222222222222,"#7201a8"],[0.3333333333333333,"#9c179e"],[0.4444444444444444,"#bd3786"],[0.5555555555555556,"#d8576b"],[0.6666666666666666,"#ed7953"],[0.7777777777777778,"#fb9f3a"],[0.8888888888888888,"#fdca26"],[1.0,"#f0f921"]],"type":"heatmapgl"}],"heatmap":[{"colorbar":{"outlinewidth":0,"ticks":""},"colorscale":[[0.0,"#0d0887"],[0.1111111111111111,"#46039f"],[0.2222222222222222,"#7201a8"],[0.3333333333333333,"#9c179e"],[0.4444444444444444,"#bd3786"],[0.5555555555555556,"#d8576b"],[0.6666666666666666,"#ed7953"],[0.7777777777777778,"#fb9f3a"],[0.8888888888888888,"#fdca26"],[1.0,"#f0f921"]],"type":"heatmap"}],"histogram2dcontour":[{"colorbar":{"outlinewidth":0,"ticks":""},"colorscale":[[0.0,"#0d0887"],[0.1111111111111111,"#46039f"],[0.2222222222222222,"#7201a8"],[0.3333333333333333,"#9c179e"],[0.4444444444444444,"#bd3786"],[0.5555555555555556,"#d8576b"],[0.6666666666666666,"#ed7953"],[0.7777777777777778,"#fb9f3a"],[0.8888888888888888,"#fdca26"],[1.0,"#f0f921"]],"type":"histogram2dcontour"}],"histogram2d":[{"colorbar":{"outlinewidth":0,"ticks":""},"colorscale":[[0.0,"#0d0887"],[0.1111111111111111,"#46039f"],[0.2222222222222222,"#7201a8"],[0.3333333333333333,"#9c179e"],[0.4444444444444444,"#bd3786"],[0.5555555555555556,"#d8576b"],[0.6666666666666666,"#ed7953"],[0.7777777777777778,"#fb9f3a"],[0.8888888888888888,"#fdca26"],[1.0,"#f0f921"]],"type":"histogram2d"}],"histogram":[{"marker":{"pattern":{"fillmode":"overlay","size":10,"solidity":0.2}},"type":"histogram"}],"mesh3d":[{"colorbar":{"outlinewidth":0,"ticks":""},"type":"mesh3d"}],"parcoords":[{"line":{"colorbar":{"outlinewidth":0,"ticks":""}},"type":"parcoords"}],"pie":[{"automargin":true,"type":"pie"}],"scatter3d":[{"line":{"colorbar":{"outlinewidth":0,"ticks":""}},"marker":{"colorbar":{"outlinewidth":0,"ticks":""}},"type":"scatter3d"}],"scattercarpet":[{"marker":{"colorbar":{"outlinewidth":0,"ticks":""}},"type":"scattercarpet"}],"scattergeo":[{"marker":{"colorbar":{"outlinewidth":0,"ticks":""}},"type":"scattergeo"}],"scattergl":[{"marker":{"colorbar":{"outlinewidth":0,"ticks":""}},"type":"scattergl"}],"scattermapbox":[{"marker":{"colorbar":{"outlinewidth":0,"ticks":""}},"type":"scattermapbox"}],"scatterpolargl":[{"marker":{"colorbar":{"outlinewidth":0,"ticks":""}},"type":"scatterpolargl"}],"scatterpolar":[{"marker":{"colorbar":{"outlinewidth":0,"ticks":""}},"type":"scatterpolar"}],"scatter":[{"fillpattern":{"fillmode":"overlay","size":10,"solidity":0.2},"type":"scatter"}],"scatterternary":[{"marker":{"colorbar":{"outlinewidth":0,"ticks":""}},"type":"scatterternary"}],"surface":[{"colorbar":{"outlinewidth":0,"ticks":""},"colorscale":[[0.0,"#0d0887"],[0.1111111111111111,"#46039f"],[0.2222222222222222,"#7201a8"],[0.3333333333333333,"#9c179e"],[0.4444444444444444,"#bd3786"],[0.5555555555555556,"#d8576b"],[0.6666666666666666,"#ed7953"],[0.7777777777777778,"#fb9f3a"],[0.8888888888888888,"#fdca26"],[1.0,"#f0f921"]],"type":"surface"}],"table":[{"cells":{"fill":{"color":"#EBF0F8"},"line":{"color":"white"}},"header":{"fill":{"color":"#C8D4E3"},"line":{"color":"white"}},"type":"table"}]},"layout":{"annotationdefaults":{"arrowcolor":"#2a3f5f","arrowhead":0,"arrowwidth":1},"autotypenumbers":"strict","coloraxis":{"colorbar":{"outlinewidth":0,"ticks":""}},"colorscale":{"diverging":[[0,"#8e0152"],[0.1,"#c51b7d"],[0.2,"#de77ae"],[0.3,"#f1b6da"],[0.4,"#fde0ef"],[0.5,"#f7f7f7"],[0.6,"#e6f5d0"],[0.7,"#b8e186"],[0.8,"#7fbc41"],[0.9,"#4d9221"],[1,"#276419"]],"sequential":[[0.0,"#0d0887"],[0.1111111111111111,"#46039f"],[0.2222222222222222,"#7201a8"],[0.3333333333333333,"#9c179e"],[0.4444444444444444,"#bd3786"],[0.5555555555555556,"#d8576b"],[0.6666666666666666,"#ed7953"],[0.7777777777777778,"#fb9f3a"],[0.8888888888888888,"#fdca26"],[1.0,"#f0f921"]],"sequentialminus":[[0.0,"#0d0887"],[0.1111111111111111,"#46039f"],[0.2222222222222222,"#7201a8"],[0.3333333333333333,"#9c179e"],[0.4444444444444444,"#bd3786"],[0.5555555555555556,"#d8576b"],[0.6666666666666666,"#ed7953"],[0.7777777777777778,"#fb9f3a"],[0.8888888888888888,"#fdca26"],[1.0,"#f0f921"]]},"colorway":["#636efa","#EF553B","#00cc96","#ab63fa","#FFA15A","#19d3f3","#FF6692","#B6E880","#FF97FF","#FECB52"],"font":{"color":"#2a3f5f"},"geo":{"bgcolor":"white","lakecolor":"white","landcolor":"white","showlakes":true,"showland":true,"subunitcolor":"#C8D4E3"},"hoverlabel":{"align":"left"},"hovermode":"closest","mapbox":{"style":"light"},"paper_bgcolor":"white","plot_bgcolor":"white","polar":{"angularaxis":{"gridcolor":"#EBF0F8","linecolor":"#EBF0F8","ticks":""},"bgcolor":"white","radialaxis":{"gridcolor":"#EBF0F8","linecolor":"#EBF0F8","ticks":""}},"scene":{"xaxis":{"backgroundcolor":"white","gridcolor":"#DFE8F3","gridwidth":2,"linecolor":"#EBF0F8","showbackground":true,"ticks":"","zerolinecolor":"#EBF0F8"},"yaxis":{"backgroundcolor":"white","gridcolor":"#DFE8F3","gridwidth":2,"linecolor":"#EBF0F8","showbackground":true,"ticks":"","zerolinecolor":"#EBF0F8"},"zaxis":{"backgroundcolor":"white","gridcolor":"#DFE8F3","gridwidth":2,"linecolor":"#EBF0F8","showbackground":true,"ticks":"","zerolinecolor":"#EBF0F8"}},"shapedefaults":{"line":{"color":"#2a3f5f"}},"ternary":{"aaxis":{"gridcolor":"#DFE8F3","linecolor":"#A2B1C6","ticks":""},"baxis":{"gridcolor":"#DFE8F3","linecolor":"#A2B1C6","ticks":""},"bgcolor":"white","caxis":{"gridcolor":"#DFE8F3","linecolor":"#A2B1C6","ticks":""}},"title":{"x":0.05},"xaxis":{"automargin":true,"gridcolor":"#EBF0F8","linecolor":"#EBF0F8","ticks":"","title":{"standoff":15},"zerolinecolor":"#EBF0F8","zerolinewidth":2},"yaxis":{"automargin":true,"gridcolor":"#EBF0F8","linecolor":"#EBF0F8","ticks":"","title":{"standoff":15},"zerolinecolor":"#EBF0F8","zerolinewidth":2}}},"xaxis":{"anchor":"y","domain":[0.0,1.0],"autorange":true,"range":[-49,0],"type":"linear","showticklabels":true},"yaxis":{"anchor":"x","domain":[0.0,0.16666666666666666],"tickfont":{"color":"#ff0789","size":9},"autorange":true,"fixedrange":false,"mirror":true,"showline":true,"side":"left","tickmode":"auto","ticks":"","tickson":"boundaries","type":"linear","zeroline":false,"automargin":false},"xaxis2":{"anchor":"y2","domain":[0.0,1.0],"showticklabels":false},"yaxis2":{"anchor":"x","domain":[0.16666666666666666,0.3333333333333333],"tickfont":{"color":"#966ebd","size":9},"autorange":true,"fixedrange":false,"mirror":true,"showline":true,"side":"left","tickmode":"auto","ticks":"","tickson":"boundaries","type":"linear","zeroline":false},"xaxis3":{"anchor":"y3","domain":[0.0,1.0],"showticklabels":false},"yaxis3":{"anchor":"x","domain":[0.3333333333333333,0.5],"tickfont":{"color":"#ad900d","size":9},"autorange":true,"fixedrange":false,"mirror":true,"showline":true,"side":"left","tickmode":"auto","ticks":"","tickson":"boundaries","type":"linear","zeroline":false},"xaxis4":{"anchor":"y4","domain":[0.0,1.0],"showticklabels":false},"yaxis4":{"anchor":"x","domain":[0.5,0.6666666666666666],"tickfont":{"color":"#009337","size":9},"autorange":true,"fixedrange":false,"mirror":true,"showline":true,"side":"left","tickmode":"auto","ticks":"","tickson":"boundaries","type":"linear","zeroline":false},"xaxis5":{"anchor":"y5","domain":[0.0,1.0],"showticklabels":false},"yaxis5":{"anchor":"x","domain":[0.6666666666666666,0.8333333333333333],"tickfont":{"color":"#850e04","size":9},"autorange":true,"fixedrange":false,"mirror":true,"showline":true,"side":"left","tickmode":"auto","ticks":"","tickson":"boundaries","type":"linear","zeroline":false},"xaxis6":{"anchor":"y6","domain":[0.0,1.0],"showticklabels":false},"yaxis6":{"anchor":"x","domain":[0.8333333333333333,1.0],"tickfont":{"color":"#3e82fc","size":9},"autorange":true,"fixedrange":false,"mirror":true,"showline":true,"side":"left","tickmode":"auto","ticks":"","tickson":"boundaries","type":"linear","zeroline":false},"xaxis7":{"anchor":"y7","domain":[0.0,1.0],"showticklabels":false},"yaxis7":{"anchor":"x","domain":[1,1],"tickfont":{"color":"#fe420f","size":9},"autorange":true,"fixedrange":false,"mirror":true,"showline":true,"side":"left","tickmode":"auto","ticks":"","tickson":"boundaries","type":"linear","zeroline":false},"xaxis8":{"anchor":"y8","domain":[0.0,1.0],"showticklabels":false},"yaxis8":{"anchor":"x","domain":[1,1],"tickfont":{"color":"#fe828c","size":9},"autorange":true,"fixedrange":false,"mirror":true,"showline":true,"side":"left","tickmode":"auto","ticks":"","tickson":"boundaries","type":"linear","zeroline":false},"yaxis9":{"anchor":"x","autorange":true,"fixedrange":false,"domain":[1,1],"mirror":true,"showline":true,"side":"left","tickfont":{"color":"#85a3b2","size":9},"tickmode":"auto","ticks":"","tickson":"boundaries","type":"linear","zeroline":false},"yaxis10":{"anchor":"x","autorange":true,"fixedrange":false,"domain":[1,1],"mirror":true,"showline":true,"side":"left","tickfont":{"color":"#f0833a","size":9},"tickmode":"auto","ticks":"","tickson":"boundaries","type":"linear","zeroline":false},"legend":{"traceorder":"reversed","yanchor":"top","y":0.99,"xanchor":"left"},"margin":{"t":50,"b":50},"title":{"text":"Python = python-cython-3.10, Problem = TestModels_test_uc_20140901_expected"},"dragmode":"zoom","hovermode":"x","height":900,"shapes":[{"line":{"color":"green","dash":"longdash","width":2},"type":"line","x0":-39,"x1":-39,"xref":"x","y0":0,"y1":1,"yref":"paper"}],"annotations":[{"text":"3.10.15    ","x":-39}]},                        {"responsive": true}                    )                };                            </script>        </div>
</body>
</html>