<html>
<head><meta charset="utf-8" /></head>
<body>
    <div>                        <script type="text/javascript">window.PlotlyConfig = {MathJaxConfig: 'local'};</script>
        <script charset="utf-8" src="https://cdn.plot.ly/plotly-2.26.0.min.js"></script>                <div id="485d62a2-8bb7-40d1-a8d4-9804c3ccc9f1" class="plotly-graph-div" style="height:900px; width:100%;"></div>            <script type="text/javascript">                                    window.PLOTLYENV=window.PLOTLYENV || {};                                    if (document.getElementById("485d62a2-8bb7-40d1-a8d4-9804c3ccc9f1")) {                    Plotly.newPlot(                        "485d62a2-8bb7-40d1-a8d4-9804c3ccc9f1",                        [{"line":{"color":"#ff0789","width":0.5},"name":"create_instance","text":["11.943373455666006s, 2023-08-10, 176015b4","s, , ","11.490474993363023s, 2023-08-14, 3b3b7e7c","11.537095778621733s, 2023-08-15, 1cb37aab","11.26715484354645s, 2023-08-17, 99dc0f17","11.360439865849912s, 2023-08-21, c569b780","11.046410725452006s, 2023-08-23, 91a31d0f","11.439133496955037s, 2023-08-23, 9a5ef6b0","11.089375389739871s, 2023-08-23, 5a563434","11.309954345226288s, 2023-08-24, 751392ba","11.112857962027192s, 2023-08-24, ee93edc8","11.360137787647545s, 2023-08-25, 8fe1b227","11.179544967599213s, 2023-08-25, a6834b14","11.2171640265733s, 2023-08-31, 62037442","11.259167570620775s, 2023-08-31, 17643361","11.406305505894125s, 2023-08-31, a8c8f098","11.30906702298671s, 2023-08-31, 39f95bc2","12.574090889655054s, 2023-09-05, 0e0f0cdd","11.230274280533195s, 2023-09-12, 376a2f78","10.941482158377767s, 2023-09-18, c471729e","11.166680488735437s, 2023-09-19, 1f9b35f2","11.3833081535995s, 2023-09-19, 6bdbb5d7","11.38154212757945s, 2023-09-22, caefb87e","11.197622370906174s, 2023-09-24, bdbcb31b","11.204532286152244s, 2023-09-25, ec5c7d02","11.198102032765746s, 2023-10-03, 394e0820","16.99041453190148s, 2023-10-04, eb2628e0","11.116522163152695s, 2023-10-09, 8156fd41","11.563956901431084s, 2023-10-10, f8e234f0","s, , ","s, , ","s, , ","s, , ","s, , ","s, , ","s, , ","s, , ","s, , ","s, , ","s, , ","s, , ","s, , ","s, , ","s, , ","s, , ","s, , ","s, , ","s, , ","s, , ","s, , "],"x":[-49,-48,-47,-46,-45,-44,-43,-42,-41,-40,-39,-38,-37,-36,-35,-34,-33,-32,-31,-30,-29,-28,-27,-26,-25,-24,-23,-22,-21,-20,-19,-18,-17,-16,-15,-14,-13,-12,-11,-10,-9,-8,-7,-6,-5,-4,-3,-2,-1,0],"y":[11.943373455666006,"",11.490474993363023,11.537095778621733,11.26715484354645,11.360439865849912,11.046410725452006,11.439133496955037,11.089375389739871,11.309954345226288,11.112857962027192,11.360137787647545,11.179544967599213,11.2171640265733,11.259167570620775,11.406305505894125,11.30906702298671,12.574090889655054,11.230274280533195,10.941482158377767,11.166680488735437,11.3833081535995,11.38154212757945,11.197622370906174,11.204532286152244,11.198102032765746,16.99041453190148,11.116522163152695,11.563956901431084,"","","","","","","","","","","","","","","","","","","","",""],"yaxis":"y","type":"scatter","xaxis":"x","marker":{"size":8},"hoverinfo":"text+x","mode":"lines+markers","showlegend":true},{"line":{"color":"#966ebd","width":0.5},"name":"nl","text":["10.446675925515592s, 2023-08-10, 176015b4","s, , ","10.342722523957491s, 2023-08-14, 3b3b7e7c","10.366792419925332s, 2023-08-15, 1cb37aab","10.069252227433026s, 2023-08-17, 99dc0f17","10.019699033349752s, 2023-08-21, c569b780","10.005085526965559s, 2023-08-23, 91a31d0f","9.82742943521589s, 2023-08-23, 9a5ef6b0","9.724400096572936s, 2023-08-23, 5a563434","9.661829193122685s, 2023-08-24, 751392ba","9.664497927762568s, 2023-08-24, ee93edc8","9.696270138025284s, 2023-08-25, 8fe1b227","9.754371700808406s, 2023-08-25, a6834b14","9.709743252024055s, 2023-08-31, 62037442","9.606190633028746s, 2023-08-31, 17643361","9.703694853931665s, 2023-08-31, a8c8f098","9.914184093475342s, 2023-08-31, 39f95bc2","9.710170201957226s, 2023-09-05, 0e0f0cdd","9.846328395418823s, 2023-09-12, 376a2f78","9.728235802613199s, 2023-09-18, c471729e","9.725969180464745s, 2023-09-19, 1f9b35f2","9.716161855496466s, 2023-09-19, 6bdbb5d7","9.741199992597103s, 2023-09-22, caefb87e","9.642551183700562s, 2023-09-24, bdbcb31b","9.795427047647536s, 2023-09-25, ec5c7d02","9.735121158882976s, 2023-10-03, 394e0820","14.02742274850607s, 2023-10-04, eb2628e0","9.940096721053123s, 2023-10-09, 8156fd41","9.719814885407686s, 2023-10-10, f8e234f0","s, , ","s, , ","s, , ","s, , ","s, , ","s, , ","s, , ","s, , ","s, , ","s, , ","s, , ","s, , ","s, , ","s, , ","s, , ","s, , ","s, , ","s, , ","s, , ","s, , ","s, , "],"x":[-49,-48,-47,-46,-45,-44,-43,-42,-41,-40,-39,-38,-37,-36,-35,-34,-33,-32,-31,-30,-29,-28,-27,-26,-25,-24,-23,-22,-21,-20,-19,-18,-17,-16,-15,-14,-13,-12,-11,-10,-9,-8,-7,-6,-5,-4,-3,-2,-1,0],"y":[10.446675925515592,"",10.342722523957491,10.366792419925332,10.069252227433026,10.019699033349752,10.005085526965559,9.82742943521589,9.724400096572936,9.661829193122685,9.664497927762568,9.696270138025284,9.754371700808406,9.709743252024055,9.606190633028746,9.703694853931665,9.914184093475342,9.710170201957226,9.846328395418823,9.728235802613199,9.725969180464745,9.716161855496466,9.741199992597103,9.642551183700562,9.795427047647536,9.735121158882976,14.02742274850607,9.940096721053123,9.719814885407686,"","","","","","","","","","","","","","","","","","","","",""],"yaxis":"y2","type":"scatter","xaxis":"x2","marker":{"size":8},"hoverinfo":"text+x","mode":"lines+markers","showlegend":true},{"line":{"color":"#ad900d","width":0.5},"name":"lp","text":["11.612058366648853s, 2023-08-10, 176015b4","s, , ","11.547680736519396s, 2023-08-14, 3b3b7e7c","11.635591459460557s, 2023-08-15, 1cb37aab","11.546880135312676s, 2023-08-17, 99dc0f17","10.909655866213143s, 2023-08-21, c569b780","11.025234592147171s, 2023-08-23, 91a31d0f","10.961247358471155s, 2023-08-23, 9a5ef6b0","10.990255896933377s, 2023-08-23, 5a563434","10.9681237898767s, 2023-08-24, 751392ba","10.909528527408838s, 2023-08-24, ee93edc8","11.116204557009041s, 2023-08-25, 8fe1b227","10.957343604415655s, 2023-08-25, a6834b14","10.904317918233573s, 2023-08-31, 62037442","10.891705812886357s, 2023-08-31, 17643361","10.947569409385324s, 2023-08-31, a8c8f098","11.019973476417363s, 2023-08-31, 39f95bc2","10.884016659110785s, 2023-09-05, 0e0f0cdd","11.001751347444952s, 2023-09-12, 376a2f78","10.82050015591085s, 2023-09-18, c471729e","10.973290855064988s, 2023-09-19, 1f9b35f2","10.841215955093503s, 2023-09-19, 6bdbb5d7","10.862592415884137s, 2023-09-22, caefb87e","10.938974052667618s, 2023-09-24, bdbcb31b","11.05395188741386s, 2023-09-25, ec5c7d02","10.898336032405496s, 2023-10-03, 394e0820","16.136584358289838s, 2023-10-04, eb2628e0","10.99433490820229s, 2023-10-09, 8156fd41","10.795468389987946s, 2023-10-10, f8e234f0","s, , ","s, , ","s, , ","s, , ","s, , ","s, , ","s, , ","s, , ","s, , ","s, , ","s, , ","s, , ","s, , ","s, , ","s, , ","s, , ","s, , ","s, , ","s, , ","s, , ","s, , "],"x":[-49,-48,-47,-46,-45,-44,-43,-42,-41,-40,-39,-38,-37,-36,-35,-34,-33,-32,-31,-30,-29,-28,-27,-26,-25,-24,-23,-22,-21,-20,-19,-18,-17,-16,-15,-14,-13,-12,-11,-10,-9,-8,-7,-6,-5,-4,-3,-2,-1,0],"y":[11.612058366648853,"",11.547680736519396,11.635591459460557,11.546880135312676,10.909655866213143,11.025234592147171,10.961247358471155,10.990255896933377,10.9681237898767,10.909528527408838,11.116204557009041,10.957343604415655,10.904317918233573,10.891705812886357,10.947569409385324,11.019973476417363,10.884016659110785,11.001751347444952,10.82050015591085,10.973290855064988,10.841215955093503,10.862592415884137,10.938974052667618,11.05395188741386,10.898336032405496,16.136584358289838,10.99433490820229,10.795468389987946,"","","","","","","","","","","","","","","","","","","","",""],"yaxis":"y3","type":"scatter","xaxis":"x3","marker":{"size":8},"hoverinfo":"text+x","mode":"lines+markers","showlegend":true},{"line":{"color":"#009337","width":0.5},"name":"bar","text":["17.298772572539747s, 2023-08-10, 176015b4","s, , ","16.912814216688275s, 2023-08-14, 3b3b7e7c","17.052713035605848s, 2023-08-15, 1cb37aab","16.41234518494457s, 2023-08-17, 99dc0f17","16.449816344305873s, 2023-08-21, c569b780","16.21714045573026s, 2023-08-23, 91a31d0f","16.38159802928567s, 2023-08-23, 9a5ef6b0","16.253129265271127s, 2023-08-23, 5a563434","16.418044188059866s, 2023-08-24, 751392ba","16.110468643717468s, 2023-08-24, ee93edc8","16.135376288555562s, 2023-08-25, 8fe1b227","16.30779105424881s, 2023-08-25, a6834b14","16.31513448432088s, 2023-08-31, 62037442","16.342719059437513s, 2023-08-31, 17643361","16.08431137446314s, 2023-08-31, a8c8f098","16.29458017926663s, 2023-08-31, 39f95bc2","16.264382276684046s, 2023-09-05, 0e0f0cdd","16.146758309565485s, 2023-09-12, 376a2f78","16.257891363464296s, 2023-09-18, c471729e","16.237646373920143s, 2023-09-19, 1f9b35f2","16.301836961880326s, 2023-09-19, 6bdbb5d7","16.2957707894966s, 2023-09-22, caefb87e","16.337033867836s, 2023-09-24, bdbcb31b","16.182162416167557s, 2023-09-25, ec5c7d02","16.090894682332873s, 2023-10-03, 394e0820","22.074190586805344s, 2023-10-04, eb2628e0","16.02842021919787s, 2023-10-09, 8156fd41","15.676243154332042s, 2023-10-10, f8e234f0","s, , ","s, , ","s, , ","s, , ","s, , ","s, , ","s, , ","s, , ","s, , ","s, , ","s, , ","s, , ","s, , ","s, , ","s, , ","s, , ","s, , ","s, , ","s, , ","s, , ","s, , "],"x":[-49,-48,-47,-46,-45,-44,-43,-42,-41,-40,-39,-38,-37,-36,-35,-34,-33,-32,-31,-30,-29,-28,-27,-26,-25,-24,-23,-22,-21,-20,-19,-18,-17,-16,-15,-14,-13,-12,-11,-10,-9,-8,-7,-6,-5,-4,-3,-2,-1,0],"y":[17.298772572539747,"",16.912814216688275,17.052713035605848,16.41234518494457,16.449816344305873,16.21714045573026,16.38159802928567,16.253129265271127,16.418044188059866,16.110468643717468,16.135376288555562,16.30779105424881,16.31513448432088,16.342719059437513,16.08431137446314,16.29458017926663,16.264382276684046,16.146758309565485,16.257891363464296,16.237646373920143,16.301836961880326,16.2957707894966,16.337033867836,16.182162416167557,16.090894682332873,22.074190586805344,16.02842021919787,15.676243154332042,"","","","","","","","","","","","","","","","","","","","",""],"yaxis":"y4","type":"scatter","xaxis":"x4","marker":{"size":8},"hoverinfo":"text+x","mode":"lines+markers","showlegend":true},{"line":{"color":"#850e04","width":0.5},"name":"gams","text":["23.833252392709255s, 2023-08-10, 176015b4","s, , ","23.28703723847866s, 2023-08-14, 3b3b7e7c","23.299402991309762s, 2023-08-15, 1cb37aab","22.5384808043018s, 2023-08-17, 99dc0f17","22.556930732913315s, 2023-08-21, c569b780","21.97791819088161s, 2023-08-23, 91a31d0f","22.454384186305106s, 2023-08-23, 9a5ef6b0","22.262351095676422s, 2023-08-23, 5a563434","22.417798093520105s, 2023-08-24, 751392ba","22.290628170594573s, 2023-08-24, ee93edc8","22.26576783694327s, 2023-08-25, 8fe1b227","22.406075430102646s, 2023-08-25, a6834b14","22.373582513071597s, 2023-08-31, 62037442","22.172818987630308s, 2023-08-31, 17643361","22.238207891583443s, 2023-08-31, a8c8f098","22.202910085208714s, 2023-08-31, 39f95bc2","22.311435245908797s, 2023-09-05, 0e0f0cdd","22.373221658170223s, 2023-09-12, 376a2f78","22.133148583583534s, 2023-09-18, c471729e","22.448350192047656s, 2023-09-19, 1f9b35f2","22.09621470142156s, 2023-09-19, 6bdbb5d7","22.16099320910871s, 2023-09-22, caefb87e","22.04760724119842s, 2023-09-24, bdbcb31b","22.17561750486493s, 2023-09-25, ec5c7d02","22.253572572022676s, 2023-10-03, 394e0820","28.621694831177592s, 2023-10-04, eb2628e0","21.97308133356273s, 2023-10-09, 8156fd41","21.829713869839907s, 2023-10-10, f8e234f0","s, , ","s, , ","s, , ","s, , ","s, , ","s, , ","s, , ","s, , ","s, , ","s, , ","s, , ","s, , ","s, , ","s, , ","s, , ","s, , ","s, , ","s, , ","s, , ","s, , ","s, , "],"x":[-49,-48,-47,-46,-45,-44,-43,-42,-41,-40,-39,-38,-37,-36,-35,-34,-33,-32,-31,-30,-29,-28,-27,-26,-25,-24,-23,-22,-21,-20,-19,-18,-17,-16,-15,-14,-13,-12,-11,-10,-9,-8,-7,-6,-5,-4,-3,-2,-1,0],"y":[23.833252392709255,"",23.28703723847866,23.299402991309762,22.5384808043018,22.556930732913315,21.97791819088161,22.454384186305106,22.262351095676422,22.417798093520105,22.290628170594573,22.26576783694327,22.406075430102646,22.373582513071597,22.172818987630308,22.238207891583443,22.202910085208714,22.311435245908797,22.373221658170223,22.133148583583534,22.448350192047656,22.09621470142156,22.16099320910871,22.04760724119842,22.17561750486493,22.253572572022676,28.621694831177592,21.97308133356273,21.829713869839907,"","","","","","","","","","","","","","","","","","","","",""],"yaxis":"y5","type":"scatter","xaxis":"x5","marker":{"size":8},"hoverinfo":"text+x","mode":"lines+markers","showlegend":true},{"line":{"color":"#3e82fc","width":0.5},"name":"test_time","text":["81.16320048179477s, 2023-08-10, 176015b4","s, , ","79.47412537410855s, 2023-08-14, 3b3b7e7c","79.83552651666105s, 2023-08-15, 1cb37aab","77.72027123440057s, 2023-08-17, 99dc0f17","77.23678547795862s, 2023-08-21, c569b780","76.21719545684755s, 2023-08-23, 91a31d0f","76.98694794531912s, 2023-08-23, 9a5ef6b0","76.19992760755122s, 2023-08-23, 5a563434","76.65969214402139s, 2023-08-24, 751392ba","76.03290120419115s, 2023-08-24, ee93edc8","76.52181762456894s, 2023-08-25, 8fe1b227","76.5083077289164s, 2023-08-25, a6834b14","76.43607607390732s, 2023-08-31, 62037442","76.16965075675398s, 2023-08-31, 17643361","76.27977236453444s, 2023-08-31, a8c8f098","76.67794767022133s, 2023-08-31, 39f95bc2","77.62864199560136s, 2023-09-05, 0e0f0cdd","76.54038104880601s, 2023-09-12, 376a2f78","75.76523963268846s, 2023-09-18, c471729e","76.43602207209915s, 2023-09-19, 1f9b35f2","76.20692005008459s, 2023-09-19, 6bdbb5d7","76.36433439236134s, 2023-09-22, caefb87e","76.04682344198227s, 2023-09-24, bdbcb31b","76.28365032188594s, 2023-09-25, ec5c7d02","76.07364822365344s, 2023-10-03, 394e0820","104.90360627882183s, 2023-10-04, eb2628e0","75.91730903461576s, 2023-10-09, 8156fd41","75.45533424988389s, 2023-10-10, f8e234f0","s, , ","s, , ","s, , ","s, , ","s, , ","s, , ","s, , ","s, , ","s, , ","s, , ","s, , ","s, , ","s, , ","s, , ","s, , ","s, , ","s, , ","s, , ","s, , ","s, , ","s, , "],"x":[-49,-48,-47,-46,-45,-44,-43,-42,-41,-40,-39,-38,-37,-36,-35,-34,-33,-32,-31,-30,-29,-28,-27,-26,-25,-24,-23,-22,-21,-20,-19,-18,-17,-16,-15,-14,-13,-12,-11,-10,-9,-8,-7,-6,-5,-4,-3,-2,-1,0],"y":[81.16320048179477,"",79.47412537410855,79.83552651666105,77.72027123440057,77.23678547795862,76.21719545684755,76.98694794531912,76.19992760755122,76.65969214402139,76.03290120419115,76.52181762456894,76.5083077289164,76.43607607390732,76.16965075675398,76.27977236453444,76.67794767022133,77.62864199560136,76.54038104880601,75.76523963268846,76.43602207209915,76.20692005008459,76.36433439236134,76.04682344198227,76.28365032188594,76.07364822365344,104.90360627882183,75.91730903461576,75.45533424988389,"","","","","","","","","","","","","","","","","","","","",""],"yaxis":"y6","type":"scatter","xaxis":"x6","marker":{"size":8},"hoverinfo":"text+x","mode":"lines+markers","showlegend":true}],                        {"template":{"data":{"barpolar":[{"marker":{"line":{"color":"white","width":0.5},"pattern":{"fillmode":"overlay","size":10,"solidity":0.2}},"type":"barpolar"}],"bar":[{"error_x":{"color":"#2a3f5f"},"error_y":{"color":"#2a3f5f"},"marker":{"line":{"color":"white","width":0.5},"pattern":{"fillmode":"overlay","size":10,"solidity":0.2}},"type":"bar"}],"carpet":[{"aaxis":{"endlinecolor":"#2a3f5f","gridcolor":"#C8D4E3","linecolor":"#C8D4E3","minorgridcolor":"#C8D4E3","startlinecolor":"#2a3f5f"},"baxis":{"endlinecolor":"#2a3f5f","gridcolor":"#C8D4E3","linecolor":"#C8D4E3","minorgridcolor":"#C8D4E3","startlinecolor":"#2a3f5f"},"type":"carpet"}],"choropleth":[{"colorbar":{"outlinewidth":0,"ticks":""},"type":"choropleth"}],"contourcarpet":[{"colorbar":{"outlinewidth":0,"ticks":""},"type":"contourcarpet"}],"contour":[{"colorbar":{"outlinewidth":0,"ticks":""},"colorscale":[[0.0,"#0d0887"],[0.1111111111111111,"#46039f"],[0.2222222222222222,"#7201a8"],[0.3333333333333333,"#9c179e"],[0.4444444444444444,"#bd3786"],[0.5555555555555556,"#d8576b"],[0.6666666666666666,"#ed7953"],[0.7777777777777778,"#fb9f3a"],[0.8888888888888888,"#fdca26"],[1.0,"#f0f921"]],"type":"contour"}],"heatmapgl":[{"colorbar":{"outlinewidth":0,"ticks":""},"colorscale":[[0.0,"#0d0887"],[0.1111111111111111,"#46039f"],[0.2222222222222222,"#7201a8"],[0.3333333333333333,"#9c179e"],[0.4444444444444444,"#bd3786"],[0.5555555555555556,"#d8576b"],[0.6666666666666666,"#ed7953"],[0.7777777777777778,"#fb9f3a"],[0.8888888888888888,"#fdca26"],[1.0,"#f0f921"]],"type":"heatmapgl"}],"heatmap":[{"colorbar":{"outlinewidth":0,"ticks":""},"colorscale":[[0.0,"#0d0887"],[0.1111111111111111,"#46039f"],[0.2222222222222222,"#7201a8"],[0.3333333333333333,"#9c179e"],[0.4444444444444444,"#bd3786"],[0.5555555555555556,"#d8576b"],[0.6666666666666666,"#ed7953"],[0.7777777777777778,"#fb9f3a"],[0.8888888888888888,"#fdca26"],[1.0,"#f0f921"]],"type":"heatmap"}],"histogram2dcontour":[{"colorbar":{"outlinewidth":0,"ticks":""},"colorscale":[[0.0,"#0d0887"],[0.1111111111111111,"#46039f"],[0.2222222222222222,"#7201a8"],[0.3333333333333333,"#9c179e"],[0.4444444444444444,"#bd3786"],[0.5555555555555556,"#d8576b"],[0.6666666666666666,"#ed7953"],[0.7777777777777778,"#fb9f3a"],[0.8888888888888888,"#fdca26"],[1.0,"#f0f921"]],"type":"histogram2dcontour"}],"histogram2d":[{"colorbar":{"outlinewidth":0,"ticks":""},"colorscale":[[0.0,"#0d0887"],[0.1111111111111111,"#46039f"],[0.2222222222222222,"#7201a8"],[0.3333333333333333,"#9c179e"],[0.4444444444444444,"#bd3786"],[0.5555555555555556,"#d8576b"],[0.6666666666666666,"#ed7953"],[0.7777777777777778,"#fb9f3a"],[0.8888888888888888,"#fdca26"],[1.0,"#f0f921"]],"type":"histogram2d"}],"histogram":[{"marker":{"pattern":{"fillmode":"overlay","size":10,"solidity":0.2}},"type":"histogram"}],"mesh3d":[{"colorbar":{"outlinewidth":0,"ticks":""},"type":"mesh3d"}],"parcoords":[{"line":{"colorbar":{"outlinewidth":0,"ticks":""}},"type":"parcoords"}],"pie":[{"automargin":true,"type":"pie"}],"scatter3d":[{"line":{"colorbar":{"outlinewidth":0,"ticks":""}},"marker":{"colorbar":{"outlinewidth":0,"ticks":""}},"type":"scatter3d"}],"scattercarpet":[{"marker":{"colorbar":{"outlinewidth":0,"ticks":""}},"type":"scattercarpet"}],"scattergeo":[{"marker":{"colorbar":{"outlinewidth":0,"ticks":""}},"type":"scattergeo"}],"scattergl":[{"marker":{"colorbar":{"outlinewidth":0,"ticks":""}},"type":"scattergl"}],"scattermapbox":[{"marker":{"colorbar":{"outlinewidth":0,"ticks":""}},"type":"scattermapbox"}],"scatterpolargl":[{"marker":{"colorbar":{"outlinewidth":0,"ticks":""}},"type":"scatterpolargl"}],"scatterpolar":[{"marker":{"colorbar":{"outlinewidth":0,"ticks":""}},"type":"scatterpolar"}],"scatter":[{"fillpattern":{"fillmode":"overlay","size":10,"solidity":0.2},"type":"scatter"}],"scatterternary":[{"marker":{"colorbar":{"outlinewidth":0,"ticks":""}},"type":"scatterternary"}],"surface":[{"colorbar":{"outlinewidth":0,"ticks":""},"colorscale":[[0.0,"#0d0887"],[0.1111111111111111,"#46039f"],[0.2222222222222222,"#7201a8"],[0.3333333333333333,"#9c179e"],[0.4444444444444444,"#bd3786"],[0.5555555555555556,"#d8576b"],[0.6666666666666666,"#ed7953"],[0.7777777777777778,"#fb9f3a"],[0.8888888888888888,"#fdca26"],[1.0,"#f0f921"]],"type":"surface"}],"table":[{"cells":{"fill":{"color":"#EBF0F8"},"line":{"color":"white"}},"header":{"fill":{"color":"#C8D4E3"},"line":{"color":"white"}},"type":"table"}]},"layout":{"annotationdefaults":{"arrowcolor":"#2a3f5f","arrowhead":0,"arrowwidth":1},"autotypenumbers":"strict","coloraxis":{"colorbar":{"outlinewidth":0,"ticks":""}},"colorscale":{"diverging":[[0,"#8e0152"],[0.1,"#c51b7d"],[0.2,"#de77ae"],[0.3,"#f1b6da"],[0.4,"#fde0ef"],[0.5,"#f7f7f7"],[0.6,"#e6f5d0"],[0.7,"#b8e186"],[0.8,"#7fbc41"],[0.9,"#4d9221"],[1,"#276419"]],"sequential":[[0.0,"#0d0887"],[0.1111111111111111,"#46039f"],[0.2222222222222222,"#7201a8"],[0.3333333333333333,"#9c179e"],[0.4444444444444444,"#bd3786"],[0.5555555555555556,"#d8576b"],[0.6666666666666666,"#ed7953"],[0.7777777777777778,"#fb9f3a"],[0.8888888888888888,"#fdca26"],[1.0,"#f0f921"]],"sequentialminus":[[0.0,"#0d0887"],[0.1111111111111111,"#46039f"],[0.2222222222222222,"#7201a8"],[0.3333333333333333,"#9c179e"],[0.4444444444444444,"#bd3786"],[0.5555555555555556,"#d8576b"],[0.6666666666666666,"#ed7953"],[0.7777777777777778,"#fb9f3a"],[0.8888888888888888,"#fdca26"],[1.0,"#f0f921"]]},"colorway":["#636efa","#EF553B","#00cc96","#ab63fa","#FFA15A","#19d3f3","#FF6692","#B6E880","#FF97FF","#FECB52"],"font":{"color":"#2a3f5f"},"geo":{"bgcolor":"white","lakecolor":"white","landcolor":"white","showlakes":true,"showland":true,"subunitcolor":"#C8D4E3"},"hoverlabel":{"align":"left"},"hovermode":"closest","mapbox":{"style":"light"},"paper_bgcolor":"white","plot_bgcolor":"white","polar":{"angularaxis":{"gridcolor":"#EBF0F8","linecolor":"#EBF0F8","ticks":""},"bgcolor":"white","radialaxis":{"gridcolor":"#EBF0F8","linecolor":"#EBF0F8","ticks":""}},"scene":{"xaxis":{"backgroundcolor":"white","gridcolor":"#DFE8F3","gridwidth":2,"linecolor":"#EBF0F8","showbackground":true,"ticks":"","zerolinecolor":"#EBF0F8"},"yaxis":{"backgroundcolor":"white","gridcolor":"#DFE8F3","gridwidth":2,"linecolor":"#EBF0F8","showbackground":true,"ticks":"","zerolinecolor":"#EBF0F8"},"zaxis":{"backgroundcolor":"white","gridcolor":"#DFE8F3","gridwidth":2,"linecolor":"#EBF0F8","showbackground":true,"ticks":"","zerolinecolor":"#EBF0F8"}},"shapedefaults":{"line":{"color":"#2a3f5f"}},"ternary":{"aaxis":{"gridcolor":"#DFE8F3","linecolor":"#A2B1C6","ticks":""},"baxis":{"gridcolor":"#DFE8F3","linecolor":"#A2B1C6","ticks":""},"bgcolor":"white","caxis":{"gridcolor":"#DFE8F3","linecolor":"#A2B1C6","ticks":""}},"title":{"x":0.05},"xaxis":{"automargin":true,"gridcolor":"#EBF0F8","linecolor":"#EBF0F8","ticks":"","title":{"standoff":15},"zerolinecolor":"#EBF0F8","zerolinewidth":2},"yaxis":{"automargin":true,"gridcolor":"#EBF0F8","linecolor":"#EBF0F8","ticks":"","title":{"standoff":15},"zerolinecolor":"#EBF0F8","zerolinewidth":2}}},"xaxis":{"anchor":"y","domain":[0.0,1.0],"autorange":true,"range":[-49,0],"type":"linear","showticklabels":true},"yaxis":{"anchor":"x","domain":[0.0,0.16666666666666666],"tickfont":{"color":"#ff0789","size":9},"autorange":true,"fixedrange":false,"mirror":true,"showline":true,"side":"left","tickmode":"auto","ticks":"","tickson":"boundaries","type":"linear","zeroline":false,"automargin":false},"xaxis2":{"anchor":"y2","domain":[0.0,1.0],"showticklabels":false},"yaxis2":{"anchor":"x","domain":[0.16666666666666666,0.3333333333333333],"tickfont":{"color":"#966ebd","size":9},"autorange":true,"fixedrange":false,"mirror":true,"showline":true,"side":"left","tickmode":"auto","ticks":"","tickson":"boundaries","type":"linear","zeroline":false},"xaxis3":{"anchor":"y3","domain":[0.0,1.0],"showticklabels":false},"yaxis3":{"anchor":"x","domain":[0.3333333333333333,0.5],"tickfont":{"color":"#ad900d","size":9},"autorange":true,"fixedrange":false,"mirror":true,"showline":true,"side":"left","tickmode":"auto","ticks":"","tickson":"boundaries","type":"linear","zeroline":false},"xaxis4":{"anchor":"y4","domain":[0.0,1.0],"showticklabels":false},"yaxis4":{"anchor":"x","domain":[0.5,0.6666666666666666],"tickfont":{"color":"#009337","size":9},"autorange":true,"fixedrange":false,"mirror":true,"showline":true,"side":"left","tickmode":"auto","ticks":"","tickson":"boundaries","type":"linear","zeroline":false},"xaxis5":{"anchor":"y5","domain":[0.0,1.0],"showticklabels":false},"yaxis5":{"anchor":"x","domain":[0.6666666666666666,0.8333333333333333],"tickfont":{"color":"#850e04","size":9},"autorange":true,"fixedrange":false,"mirror":true,"showline":true,"side":"left","tickmode":"auto","ticks":"","tickson":"boundaries","type":"linear","zeroline":false},"xaxis6":{"anchor":"y6","domain":[0.0,1.0],"showticklabels":false},"yaxis6":{"anchor":"x","domain":[0.8333333333333333,1.0],"tickfont":{"color":"#3e82fc","size":9},"autorange":true,"fixedrange":false,"mirror":true,"showline":true,"side":"left","tickmode":"auto","ticks":"","tickson":"boundaries","type":"linear","zeroline":false},"xaxis7":{"anchor":"y7","domain":[0.0,1.0],"showticklabels":false},"yaxis7":{"anchor":"x","domain":[1,1],"tickfont":{"color":"#fe420f","size":9},"autorange":true,"fixedrange":false,"mirror":true,"showline":true,"side":"left","tickmode":"auto","ticks":"","tickson":"boundaries","type":"linear","zeroline":false},"xaxis8":{"anchor":"y8","domain":[0.0,1.0],"showticklabels":false},"yaxis8":{"anchor":"x","domain":[1,1],"tickfont":{"color":"#fe828c","size":9},"autorange":true,"fixedrange":false,"mirror":true,"showline":true,"side":"left","tickmode":"auto","ticks":"","tickson":"boundaries","type":"linear","zeroline":false},"yaxis9":{"anchor":"x","autorange":true,"fixedrange":false,"domain":[1,1],"mirror":true,"showline":true,"side":"left","tickfont":{"color":"#85a3b2","size":9},"tickmode":"auto","ticks":"","tickson":"boundaries","type":"linear","zeroline":false},"yaxis10":{"anchor":"x","autorange":true,"fixedrange":false,"domain":[1,1],"mirror":true,"showline":true,"side":"left","tickfont":{"color":"#f0833a","size":9},"tickmode":"auto","ticks":"","tickson":"boundaries","type":"linear","zeroline":false},"legend":{"traceorder":"reversed","yanchor":"top","y":0.99,"xanchor":"left"},"margin":{"t":50,"b":50},"title":{"text":"Python = python-cython-3.7, Problem = TestModels_test_uc_20140901_expected"},"dragmode":"zoom","hovermode":"x","height":900},                        {"responsive": true}                    )                };                            </script>        </div>
</body>
</html>