<html>
<head><meta charset="utf-8" /></head>
<body>
    <div>                        <script type="text/javascript">window.PlotlyConfig = {MathJaxConfig: 'local'};</script>
        <script charset="utf-8" src="https://cdn.plot.ly/plotly-2.26.0.min.js"></script>                <div id="52db33c0-cb8f-4795-9df4-6d1d76691fce" class="plotly-graph-div" style="height:900px; width:100%;"></div>            <script type="text/javascript">                                    window.PLOTLYENV=window.PLOTLYENV || {};                                    if (document.getElementById("52db33c0-cb8f-4795-9df4-6d1d76691fce")) {                    Plotly.newPlot(                        "52db33c0-cb8f-4795-9df4-6d1d76691fce",                        [{"line":{"color":"#ff0789","width":0.5},"name":"create_instance","text":["2.438956109341234s, 2024-08-15, 5206eeef","2.4600368617102504s, 2024-08-17, 29f8ede0","2.424379783216864s, 2024-08-19, cb7d880d","s, , ","s, , ","2.460532402154058s, 2024-08-20, 40ad402e","2.4618273386731744s, 2024-08-20, 3ea08c92","2.510561611969024s, 2024-08-20, 084d057f","2.4532787716016173s, 2024-08-20, dc6eccd1","2.5153210274875164s, 2024-08-20, 5609a8a3","2.459419093094766s, 2024-08-20, b46a8e39","2.4574716510251164s, 2024-08-22, 59fe765f","2.46950151771307s, 2024-08-23, 990469b6","2.4085446167737246s, 2024-08-27, 99a9c77b","2.4707800298929214s, 2024-08-28, cda2d028","2.4482551189139485s, 2024-09-10, df51e997","2.4593480890616775s, 2024-10-04, f32f122f","2.4820452611893415s, 2024-10-04, b983b911","2.508590469136834s, 2024-10-08, ef61460e","2.4635626319795847s, 2024-10-09, 23fb726c","2.433859648182988s, 2024-10-15, 459f8e81","2.4421738516539335s, 2024-10-16, dc72d1dd","2.5090268421918154s, 2024-10-21, cc1b1759","2.5272679030895233s, 2024-10-28, cca60196","2.468259897083044s, 2024-10-29, 05eefac6","2.462717391550541s, 2024-10-30, a5e6f237","2.447987511754036s, 2024-10-30, 69f19376","s, , ","2.4182915408164263s, 2024-10-31, 23619802","2.4549984633922577s, 2024-10-31, dde27f17","2.456806493923068s, 2024-11-01, 8031f2bf","2.4944600518792868s, 2024-11-01, d90d246e","2.446933288127184s, 2024-11-04, feb8c55e","2.443500939756632s, 2024-11-05, ad90ee2b","2.435493551194668s, 2024-11-05, f46e2fd6","2.453225886449218s, 2024-11-06, 22a1dacb","2.634534791111946s, 2024-11-06, c463632a","2.490425691008568s, 2024-11-07, 9b1f60e8","2.459432592615485s, 2024-11-07, 952e67bd","s, , ","2.435546299442649s, 2024-11-08, 5e9b0f23","2.477478688582778s, 2024-11-08, 364e7f11","2.464182524010539s, 2024-11-12, af992895","2.459556533023715s, 2024-11-12, 9db592cf","2.5830590780824423s, 2024-11-14, fe3f83fc","2.545802826061845s, 2024-11-14, b9213cf9","2.539218148216605s, 2024-11-14, 05c5ff21","2.5252022091299295s, 2024-11-15, f520b2a1","2.510061115026474s, 2024-11-15, 4d68e769","2.5369117464870214s, 2024-11-15, 4bb8c495"],"x":[-49,-48,-47,-46,-45,-44,-43,-42,-41,-40,-39,-38,-37,-36,-35,-34,-33,-32,-31,-30,-29,-28,-27,-26,-25,-24,-23,-22,-21,-20,-19,-18,-17,-16,-15,-14,-13,-12,-11,-10,-9,-8,-7,-6,-5,-4,-3,-2,-1,0],"y":[2.438956109341234,2.4600368617102504,2.424379783216864,"","",2.460532402154058,2.4618273386731744,2.510561611969024,2.4532787716016173,2.5153210274875164,2.459419093094766,2.4574716510251164,2.46950151771307,2.4085446167737246,2.4707800298929214,2.4482551189139485,2.4593480890616775,2.4820452611893415,2.508590469136834,2.4635626319795847,2.433859648182988,2.4421738516539335,2.5090268421918154,2.5272679030895233,2.468259897083044,2.462717391550541,2.447987511754036,"",2.4182915408164263,2.4549984633922577,2.456806493923068,2.4944600518792868,2.446933288127184,2.443500939756632,2.435493551194668,2.453225886449218,2.634534791111946,2.490425691008568,2.459432592615485,"",2.435546299442649,2.477478688582778,2.464182524010539,2.459556533023715,2.5830590780824423,2.545802826061845,2.539218148216605,2.5252022091299295,2.510061115026474,2.5369117464870214],"yaxis":"y","type":"scatter","xaxis":"x","marker":{"size":8},"hoverinfo":"text+x","mode":"lines+markers","showlegend":true},{"line":{"color":"#966ebd","width":0.5},"name":"test_time","text":["22.22268600296229s, 2024-08-15, 5206eeef","22.931585367769003s, 2024-08-17, 29f8ede0","22.258161689154804s, 2024-08-19, cb7d880d","s, , ","s, , ","22.8535647187382s, 2024-08-20, 40ad402e","22.8678269633092s, 2024-08-20, 3ea08c92","22.37151908967644s, 2024-08-20, 084d057f","22.60510108526796s, 2024-08-20, dc6eccd1","22.977469407022s, 2024-08-20, 5609a8a3","22.28879667725414s, 2024-08-20, b46a8e39","22.543074938468635s, 2024-08-22, 59fe765f","22.313010226003826s, 2024-08-23, 990469b6","22.77732033189386s, 2024-08-27, 99a9c77b","22.861826705746353s, 2024-08-28, cda2d028","22.32980095036328s, 2024-09-10, df51e997","22.67527909949422s, 2024-10-04, f32f122f","23.13100960943848s, 2024-10-04, b983b911","22.573600988835096s, 2024-10-08, ef61460e","22.540649289265275s, 2024-10-09, 23fb726c","22.51292596757412s, 2024-10-15, 459f8e81","22.47442710213363s, 2024-10-16, dc72d1dd","22.463964622467756s, 2024-10-21, cc1b1759","22.646980322897434s, 2024-10-28, cca60196","22.171237852424383s, 2024-10-29, 05eefac6","22.884885976091027s, 2024-10-30, a5e6f237","22.914332637563348s, 2024-10-30, 69f19376","s, , ","22.659292532131076s, 2024-10-31, 23619802","23.049921127036214s, 2024-10-31, dde27f17","22.97884551808238s, 2024-11-01, 8031f2bf","23.237311283126473s, 2024-11-01, d90d246e","22.565876718610525s, 2024-11-04, feb8c55e","22.991088086739182s, 2024-11-05, ad90ee2b","22.750987015664577s, 2024-11-05, f46e2fd6","23.285728979855776s, 2024-11-06, 22a1dacb","24.060377702116966s, 2024-11-06, c463632a","23.58954910747707s, 2024-11-07, 9b1f60e8","22.699575893580914s, 2024-11-07, 952e67bd","s, , ","22.753391524776816s, 2024-11-08, 5e9b0f23","22.644827680662274s, 2024-11-08, 364e7f11","22.878701452165842s, 2024-11-12, af992895","22.59827565960586s, 2024-11-12, 9db592cf","23.147559171542525s, 2024-11-14, fe3f83fc","23.095760820433497s, 2024-11-14, b9213cf9","23.08321565017104s, 2024-11-14, 05c5ff21","23.248543629422784s, 2024-11-15, f520b2a1","23.15604517236352s, 2024-11-15, 4d68e769","23.190923070535064s, 2024-11-15, 4bb8c495"],"x":[-49,-48,-47,-46,-45,-44,-43,-42,-41,-40,-39,-38,-37,-36,-35,-34,-33,-32,-31,-30,-29,-28,-27,-26,-25,-24,-23,-22,-21,-20,-19,-18,-17,-16,-15,-14,-13,-12,-11,-10,-9,-8,-7,-6,-5,-4,-3,-2,-1,0],"y":[22.22268600296229,22.931585367769003,22.258161689154804,"","",22.8535647187382,22.8678269633092,22.37151908967644,22.60510108526796,22.977469407022,22.28879667725414,22.543074938468635,22.313010226003826,22.77732033189386,22.861826705746353,22.32980095036328,22.67527909949422,23.13100960943848,22.573600988835096,22.540649289265275,22.51292596757412,22.47442710213363,22.463964622467756,22.646980322897434,22.171237852424383,22.884885976091027,22.914332637563348,"",22.659292532131076,23.049921127036214,22.97884551808238,23.237311283126473,22.565876718610525,22.991088086739182,22.750987015664577,23.285728979855776,24.060377702116966,23.58954910747707,22.699575893580914,"",22.753391524776816,22.644827680662274,22.878701452165842,22.59827565960586,23.147559171542525,23.095760820433497,23.08321565017104,23.248543629422784,23.15604517236352,23.190923070535064],"yaxis":"y2","type":"scatter","xaxis":"x2","marker":{"size":8},"hoverinfo":"text+x","mode":"lines+markers","showlegend":true},{"line":{"color":"#ad900d","width":0.5},"name":"nl","text":["3.2040494340471923s, 2024-08-15, 5206eeef","3.257421207614243s, 2024-08-17, 29f8ede0","3.2227218826301396s, 2024-08-19, cb7d880d","s, , ","s, , ","3.206944647245109s, 2024-08-20, 40ad402e","3.221100043039769s, 2024-08-20, 3ea08c92","3.267218183260411s, 2024-08-20, 084d057f","3.234281450510025s, 2024-08-20, dc6eccd1","3.258955106139183s, 2024-08-20, 5609a8a3","3.2050536116585135s, 2024-08-20, b46a8e39","3.283072448335588s, 2024-08-22, 59fe765f","3.2343952199444175s, 2024-08-23, 990469b6","3.188588958233595s, 2024-08-27, 99a9c77b","3.265193236991763s, 2024-08-28, cda2d028","3.2750656502321362s, 2024-09-10, df51e997","3.2608463959768414s, 2024-10-04, f32f122f","3.2604340789839625s, 2024-10-04, b983b911","3.2220567129552364s, 2024-10-08, ef61460e","3.278167709708214s, 2024-10-09, 23fb726c","3.1875802725553513s, 2024-10-15, 459f8e81","3.2559564132243395s, 2024-10-16, dc72d1dd","3.2189676128327847s, 2024-10-21, cc1b1759","3.2167652808129787s, 2024-10-28, cca60196","3.1924158930778503s, 2024-10-29, 05eefac6","3.2510903142392635s, 2024-10-30, a5e6f237","3.27477153390646s, 2024-10-30, 69f19376","s, , ","3.263943003490567s, 2024-10-31, 23619802","3.289028834551573s, 2024-10-31, dde27f17","3.276485074311495s, 2024-11-01, 8031f2bf","3.2939252723008394s, 2024-11-01, d90d246e","3.214806355535984s, 2024-11-04, feb8c55e","3.243903947994113s, 2024-11-05, ad90ee2b","3.237077148631215s, 2024-11-05, f46e2fd6","3.2804570887237787s, 2024-11-06, 22a1dacb","3.496164733543992s, 2024-11-06, c463632a","3.3500825334340334s, 2024-11-07, 9b1f60e8","3.2726792097091675s, 2024-11-07, 952e67bd","s, , ","3.202980872243643s, 2024-11-08, 5e9b0f23","3.2250897474586964s, 2024-11-08, 364e7f11","3.22840148024261s, 2024-11-12, af992895","3.2149570919573307s, 2024-11-12, 9db592cf","3.2560040932148695s, 2024-11-14, fe3f83fc","3.3429373055696487s, 2024-11-14, b9213cf9","3.318014854565263s, 2024-11-14, 05c5ff21","3.308824585750699s, 2024-11-15, f520b2a1","3.3175910003483295s, 2024-11-15, 4d68e769","3.3006967194378376s, 2024-11-15, 4bb8c495"],"x":[-49,-48,-47,-46,-45,-44,-43,-42,-41,-40,-39,-38,-37,-36,-35,-34,-33,-32,-31,-30,-29,-28,-27,-26,-25,-24,-23,-22,-21,-20,-19,-18,-17,-16,-15,-14,-13,-12,-11,-10,-9,-8,-7,-6,-5,-4,-3,-2,-1,0],"y":[3.2040494340471923,3.257421207614243,3.2227218826301396,"","",3.206944647245109,3.221100043039769,3.267218183260411,3.234281450510025,3.258955106139183,3.2050536116585135,3.283072448335588,3.2343952199444175,3.188588958233595,3.265193236991763,3.2750656502321362,3.2608463959768414,3.2604340789839625,3.2220567129552364,3.278167709708214,3.1875802725553513,3.2559564132243395,3.2189676128327847,3.2167652808129787,3.1924158930778503,3.2510903142392635,3.27477153390646,"",3.263943003490567,3.289028834551573,3.276485074311495,3.2939252723008394,3.214806355535984,3.243903947994113,3.237077148631215,3.2804570887237787,3.496164733543992,3.3500825334340334,3.2726792097091675,"",3.202980872243643,3.2250897474586964,3.22840148024261,3.2149570919573307,3.2560040932148695,3.3429373055696487,3.318014854565263,3.308824585750699,3.3175910003483295,3.3006967194378376],"yaxis":"y3","type":"scatter","xaxis":"x3","marker":{"size":8},"hoverinfo":"text+x","mode":"lines+markers","showlegend":true},{"line":{"color":"#009337","width":0.5},"name":"lp","text":["3.3770420528016984s, 2024-08-15, 5206eeef","3.3991350452415645s, 2024-08-17, 29f8ede0","3.3877907460555434s, 2024-08-19, cb7d880d","s, , ","s, , ","3.3999682748690248s, 2024-08-20, 40ad402e","3.390323508065194s, 2024-08-20, 3ea08c92","3.400559003930539s, 2024-08-20, 084d057f","3.4128805715590715s, 2024-08-20, dc6eccd1","3.3786056274548173s, 2024-08-20, 5609a8a3","3.3726277463138103s, 2024-08-20, b46a8e39","3.478658896870911s, 2024-08-22, 59fe765f","3.3791120005771518s, 2024-08-23, 990469b6","3.3790109921246767s, 2024-08-27, 99a9c77b","3.4166310764849186s, 2024-08-28, cda2d028","3.3420750042423606s, 2024-09-10, df51e997","3.487419418990612s, 2024-10-04, f32f122f","3.505986684001982s, 2024-10-04, b983b911","3.415498176589608s, 2024-10-08, ef61460e","3.438492778688669s, 2024-10-09, 23fb726c","3.43287031725049s, 2024-10-15, 459f8e81","3.449338572099805s, 2024-10-16, dc72d1dd","3.391738986596465s, 2024-10-21, cc1b1759","3.394717650488019s, 2024-10-28, cca60196","3.346701828762889s, 2024-10-29, 05eefac6","3.456605089828372s, 2024-10-30, a5e6f237","3.4760479163378477s, 2024-10-30, 69f19376","s, , ","3.4498746767640114s, 2024-10-31, 23619802","3.470996465533972s, 2024-10-31, dde27f17","3.4791170991957188s, 2024-11-01, 8031f2bf","3.507553270086646s, 2024-11-01, d90d246e","3.3935421761125326s, 2024-11-04, feb8c55e","3.4584864489734173s, 2024-11-05, ad90ee2b","3.438507730141282s, 2024-11-05, f46e2fd6","3.50249376706779s, 2024-11-06, 22a1dacb","3.6951130367815495s, 2024-11-06, c463632a","3.6142990067601204s, 2024-11-07, 9b1f60e8","3.3647668566554785s, 2024-11-07, 952e67bd","s, , ","3.4232849292457104s, 2024-11-08, 5e9b0f23","3.3917253259569407s, 2024-11-08, 364e7f11","3.4146699979901314s, 2024-11-12, af992895","3.416247446089983s, 2024-11-12, 9db592cf","3.4716287422925234s, 2024-11-14, fe3f83fc","3.4728900622576475s, 2024-11-14, b9213cf9","3.461358631029725s, 2024-11-14, 05c5ff21","3.4484260715544224s, 2024-11-15, f520b2a1","3.464699910953641s, 2024-11-15, 4d68e769","3.572711421176791s, 2024-11-15, 4bb8c495"],"x":[-49,-48,-47,-46,-45,-44,-43,-42,-41,-40,-39,-38,-37,-36,-35,-34,-33,-32,-31,-30,-29,-28,-27,-26,-25,-24,-23,-22,-21,-20,-19,-18,-17,-16,-15,-14,-13,-12,-11,-10,-9,-8,-7,-6,-5,-4,-3,-2,-1,0],"y":[3.3770420528016984,3.3991350452415645,3.3877907460555434,"","",3.3999682748690248,3.390323508065194,3.400559003930539,3.4128805715590715,3.3786056274548173,3.3726277463138103,3.478658896870911,3.3791120005771518,3.3790109921246767,3.4166310764849186,3.3420750042423606,3.487419418990612,3.505986684001982,3.415498176589608,3.438492778688669,3.43287031725049,3.449338572099805,3.391738986596465,3.394717650488019,3.346701828762889,3.456605089828372,3.4760479163378477,"",3.4498746767640114,3.470996465533972,3.4791170991957188,3.507553270086646,3.3935421761125326,3.4584864489734173,3.438507730141282,3.50249376706779,3.6951130367815495,3.6142990067601204,3.3647668566554785,"",3.4232849292457104,3.3917253259569407,3.4146699979901314,3.416247446089983,3.4716287422925234,3.4728900622576475,3.461358631029725,3.4484260715544224,3.464699910953641,3.572711421176791],"yaxis":"y4","type":"scatter","xaxis":"x4","marker":{"size":8},"hoverinfo":"text+x","mode":"lines+markers","showlegend":true},{"line":{"color":"#850e04","width":0.5},"name":"bar","text":["5.235033711884171s, 2024-08-15, 5206eeef","5.310486069880426s, 2024-08-17, 29f8ede0","5.2234198758378625s, 2024-08-19, cb7d880d","s, , ","s, , ","5.461535747628659s, 2024-08-20, 40ad402e","5.474489069078118s, 2024-08-20, 3ea08c92","5.24149618903175s, 2024-08-20, 084d057f","5.216248485259712s, 2024-08-20, dc6eccd1","5.282569614239037s, 2024-08-20, 5609a8a3","5.224918778054416s, 2024-08-20, b46a8e39","5.286085972562432s, 2024-08-22, 59fe765f","5.20251012314111s, 2024-08-23, 990469b6","5.482114299200475s, 2024-08-27, 99a9c77b","5.477810964919627s, 2024-08-28, cda2d028","5.306031146086752s, 2024-09-10, df51e997","5.314578871242702s, 2024-10-04, f32f122f","5.501649242825806s, 2024-10-04, b983b911","5.180842716246843s, 2024-10-08, ef61460e","5.337267594411969s, 2024-10-09, 23fb726c","5.236365417018533s, 2024-10-15, 459f8e81","5.292578158900142s, 2024-10-16, dc72d1dd","5.311521556228399s, 2024-10-21, cc1b1759","5.248289123177528s, 2024-10-28, cca60196","5.215781297534704s, 2024-10-29, 05eefac6","5.442553104832768s, 2024-10-30, a5e6f237","5.402167230844498s, 2024-10-30, 69f19376","s, , ","5.328725468367338s, 2024-10-31, 23619802","5.406424175947905s, 2024-10-31, dde27f17","5.434176808223128s, 2024-11-01, 8031f2bf","5.500170152634382s, 2024-11-01, d90d246e","5.292091581970453s, 2024-11-04, feb8c55e","5.32649228349328s, 2024-11-05, ad90ee2b","5.326449895277619s, 2024-11-05, f46e2fd6","5.544117089360952s, 2024-11-06, 22a1dacb","5.649569019675255s, 2024-11-06, c463632a","5.605836249887943s, 2024-11-07, 9b1f60e8","5.269308242946863s, 2024-11-07, 952e67bd","s, , ","5.303777987137437s, 2024-11-08, 5e9b0f23","5.327641844749451s, 2024-11-08, 364e7f11","5.415102468803525s, 2024-11-12, af992895","5.29258899949491s, 2024-11-12, 9db592cf","5.392947653308511s, 2024-11-14, fe3f83fc","5.402111643925309s, 2024-11-14, b9213cf9","5.450272850692272s, 2024-11-14, 05c5ff21","5.515294743701816s, 2024-11-15, f520b2a1","5.503760423511267s, 2024-11-15, 4d68e769","5.491005040705204s, 2024-11-15, 4bb8c495"],"x":[-49,-48,-47,-46,-45,-44,-43,-42,-41,-40,-39,-38,-37,-36,-35,-34,-33,-32,-31,-30,-29,-28,-27,-26,-25,-24,-23,-22,-21,-20,-19,-18,-17,-16,-15,-14,-13,-12,-11,-10,-9,-8,-7,-6,-5,-4,-3,-2,-1,0],"y":[5.235033711884171,5.310486069880426,5.2234198758378625,"","",5.461535747628659,5.474489069078118,5.24149618903175,5.216248485259712,5.282569614239037,5.224918778054416,5.286085972562432,5.20251012314111,5.482114299200475,5.477810964919627,5.306031146086752,5.314578871242702,5.501649242825806,5.180842716246843,5.337267594411969,5.236365417018533,5.292578158900142,5.311521556228399,5.248289123177528,5.215781297534704,5.442553104832768,5.402167230844498,"",5.328725468367338,5.406424175947905,5.434176808223128,5.500170152634382,5.292091581970453,5.32649228349328,5.326449895277619,5.544117089360952,5.649569019675255,5.605836249887943,5.269308242946863,"",5.303777987137437,5.327641844749451,5.415102468803525,5.29258899949491,5.392947653308511,5.402111643925309,5.450272850692272,5.515294743701816,5.503760423511267,5.491005040705204],"yaxis":"y5","type":"scatter","xaxis":"x5","marker":{"size":8},"hoverinfo":"text+x","mode":"lines+markers","showlegend":true},{"line":{"color":"#3e82fc","width":0.5},"name":"gams","text":["6.128463187254965s, 2024-08-15, 5206eeef","6.13729484193027s, 2024-08-17, 29f8ede0","6.120506328996271s, 2024-08-19, cb7d880d","s, , ","s, , ","6.133015306200832s, 2024-08-20, 40ad402e","6.0922020063735545s, 2024-08-20, 3ea08c92","6.080828839913011s, 2024-08-20, 084d057f","6.09563198313117s, 2024-08-20, dc6eccd1","6.176182282157242s, 2024-08-20, 5609a8a3","6.180559682659805s, 2024-08-20, b46a8e39","6.198146783746779s, 2024-08-22, 59fe765f","6.147472341544926s, 2024-08-23, 990469b6","5.992474894039333s, 2024-08-27, 99a9c77b","6.15347212459892s, 2024-08-28, cda2d028","6.079460551962256s, 2024-09-10, df51e997","6.264038289897144s, 2024-10-04, f32f122f","6.179258447140455s, 2024-10-04, b983b911","6.10278095304966s, 2024-10-08, ef61460e","6.132760923355818s, 2024-10-09, 23fb726c","6.046028206124902s, 2024-10-15, 459f8e81","6.1757605373859406s, 2024-10-16, dc72d1dd","6.175995718687773s, 2024-10-21, cc1b1759","6.0992290284484625s, 2024-10-28, cca60196","6.075694749131799s, 2024-10-29, 05eefac6","6.382634406909347s, 2024-10-30, a5e6f237","6.434910232201219s, 2024-10-30, 69f19376","s, , ","6.285135490819812s, 2024-10-31, 23619802","6.510840687900782s, 2024-10-31, dde27f17","6.433698073029518s, 2024-11-01, 8031f2bf","6.496468061581254s, 2024-11-01, d90d246e","6.334132760763168s, 2024-11-04, feb8c55e","6.519652172923088s, 2024-11-05, ad90ee2b","6.439279830083251s, 2024-11-05, f46e2fd6","6.510747471824288s, 2024-11-06, 22a1dacb","6.752086047083139s, 2024-11-06, c463632a","6.476041305810213s, 2024-11-07, 9b1f60e8","6.369364449754357s, 2024-11-07, 952e67bd","s, , ","6.321272559463978s, 2024-11-08, 5e9b0f23","6.343585358932614s, 2024-11-08, 364e7f11","6.484333908185363s, 2024-11-12, af992895","6.324377916753292s, 2024-11-12, 9db592cf","6.3962474428117275s, 2024-11-14, fe3f83fc","6.437833273783326s, 2024-11-14, b9213cf9","6.4201585855335s, 2024-11-14, 05c5ff21","6.386309323832393s, 2024-11-15, f520b2a1","6.4590536467731s, 2024-11-15, 4d68e769","6.375310596078634s, 2024-11-15, 4bb8c495"],"x":[-49,-48,-47,-46,-45,-44,-43,-42,-41,-40,-39,-38,-37,-36,-35,-34,-33,-32,-31,-30,-29,-28,-27,-26,-25,-24,-23,-22,-21,-20,-19,-18,-17,-16,-15,-14,-13,-12,-11,-10,-9,-8,-7,-6,-5,-4,-3,-2,-1,0],"y":[6.128463187254965,6.13729484193027,6.120506328996271,"","",6.133015306200832,6.0922020063735545,6.080828839913011,6.09563198313117,6.176182282157242,6.180559682659805,6.198146783746779,6.147472341544926,5.992474894039333,6.15347212459892,6.079460551962256,6.264038289897144,6.179258447140455,6.10278095304966,6.132760923355818,6.046028206124902,6.1757605373859406,6.175995718687773,6.0992290284484625,6.075694749131799,6.382634406909347,6.434910232201219,"",6.285135490819812,6.510840687900782,6.433698073029518,6.496468061581254,6.334132760763168,6.519652172923088,6.439279830083251,6.510747471824288,6.752086047083139,6.476041305810213,6.369364449754357,"",6.321272559463978,6.343585358932614,6.484333908185363,6.324377916753292,6.3962474428117275,6.437833273783326,6.4201585855335,6.386309323832393,6.4590536467731,6.375310596078634],"yaxis":"y6","type":"scatter","xaxis":"x6","marker":{"size":8},"hoverinfo":"text+x","mode":"lines+markers","showlegend":true}],                        {"template":{"data":{"barpolar":[{"marker":{"line":{"color":"white","width":0.5},"pattern":{"fillmode":"overlay","size":10,"solidity":0.2}},"type":"barpolar"}],"bar":[{"error_x":{"color":"#2a3f5f"},"error_y":{"color":"#2a3f5f"},"marker":{"line":{"color":"white","width":0.5},"pattern":{"fillmode":"overlay","size":10,"solidity":0.2}},"type":"bar"}],"carpet":[{"aaxis":{"endlinecolor":"#2a3f5f","gridcolor":"#C8D4E3","linecolor":"#C8D4E3","minorgridcolor":"#C8D4E3","startlinecolor":"#2a3f5f"},"baxis":{"endlinecolor":"#2a3f5f","gridcolor":"#C8D4E3","linecolor":"#C8D4E3","minorgridcolor":"#C8D4E3","startlinecolor":"#2a3f5f"},"type":"carpet"}],"choropleth":[{"colorbar":{"outlinewidth":0,"ticks":""},"type":"choropleth"}],"contourcarpet":[{"colorbar":{"outlinewidth":0,"ticks":""},"type":"contourcarpet"}],"contour":[{"colorbar":{"outlinewidth":0,"ticks":""},"colorscale":[[0.0,"#0d0887"],[0.1111111111111111,"#46039f"],[0.2222222222222222,"#7201a8"],[0.3333333333333333,"#9c179e"],[0.4444444444444444,"#bd3786"],[0.5555555555555556,"#d8576b"],[0.6666666666666666,"#ed7953"],[0.7777777777777778,"#fb9f3a"],[0.8888888888888888,"#fdca26"],[1.0,"#f0f921"]],"type":"contour"}],"heatmapgl":[{"colorbar":{"outlinewidth":0,"ticks":""},"colorscale":[[0.0,"#0d0887"],[0.1111111111111111,"#46039f"],[0.2222222222222222,"#7201a8"],[0.3333333333333333,"#9c179e"],[0.4444444444444444,"#bd3786"],[0.5555555555555556,"#d8576b"],[0.6666666666666666,"#ed7953"],[0.7777777777777778,"#fb9f3a"],[0.8888888888888888,"#fdca26"],[1.0,"#f0f921"]],"type":"heatmapgl"}],"heatmap":[{"colorbar":{"outlinewidth":0,"ticks":""},"colorscale":[[0.0,"#0d0887"],[0.1111111111111111,"#46039f"],[0.2222222222222222,"#7201a8"],[0.3333333333333333,"#9c179e"],[0.4444444444444444,"#bd3786"],[0.5555555555555556,"#d8576b"],[0.6666666666666666,"#ed7953"],[0.7777777777777778,"#fb9f3a"],[0.8888888888888888,"#fdca26"],[1.0,"#f0f921"]],"type":"heatmap"}],"histogram2dcontour":[{"colorbar":{"outlinewidth":0,"ticks":""},"colorscale":[[0.0,"#0d0887"],[0.1111111111111111,"#46039f"],[0.2222222222222222,"#7201a8"],[0.3333333333333333,"#9c179e"],[0.4444444444444444,"#bd3786"],[0.5555555555555556,"#d8576b"],[0.6666666666666666,"#ed7953"],[0.7777777777777778,"#fb9f3a"],[0.8888888888888888,"#fdca26"],[1.0,"#f0f921"]],"type":"histogram2dcontour"}],"histogram2d":[{"colorbar":{"outlinewidth":0,"ticks":""},"colorscale":[[0.0,"#0d0887"],[0.1111111111111111,"#46039f"],[0.2222222222222222,"#7201a8"],[0.3333333333333333,"#9c179e"],[0.4444444444444444,"#bd3786"],[0.5555555555555556,"#d8576b"],[0.6666666666666666,"#ed7953"],[0.7777777777777778,"#fb9f3a"],[0.8888888888888888,"#fdca26"],[1.0,"#f0f921"]],"type":"histogram2d"}],"histogram":[{"marker":{"pattern":{"fillmode":"overlay","size":10,"solidity":0.2}},"type":"histogram"}],"mesh3d":[{"colorbar":{"outlinewidth":0,"ticks":""},"type":"mesh3d"}],"parcoords":[{"line":{"colorbar":{"outlinewidth":0,"ticks":""}},"type":"parcoords"}],"pie":[{"automargin":true,"type":"pie"}],"scatter3d":[{"line":{"colorbar":{"outlinewidth":0,"ticks":""}},"marker":{"colorbar":{"outlinewidth":0,"ticks":""}},"type":"scatter3d"}],"scattercarpet":[{"marker":{"colorbar":{"outlinewidth":0,"ticks":""}},"type":"scattercarpet"}],"scattergeo":[{"marker":{"colorbar":{"outlinewidth":0,"ticks":""}},"type":"scattergeo"}],"scattergl":[{"marker":{"colorbar":{"outlinewidth":0,"ticks":""}},"type":"scattergl"}],"scattermapbox":[{"marker":{"colorbar":{"outlinewidth":0,"ticks":""}},"type":"scattermapbox"}],"scatterpolargl":[{"marker":{"colorbar":{"outlinewidth":0,"ticks":""}},"type":"scatterpolargl"}],"scatterpolar":[{"marker":{"colorbar":{"outlinewidth":0,"ticks":""}},"type":"scatterpolar"}],"scatter":[{"fillpattern":{"fillmode":"overlay","size":10,"solidity":0.2},"type":"scatter"}],"scatterternary":[{"marker":{"colorbar":{"outlinewidth":0,"ticks":""}},"type":"scatterternary"}],"surface":[{"colorbar":{"outlinewidth":0,"ticks":""},"colorscale":[[0.0,"#0d0887"],[0.1111111111111111,"#46039f"],[0.2222222222222222,"#7201a8"],[0.3333333333333333,"#9c179e"],[0.4444444444444444,"#bd3786"],[0.5555555555555556,"#d8576b"],[0.6666666666666666,"#ed7953"],[0.7777777777777778,"#fb9f3a"],[0.8888888888888888,"#fdca26"],[1.0,"#f0f921"]],"type":"surface"}],"table":[{"cells":{"fill":{"color":"#EBF0F8"},"line":{"color":"white"}},"header":{"fill":{"color":"#C8D4E3"},"line":{"color":"white"}},"type":"table"}]},"layout":{"annotationdefaults":{"arrowcolor":"#2a3f5f","arrowhead":0,"arrowwidth":1},"autotypenumbers":"strict","coloraxis":{"colorbar":{"outlinewidth":0,"ticks":""}},"colorscale":{"diverging":[[0,"#8e0152"],[0.1,"#c51b7d"],[0.2,"#de77ae"],[0.3,"#f1b6da"],[0.4,"#fde0ef"],[0.5,"#f7f7f7"],[0.6,"#e6f5d0"],[0.7,"#b8e186"],[0.8,"#7fbc41"],[0.9,"#4d9221"],[1,"#276419"]],"sequential":[[0.0,"#0d0887"],[0.1111111111111111,"#46039f"],[0.2222222222222222,"#7201a8"],[0.3333333333333333,"#9c179e"],[0.4444444444444444,"#bd3786"],[0.5555555555555556,"#d8576b"],[0.6666666666666666,"#ed7953"],[0.7777777777777778,"#fb9f3a"],[0.8888888888888888,"#fdca26"],[1.0,"#f0f921"]],"sequentialminus":[[0.0,"#0d0887"],[0.1111111111111111,"#46039f"],[0.2222222222222222,"#7201a8"],[0.3333333333333333,"#9c179e"],[0.4444444444444444,"#bd3786"],[0.5555555555555556,"#d8576b"],[0.6666666666666666,"#ed7953"],[0.7777777777777778,"#fb9f3a"],[0.8888888888888888,"#fdca26"],[1.0,"#f0f921"]]},"colorway":["#636efa","#EF553B","#00cc96","#ab63fa","#FFA15A","#19d3f3","#FF6692","#B6E880","#FF97FF","#FECB52"],"font":{"color":"#2a3f5f"},"geo":{"bgcolor":"white","lakecolor":"white","landcolor":"white","showlakes":true,"showland":true,"subunitcolor":"#C8D4E3"},"hoverlabel":{"align":"left"},"hovermode":"closest","mapbox":{"style":"light"},"paper_bgcolor":"white","plot_bgcolor":"white","polar":{"angularaxis":{"gridcolor":"#EBF0F8","linecolor":"#EBF0F8","ticks":""},"bgcolor":"white","radialaxis":{"gridcolor":"#EBF0F8","linecolor":"#EBF0F8","ticks":""}},"scene":{"xaxis":{"backgroundcolor":"white","gridcolor":"#DFE8F3","gridwidth":2,"linecolor":"#EBF0F8","showbackground":true,"ticks":"","zerolinecolor":"#EBF0F8"},"yaxis":{"backgroundcolor":"white","gridcolor":"#DFE8F3","gridwidth":2,"linecolor":"#EBF0F8","showbackground":true,"ticks":"","zerolinecolor":"#EBF0F8"},"zaxis":{"backgroundcolor":"white","gridcolor":"#DFE8F3","gridwidth":2,"linecolor":"#EBF0F8","showbackground":true,"ticks":"","zerolinecolor":"#EBF0F8"}},"shapedefaults":{"line":{"color":"#2a3f5f"}},"ternary":{"aaxis":{"gridcolor":"#DFE8F3","linecolor":"#A2B1C6","ticks":""},"baxis":{"gridcolor":"#DFE8F3","linecolor":"#A2B1C6","ticks":""},"bgcolor":"white","caxis":{"gridcolor":"#DFE8F3","linecolor":"#A2B1C6","ticks":""}},"title":{"x":0.05},"xaxis":{"automargin":true,"gridcolor":"#EBF0F8","linecolor":"#EBF0F8","ticks":"","title":{"standoff":15},"zerolinecolor":"#EBF0F8","zerolinewidth":2},"yaxis":{"automargin":true,"gridcolor":"#EBF0F8","linecolor":"#EBF0F8","ticks":"","title":{"standoff":15},"zerolinecolor":"#EBF0F8","zerolinewidth":2}}},"xaxis":{"anchor":"y","domain":[0.0,1.0],"autorange":true,"range":[-49,0],"type":"linear","showticklabels":true},"yaxis":{"anchor":"x","domain":[0.0,0.16666666666666666],"tickfont":{"color":"#ff0789","size":9},"autorange":true,"fixedrange":false,"mirror":true,"showline":true,"side":"left","tickmode":"auto","ticks":"","tickson":"boundaries","type":"linear","zeroline":false,"automargin":false},"xaxis2":{"anchor":"y2","domain":[0.0,1.0],"showticklabels":false},"yaxis2":{"anchor":"x","domain":[0.16666666666666666,0.3333333333333333],"tickfont":{"color":"#966ebd","size":9},"autorange":true,"fixedrange":false,"mirror":true,"showline":true,"side":"left","tickmode":"auto","ticks":"","tickson":"boundaries","type":"linear","zeroline":false},"xaxis3":{"anchor":"y3","domain":[0.0,1.0],"showticklabels":false},"yaxis3":{"anchor":"x","domain":[0.3333333333333333,0.5],"tickfont":{"color":"#ad900d","size":9},"autorange":true,"fixedrange":false,"mirror":true,"showline":true,"side":"left","tickmode":"auto","ticks":"","tickson":"boundaries","type":"linear","zeroline":false},"xaxis4":{"anchor":"y4","domain":[0.0,1.0],"showticklabels":false},"yaxis4":{"anchor":"x","domain":[0.5,0.6666666666666666],"tickfont":{"color":"#009337","size":9},"autorange":true,"fixedrange":false,"mirror":true,"showline":true,"side":"left","tickmode":"auto","ticks":"","tickson":"boundaries","type":"linear","zeroline":false},"xaxis5":{"anchor":"y5","domain":[0.0,1.0],"showticklabels":false},"yaxis5":{"anchor":"x","domain":[0.6666666666666666,0.8333333333333333],"tickfont":{"color":"#850e04","size":9},"autorange":true,"fixedrange":false,"mirror":true,"showline":true,"side":"left","tickmode":"auto","ticks":"","tickson":"boundaries","type":"linear","zeroline":false},"xaxis6":{"anchor":"y6","domain":[0.0,1.0],"showticklabels":false},"yaxis6":{"anchor":"x","domain":[0.8333333333333333,1.0],"tickfont":{"color":"#3e82fc","size":9},"autorange":true,"fixedrange":false,"mirror":true,"showline":true,"side":"left","tickmode":"auto","ticks":"","tickson":"boundaries","type":"linear","zeroline":false},"xaxis7":{"anchor":"y7","domain":[0.0,1.0],"showticklabels":false},"yaxis7":{"anchor":"x","domain":[1,1],"tickfont":{"color":"#fe420f","size":9},"autorange":true,"fixedrange":false,"mirror":true,"showline":true,"side":"left","tickmode":"auto","ticks":"","tickson":"boundaries","type":"linear","zeroline":false},"xaxis8":{"anchor":"y8","domain":[0.0,1.0],"showticklabels":false},"yaxis8":{"anchor":"x","domain":[1,1],"tickfont":{"color":"#fe828c","size":9},"autorange":true,"fixedrange":false,"mirror":true,"showline":true,"side":"left","tickmode":"auto","ticks":"","tickson":"boundaries","type":"linear","zeroline":false},"yaxis9":{"anchor":"x","autorange":true,"fixedrange":false,"domain":[1,1],"mirror":true,"showline":true,"side":"left","tickfont":{"color":"#85a3b2","size":9},"tickmode":"auto","ticks":"","tickson":"boundaries","type":"linear","zeroline":false},"yaxis10":{"anchor":"x","autorange":true,"fixedrange":false,"domain":[1,1],"mirror":true,"showline":true,"side":"left","tickfont":{"color":"#f0833a","size":9},"tickmode":"auto","ticks":"","tickson":"boundaries","type":"linear","zeroline":false},"legend":{"traceorder":"reversed","yanchor":"top","y":0.99,"xanchor":"left"},"margin":{"t":50,"b":50},"title":{"text":"Python = python-cython-3.12, Problem = TestModels_test_uc_20140901_expected"},"dragmode":"zoom","hovermode":"x","height":900,"shapes":[{"line":{"color":"green","dash":"longdash","width":2},"type":"line","x0":-5,"x1":-5,"xref":"x","y0":0,"y1":1,"yref":"paper"}],"annotations":[{"text":"3.12.7    ","x":-5}]},                        {"responsive": true}                    )                };                            </script>        </div>
</body>
</html>