<html>
<head><meta charset="utf-8" /></head>
<body>
    <div>                        <script type="text/javascript">window.PlotlyConfig = {MathJaxConfig: 'local'};</script>
        <script charset="utf-8" src="https://cdn.plot.ly/plotly-2.26.0.min.js"></script>                <div id="0d034d15-6b03-4029-812b-acbb2c9da88f" class="plotly-graph-div" style="height:900px; width:100%;"></div>            <script type="text/javascript">                                    window.PLOTLYENV=window.PLOTLYENV || {};                                    if (document.getElementById("0d034d15-6b03-4029-812b-acbb2c9da88f")) {                    Plotly.newPlot(                        "0d034d15-6b03-4029-812b-acbb2c9da88f",                        [{"line":{"color":"#ff0789","width":0.5},"name":"create_instance","text":["11.25034152995795s, 2024-03-12, f8b02390","11.06480923295021s, 2024-03-12, b06ddead","11.133358540013433s, 2024-03-13, 1b5aa97c","10.883877400308847s, 2024-03-13, cd9d6ce6","10.987082996405661s, 2024-03-14, 41032253","10.999445790424943s, 2024-03-19, c849905f","11.232174973003566s, 2024-03-25, 39e8a72b","11.171280186623335s, 2024-03-25, f697791d","11.068411254324019s, 2024-04-01, ca75c27f","11.360537665896118s, 2024-04-02, a2d546d6","11.074958764016628s, 2024-04-02, a9b9112d","10.881842191331089s, 2024-04-02, 69082ac3","11.126853680238128s, 2024-04-03, f15a1da6","11.301986956037581s, 2024-04-03, c68ce661","11.056322200223804s, 2024-04-09, 72c0d44a","11.098093242384493s, 2024-04-09, 43ff36cf","11.316917137242854s, 2024-04-10, 3e14f809","11.120208028703928s, 2024-04-11, fa5d0b6f","11.119597108103335s, 2024-04-16, 3c746ea3","11.211042591370642s, 2024-04-18, 8561f489","11.190359743312001s, 2024-04-19, 4e8e48d4","11.144207826815546s, 2024-04-19, bd640f85","11.120551059022546s, 2024-04-22, 4a5bf8a2","10.933373605832458s, 2024-04-23, fb1341c3","11.105654425919056s, 2024-04-24, 9608e0e6","11.071523493155837s, 2024-04-25, ed6296b7","11.08116190508008s, 2024-04-25, 76fab1b2","11.000256486237049s, 2024-04-25, 9dedfdb8","11.26775885000825s, 2024-04-25, 6393961f","s, , ","s, , ","s, , ","s, , ","s, , ","s, , ","s, , ","s, , ","s, , ","4.6196752259274945s, 2024-07-09, b50cfac5","4.734323727199808s, 2024-07-16, 25d59108","s, , ","4.686808366095647s, 2024-07-22, 5ec615ea","4.6275321720167994s, 2024-07-23, d0855001","4.6268004009034485s, 2024-07-23, 92a9d3b0","4.6976557651069015s, 2024-07-24, f86ac9de","4.6200942969881s, 2024-07-25, 1ada5286","3.9970587170682847s, 2024-07-30, f46da7ff","3.921775500755757s, 2024-07-31, 5c85b7c3","3.943377007730305s, 2024-08-05, 13f1cc00","3.8962556128390133s, 2024-08-06, b4804976"],"x":[-49,-48,-47,-46,-45,-44,-43,-42,-41,-40,-39,-38,-37,-36,-35,-34,-33,-32,-31,-30,-29,-28,-27,-26,-25,-24,-23,-22,-21,-20,-19,-18,-17,-16,-15,-14,-13,-12,-11,-10,-9,-8,-7,-6,-5,-4,-3,-2,-1,0],"y":[11.25034152995795,11.06480923295021,11.133358540013433,10.883877400308847,10.987082996405661,10.999445790424943,11.232174973003566,11.171280186623335,11.068411254324019,11.360537665896118,11.074958764016628,10.881842191331089,11.126853680238128,11.301986956037581,11.056322200223804,11.098093242384493,11.316917137242854,11.120208028703928,11.119597108103335,11.211042591370642,11.190359743312001,11.144207826815546,11.120551059022546,10.933373605832458,11.105654425919056,11.071523493155837,11.08116190508008,11.000256486237049,11.26775885000825,"","","","","","","","","",4.6196752259274945,4.734323727199808,"",4.686808366095647,4.6275321720167994,4.6268004009034485,4.6976557651069015,4.6200942969881,3.9970587170682847,3.921775500755757,3.943377007730305,3.8962556128390133],"yaxis":"y","type":"scatter","xaxis":"x","marker":{"size":8},"hoverinfo":"text+x","mode":"lines+markers","showlegend":true},{"line":{"color":"#966ebd","width":0.5},"name":"test_time","text":["70.05806962680072s, 2024-03-12, f8b02390","70.14993695449084s, 2024-03-12, b06ddead","70.51169545669109s, 2024-03-13, 1b5aa97c","69.30392524693161s, 2024-03-13, cd9d6ce6","70.19411962572485s, 2024-03-14, 41032253","70.79933404084295s, 2024-03-19, c849905f","70.27755595277995s, 2024-03-25, 39e8a72b","69.79551561456174s, 2024-03-25, f697791d","70.40761447697878s, 2024-04-01, ca75c27f","70.8749681878835s, 2024-04-02, a2d546d6","69.70864921808243s, 2024-04-02, a9b9112d","68.02322974801064s, 2024-04-02, 69082ac3","70.20974188204855s, 2024-04-03, f15a1da6","71.05917861219496s, 2024-04-03, c68ce661","70.25724486168474s, 2024-04-09, 72c0d44a","71.25115615595132s, 2024-04-09, 43ff36cf","70.49930375814438s, 2024-04-10, 3e14f809","70.36547161825001s, 2024-04-11, fa5d0b6f","70.02329795062542s, 2024-04-16, 3c746ea3","71.30674248561263s, 2024-04-18, 8561f489","70.42962640710175s, 2024-04-19, 4e8e48d4","70.46811873745173s, 2024-04-19, bd640f85","70.390529923141s, 2024-04-22, 4a5bf8a2","69.76881572976708s, 2024-04-23, fb1341c3","71.9759015198797s, 2024-04-24, 9608e0e6","70.26546465605497s, 2024-04-25, ed6296b7","70.04611137136817s, 2024-04-25, 76fab1b2","69.50954078137875s, 2024-04-25, 9dedfdb8","70.38186001591384s, 2024-04-25, 6393961f","s, , ","s, , ","s, , ","s, , ","s, , ","s, , ","s, , ","s, , ","s, , ","28.19659402000252s, 2024-07-09, b50cfac5","28.33900520694442s, 2024-07-16, 25d59108","s, , ","28.41930767102167s, 2024-07-22, 5ec615ea","28.147512265015393s, 2024-07-23, d0855001","28.407287407899275s, 2024-07-23, 92a9d3b0","28.63044543005526s, 2024-07-24, f86ac9de","28.249518936034292s, 2024-07-25, 1ada5286","33.70242178160697s, 2024-07-30, f46da7ff","34.01353808911517s, 2024-07-31, 5c85b7c3","33.60444346582517s, 2024-08-05, 13f1cc00","33.61611668486148s, 2024-08-06, b4804976"],"x":[-49,-48,-47,-46,-45,-44,-43,-42,-41,-40,-39,-38,-37,-36,-35,-34,-33,-32,-31,-30,-29,-28,-27,-26,-25,-24,-23,-22,-21,-20,-19,-18,-17,-16,-15,-14,-13,-12,-11,-10,-9,-8,-7,-6,-5,-4,-3,-2,-1,0],"y":[70.05806962680072,70.14993695449084,70.51169545669109,69.30392524693161,70.19411962572485,70.79933404084295,70.27755595277995,69.79551561456174,70.40761447697878,70.8749681878835,69.70864921808243,68.02322974801064,70.20974188204855,71.05917861219496,70.25724486168474,71.25115615595132,70.49930375814438,70.36547161825001,70.02329795062542,71.30674248561263,70.42962640710175,70.46811873745173,70.390529923141,69.76881572976708,71.9759015198797,70.26546465605497,70.04611137136817,69.50954078137875,70.38186001591384,"","","","","","","","","",28.19659402000252,28.33900520694442,"",28.41930767102167,28.147512265015393,28.407287407899275,28.63044543005526,28.249518936034292,33.70242178160697,34.01353808911517,33.60444346582517,33.61611668486148],"yaxis":"y2","type":"scatter","xaxis":"x2","marker":{"size":8},"hoverinfo":"text+x","mode":"lines+markers","showlegend":true},{"line":{"color":"#ad900d","width":0.5},"name":"nl","text":["9.670653981156647s, 2024-03-12, f8b02390","9.56310404278338s, 2024-03-12, b06ddead","9.545117258094251s, 2024-03-13, 1b5aa97c","9.340967943891883s, 2024-03-13, cd9d6ce6","9.461419293656945s, 2024-03-14, 41032253","9.735875410027802s, 2024-03-19, c849905f","9.368205018341541s, 2024-03-25, 39e8a72b","9.399435599334538s, 2024-03-25, f697791d","9.646856737323105s, 2024-04-01, ca75c27f","9.927980224601924s, 2024-04-02, a2d546d6","9.451890611089766s, 2024-04-02, a9b9112d","9.256317148916423s, 2024-04-02, 69082ac3","9.60690377280116s, 2024-04-03, f15a1da6","9.625310062430799s, 2024-04-03, c68ce661","9.529256964102387s, 2024-04-09, 72c0d44a","9.66397815849632s, 2024-04-09, 43ff36cf","9.597051054239273s, 2024-04-10, 3e14f809","9.544775535352528s, 2024-04-11, fa5d0b6f","9.54566933400929s, 2024-04-16, 3c746ea3","9.648060074076056s, 2024-04-18, 8561f489","9.64202126674354s, 2024-04-19, 4e8e48d4","9.517709053121507s, 2024-04-19, bd640f85","9.542396367527544s, 2024-04-22, 4a5bf8a2","9.533067075535655s, 2024-04-23, fb1341c3","9.849764000624418s, 2024-04-24, 9608e0e6","9.57345486804843s, 2024-04-25, ed6296b7","9.471372477710247s, 2024-04-25, 76fab1b2","9.526616068556905s, 2024-04-25, 9dedfdb8","9.51813841611147s, 2024-04-25, 6393961f","s, , ","s, , ","s, , ","s, , ","s, , ","s, , ","s, , ","s, , ","s, , ","3.9412820589495823s, 2024-07-09, b50cfac5","3.9209466921165586s, 2024-07-16, 25d59108","s, , ","3.930145530961454s, 2024-07-22, 5ec615ea","3.9365870219189674s, 2024-07-23, d0855001","3.938642900204286s, 2024-07-23, 92a9d3b0","3.9878775801043957s, 2024-07-24, f86ac9de","3.916330480016768s, 2024-07-25, 1ada5286","5.048724059946835s, 2024-07-30, f46da7ff","5.195650288835168s, 2024-07-31, 5c85b7c3","5.0814434750936925s, 2024-08-05, 13f1cc00","5.068029883783311s, 2024-08-06, b4804976"],"x":[-49,-48,-47,-46,-45,-44,-43,-42,-41,-40,-39,-38,-37,-36,-35,-34,-33,-32,-31,-30,-29,-28,-27,-26,-25,-24,-23,-22,-21,-20,-19,-18,-17,-16,-15,-14,-13,-12,-11,-10,-9,-8,-7,-6,-5,-4,-3,-2,-1,0],"y":[9.670653981156647,9.56310404278338,9.545117258094251,9.340967943891883,9.461419293656945,9.735875410027802,9.368205018341541,9.399435599334538,9.646856737323105,9.927980224601924,9.451890611089766,9.256317148916423,9.60690377280116,9.625310062430799,9.529256964102387,9.66397815849632,9.597051054239273,9.544775535352528,9.54566933400929,9.648060074076056,9.64202126674354,9.517709053121507,9.542396367527544,9.533067075535655,9.849764000624418,9.57345486804843,9.471372477710247,9.526616068556905,9.51813841611147,"","","","","","","","","",3.9412820589495823,3.9209466921165586,"",3.930145530961454,3.9365870219189674,3.938642900204286,3.9878775801043957,3.916330480016768,5.048724059946835,5.195650288835168,5.0814434750936925,5.068029883783311],"yaxis":"y3","type":"scatter","xaxis":"x3","marker":{"size":8},"hoverinfo":"text+x","mode":"lines+markers","showlegend":true},{"line":{"color":"#009337","width":0.5},"name":"lp","text":["10.82218838762492s, 2024-03-12, f8b02390","10.848798407241702s, 2024-03-12, b06ddead","10.840846994891763s, 2024-03-13, 1b5aa97c","10.58266877848655s, 2024-03-13, cd9d6ce6","10.881005069240928s, 2024-03-14, 41032253","11.152921904809773s, 2024-03-19, c849905f","10.855453347787261s, 2024-03-25, 39e8a72b","10.77987389266491s, 2024-03-25, f697791d","10.907595232129097s, 2024-04-01, ca75c27f","10.909734782762825s, 2024-04-02, a2d546d6","10.769444310106337s, 2024-04-02, a9b9112d","10.635845582932234s, 2024-04-02, 69082ac3","10.832006768323481s, 2024-04-03, f15a1da6","10.89406216237694s, 2024-04-03, c68ce661","10.720225947909057s, 2024-04-09, 72c0d44a","11.062465423718095s, 2024-04-09, 43ff36cf","10.949444168247283s, 2024-04-10, 3e14f809","10.85855077765882s, 2024-04-11, fa5d0b6f","10.797136230394244s, 2024-04-16, 3c746ea3","10.999908695928752s, 2024-04-18, 8561f489","10.948195771314204s, 2024-04-19, 4e8e48d4","10.930347527377307s, 2024-04-19, bd640f85","10.829172847792506s, 2024-04-22, 4a5bf8a2","10.715783363208175s, 2024-04-23, fb1341c3","11.297838574275374s, 2024-04-24, 9608e0e6","10.832609076052904s, 2024-04-25, ed6296b7","10.782324777916074s, 2024-04-25, 76fab1b2","10.76656618528068s, 2024-04-25, 9dedfdb8","10.855413476005197s, 2024-04-25, 6393961f","s, , ","s, , ","s, , ","s, , ","s, , ","s, , ","s, , ","s, , ","s, , ","4.0487648049602285s, 2024-07-09, b50cfac5","4.063300529960543s, 2024-07-16, 25d59108","s, , ","4.074784642085433s, 2024-07-22, 5ec615ea","4.01878446014598s, 2024-07-23, d0855001","4.089324166998267s, 2024-07-23, 92a9d3b0","4.08492666692473s, 2024-07-24, f86ac9de","4.057040545158088s, 2024-07-25, 1ada5286","5.364006593823433s, 2024-07-30, f46da7ff","5.484982691239566s, 2024-07-31, 5c85b7c3","5.3426802624017s, 2024-08-05, 13f1cc00","5.3877865467220545s, 2024-08-06, b4804976"],"x":[-49,-48,-47,-46,-45,-44,-43,-42,-41,-40,-39,-38,-37,-36,-35,-34,-33,-32,-31,-30,-29,-28,-27,-26,-25,-24,-23,-22,-21,-20,-19,-18,-17,-16,-15,-14,-13,-12,-11,-10,-9,-8,-7,-6,-5,-4,-3,-2,-1,0],"y":[10.82218838762492,10.848798407241702,10.840846994891763,10.58266877848655,10.881005069240928,11.152921904809773,10.855453347787261,10.77987389266491,10.907595232129097,10.909734782762825,10.769444310106337,10.635845582932234,10.832006768323481,10.89406216237694,10.720225947909057,11.062465423718095,10.949444168247283,10.85855077765882,10.797136230394244,10.999908695928752,10.948195771314204,10.930347527377307,10.829172847792506,10.715783363208175,11.297838574275374,10.832609076052904,10.782324777916074,10.76656618528068,10.855413476005197,"","","","","","","","","",4.0487648049602285,4.063300529960543,"",4.074784642085433,4.01878446014598,4.089324166998267,4.08492666692473,4.057040545158088,5.364006593823433,5.484982691239566,5.3426802624017,5.3877865467220545],"yaxis":"y4","type":"scatter","xaxis":"x4","marker":{"size":8},"hoverinfo":"text+x","mode":"lines+markers","showlegend":true},{"line":{"color":"#850e04","width":0.5},"name":"bar","text":["15.211630965583026s, 2024-03-12, f8b02390","15.391580844298005s, 2024-03-12, b06ddead","15.560301268473268s, 2024-03-13, 1b5aa97c","15.056553571484983s, 2024-03-13, cd9d6ce6","15.600183611735702s, 2024-03-14, 41032253","15.388387807644904s, 2024-03-19, c849905f","15.383569573052227s, 2024-03-25, 39e8a72b","15.2016929583624s, 2024-03-25, f697791d","15.38341095391661s, 2024-04-01, ca75c27f","15.301710431464016s, 2024-04-02, a2d546d6","15.163982235826552s, 2024-04-02, a9b9112d","14.780218642205s, 2024-04-02, 69082ac3","15.371168579906225s, 2024-04-03, f15a1da6","15.669849254190922s, 2024-04-03, c68ce661","15.47573855984956s, 2024-04-09, 72c0d44a","15.67440158315003s, 2024-04-09, 43ff36cf","15.395441297441721s, 2024-04-10, 3e14f809","15.399838884361088s, 2024-04-11, fa5d0b6f","15.2623157678172s, 2024-04-16, 3c746ea3","15.765559874475002s, 2024-04-18, 8561f489","15.366217965260148s, 2024-04-19, 4e8e48d4","15.48163538146764s, 2024-04-19, bd640f85","15.516156535595655s, 2024-04-22, 4a5bf8a2","15.35872706770897s, 2024-04-23, fb1341c3","15.710879551246762s, 2024-04-24, 9608e0e6","15.450631979852915s, 2024-04-25, ed6296b7","15.365413308143616s, 2024-04-25, 76fab1b2","15.139810897409916s, 2024-04-25, 9dedfdb8","15.39047578535974s, 2024-04-25, 6393961f","s, , ","s, , ","s, , ","s, , ","s, , ","s, , ","s, , ","s, , ","s, , ","5.748711857013404s, 2024-07-09, b50cfac5","5.758207924198359s, 2024-07-16, 25d59108","s, , ","5.813386199995875s, 2024-07-22, 5ec615ea","5.7449472961016s, 2024-07-23, d0855001","5.801625877153128s, 2024-07-23, 92a9d3b0","5.904572835192084s, 2024-07-24, f86ac9de","5.807216098997742s, 2024-07-25, 1ada5286","7.994988530874252s, 2024-07-30, f46da7ff","8.138513159006834s, 2024-07-31, 5c85b7c3","7.972914032638073s, 2024-08-05, 13f1cc00","8.015042969025671s, 2024-08-06, b4804976"],"x":[-49,-48,-47,-46,-45,-44,-43,-42,-41,-40,-39,-38,-37,-36,-35,-34,-33,-32,-31,-30,-29,-28,-27,-26,-25,-24,-23,-22,-21,-20,-19,-18,-17,-16,-15,-14,-13,-12,-11,-10,-9,-8,-7,-6,-5,-4,-3,-2,-1,0],"y":[15.211630965583026,15.391580844298005,15.560301268473268,15.056553571484983,15.600183611735702,15.388387807644904,15.383569573052227,15.2016929583624,15.38341095391661,15.301710431464016,15.163982235826552,14.780218642205,15.371168579906225,15.669849254190922,15.47573855984956,15.67440158315003,15.395441297441721,15.399838884361088,15.2623157678172,15.765559874475002,15.366217965260148,15.48163538146764,15.516156535595655,15.35872706770897,15.710879551246762,15.450631979852915,15.365413308143616,15.139810897409916,15.39047578535974,"","","","","","","","","",5.748711857013404,5.758207924198359,"",5.813386199995875,5.7449472961016,5.801625877153128,5.904572835192084,5.807216098997742,7.994988530874252,8.138513159006834,7.972914032638073,8.015042969025671],"yaxis":"y5","type":"scatter","xaxis":"x5","marker":{"size":8},"hoverinfo":"text+x","mode":"lines+markers","showlegend":true},{"line":{"color":"#3e82fc","width":0.5},"name":"gams","text":["18.384893051348627s, 2024-03-12, f8b02390","18.621872442774475s, 2024-03-12, b06ddead","18.661670183762908s, 2024-03-13, 1b5aa97c","18.755913984030485s, 2024-03-13, cd9d6ce6","18.574353775940835s, 2024-03-14, 41032253","18.79186237603426s, 2024-03-19, c849905f","18.756340831518173s, 2024-03-25, 39e8a72b","18.57535064406693s, 2024-03-25, f697791d","18.73390192911029s, 2024-04-01, ca75c27f","18.577234868891537s, 2024-04-02, a2d546d6","18.600009260699153s, 2024-04-02, a9b9112d","17.775918135419488s, 2024-04-02, 69082ac3","18.55331160314381s, 2024-04-03, f15a1da6","18.830765784718096s, 2024-04-03, c68ce661","18.88920899759978s, 2024-04-09, 72c0d44a","19.12421184591949s, 2024-04-09, 43ff36cf","18.55322341900319s, 2024-04-10, 3e14f809","18.711103931069374s, 2024-04-11, fa5d0b6f","18.611296959221363s, 2024-04-16, 3c746ea3","19.019368262961507s, 2024-04-18, 8561f489","18.715428438037634s, 2024-04-19, 4e8e48d4","18.796602811664343s, 2024-04-19, bd640f85","18.71389007009566s, 2024-04-22, 4a5bf8a2","18.62810946814716s, 2024-04-23, fb1341c3","19.11518431082368s, 2024-04-24, 9608e0e6","18.68262910284102s, 2024-04-25, ed6296b7","18.690822195261717s, 2024-04-25, 76fab1b2","18.405053947120905s, 2024-04-25, 9dedfdb8","18.67894852720201s, 2024-04-25, 6393961f","s, , ","s, , ","s, , ","s, , ","s, , ","s, , ","s, , ","s, , ","s, , ","6.713552123983391s, 2024-07-09, b50cfac5","6.685965674929321s, 2024-07-16, 25d59108","s, , ","6.786271532997489s, 2024-07-22, 5ec615ea","6.66155907115899s, 2024-07-23, d0855001","6.838100887136534s, 2024-07-23, 92a9d3b0","6.797655029920861s, 2024-07-24, f86ac9de","6.7224414348602295s, 2024-07-25, 1ada5286","9.032941565848887s, 2024-07-30, f46da7ff","9.067963433917612s, 2024-07-31, 5c85b7c3","9.075531566049904s, 2024-08-05, 13f1cc00","9.06535268528387s, 2024-08-06, b4804976"],"x":[-49,-48,-47,-46,-45,-44,-43,-42,-41,-40,-39,-38,-37,-36,-35,-34,-33,-32,-31,-30,-29,-28,-27,-26,-25,-24,-23,-22,-21,-20,-19,-18,-17,-16,-15,-14,-13,-12,-11,-10,-9,-8,-7,-6,-5,-4,-3,-2,-1,0],"y":[18.384893051348627,18.621872442774475,18.661670183762908,18.755913984030485,18.574353775940835,18.79186237603426,18.756340831518173,18.57535064406693,18.73390192911029,18.577234868891537,18.600009260699153,17.775918135419488,18.55331160314381,18.830765784718096,18.88920899759978,19.12421184591949,18.55322341900319,18.711103931069374,18.611296959221363,19.019368262961507,18.715428438037634,18.796602811664343,18.71389007009566,18.62810946814716,19.11518431082368,18.68262910284102,18.690822195261717,18.405053947120905,18.67894852720201,"","","","","","","","","",6.713552123983391,6.685965674929321,"",6.786271532997489,6.66155907115899,6.838100887136534,6.797655029920861,6.7224414348602295,9.032941565848887,9.067963433917612,9.075531566049904,9.06535268528387],"yaxis":"y6","type":"scatter","xaxis":"x6","marker":{"size":8},"hoverinfo":"text+x","mode":"lines+markers","showlegend":true}],                        {"template":{"data":{"barpolar":[{"marker":{"line":{"color":"white","width":0.5},"pattern":{"fillmode":"overlay","size":10,"solidity":0.2}},"type":"barpolar"}],"bar":[{"error_x":{"color":"#2a3f5f"},"error_y":{"color":"#2a3f5f"},"marker":{"line":{"color":"white","width":0.5},"pattern":{"fillmode":"overlay","size":10,"solidity":0.2}},"type":"bar"}],"carpet":[{"aaxis":{"endlinecolor":"#2a3f5f","gridcolor":"#C8D4E3","linecolor":"#C8D4E3","minorgridcolor":"#C8D4E3","startlinecolor":"#2a3f5f"},"baxis":{"endlinecolor":"#2a3f5f","gridcolor":"#C8D4E3","linecolor":"#C8D4E3","minorgridcolor":"#C8D4E3","startlinecolor":"#2a3f5f"},"type":"carpet"}],"choropleth":[{"colorbar":{"outlinewidth":0,"ticks":""},"type":"choropleth"}],"contourcarpet":[{"colorbar":{"outlinewidth":0,"ticks":""},"type":"contourcarpet"}],"contour":[{"colorbar":{"outlinewidth":0,"ticks":""},"colorscale":[[0.0,"#0d0887"],[0.1111111111111111,"#46039f"],[0.2222222222222222,"#7201a8"],[0.3333333333333333,"#9c179e"],[0.4444444444444444,"#bd3786"],[0.5555555555555556,"#d8576b"],[0.6666666666666666,"#ed7953"],[0.7777777777777778,"#fb9f3a"],[0.8888888888888888,"#fdca26"],[1.0,"#f0f921"]],"type":"contour"}],"heatmapgl":[{"colorbar":{"outlinewidth":0,"ticks":""},"colorscale":[[0.0,"#0d0887"],[0.1111111111111111,"#46039f"],[0.2222222222222222,"#7201a8"],[0.3333333333333333,"#9c179e"],[0.4444444444444444,"#bd3786"],[0.5555555555555556,"#d8576b"],[0.6666666666666666,"#ed7953"],[0.7777777777777778,"#fb9f3a"],[0.8888888888888888,"#fdca26"],[1.0,"#f0f921"]],"type":"heatmapgl"}],"heatmap":[{"colorbar":{"outlinewidth":0,"ticks":""},"colorscale":[[0.0,"#0d0887"],[0.1111111111111111,"#46039f"],[0.2222222222222222,"#7201a8"],[0.3333333333333333,"#9c179e"],[0.4444444444444444,"#bd3786"],[0.5555555555555556,"#d8576b"],[0.6666666666666666,"#ed7953"],[0.7777777777777778,"#fb9f3a"],[0.8888888888888888,"#fdca26"],[1.0,"#f0f921"]],"type":"heatmap"}],"histogram2dcontour":[{"colorbar":{"outlinewidth":0,"ticks":""},"colorscale":[[0.0,"#0d0887"],[0.1111111111111111,"#46039f"],[0.2222222222222222,"#7201a8"],[0.3333333333333333,"#9c179e"],[0.4444444444444444,"#bd3786"],[0.5555555555555556,"#d8576b"],[0.6666666666666666,"#ed7953"],[0.7777777777777778,"#fb9f3a"],[0.8888888888888888,"#fdca26"],[1.0,"#f0f921"]],"type":"histogram2dcontour"}],"histogram2d":[{"colorbar":{"outlinewidth":0,"ticks":""},"colorscale":[[0.0,"#0d0887"],[0.1111111111111111,"#46039f"],[0.2222222222222222,"#7201a8"],[0.3333333333333333,"#9c179e"],[0.4444444444444444,"#bd3786"],[0.5555555555555556,"#d8576b"],[0.6666666666666666,"#ed7953"],[0.7777777777777778,"#fb9f3a"],[0.8888888888888888,"#fdca26"],[1.0,"#f0f921"]],"type":"histogram2d"}],"histogram":[{"marker":{"pattern":{"fillmode":"overlay","size":10,"solidity":0.2}},"type":"histogram"}],"mesh3d":[{"colorbar":{"outlinewidth":0,"ticks":""},"type":"mesh3d"}],"parcoords":[{"line":{"colorbar":{"outlinewidth":0,"ticks":""}},"type":"parcoords"}],"pie":[{"automargin":true,"type":"pie"}],"scatter3d":[{"line":{"colorbar":{"outlinewidth":0,"ticks":""}},"marker":{"colorbar":{"outlinewidth":0,"ticks":""}},"type":"scatter3d"}],"scattercarpet":[{"marker":{"colorbar":{"outlinewidth":0,"ticks":""}},"type":"scattercarpet"}],"scattergeo":[{"marker":{"colorbar":{"outlinewidth":0,"ticks":""}},"type":"scattergeo"}],"scattergl":[{"marker":{"colorbar":{"outlinewidth":0,"ticks":""}},"type":"scattergl"}],"scattermapbox":[{"marker":{"colorbar":{"outlinewidth":0,"ticks":""}},"type":"scattermapbox"}],"scatterpolargl":[{"marker":{"colorbar":{"outlinewidth":0,"ticks":""}},"type":"scatterpolargl"}],"scatterpolar":[{"marker":{"colorbar":{"outlinewidth":0,"ticks":""}},"type":"scatterpolar"}],"scatter":[{"fillpattern":{"fillmode":"overlay","size":10,"solidity":0.2},"type":"scatter"}],"scatterternary":[{"marker":{"colorbar":{"outlinewidth":0,"ticks":""}},"type":"scatterternary"}],"surface":[{"colorbar":{"outlinewidth":0,"ticks":""},"colorscale":[[0.0,"#0d0887"],[0.1111111111111111,"#46039f"],[0.2222222222222222,"#7201a8"],[0.3333333333333333,"#9c179e"],[0.4444444444444444,"#bd3786"],[0.5555555555555556,"#d8576b"],[0.6666666666666666,"#ed7953"],[0.7777777777777778,"#fb9f3a"],[0.8888888888888888,"#fdca26"],[1.0,"#f0f921"]],"type":"surface"}],"table":[{"cells":{"fill":{"color":"#EBF0F8"},"line":{"color":"white"}},"header":{"fill":{"color":"#C8D4E3"},"line":{"color":"white"}},"type":"table"}]},"layout":{"annotationdefaults":{"arrowcolor":"#2a3f5f","arrowhead":0,"arrowwidth":1},"autotypenumbers":"strict","coloraxis":{"colorbar":{"outlinewidth":0,"ticks":""}},"colorscale":{"diverging":[[0,"#8e0152"],[0.1,"#c51b7d"],[0.2,"#de77ae"],[0.3,"#f1b6da"],[0.4,"#fde0ef"],[0.5,"#f7f7f7"],[0.6,"#e6f5d0"],[0.7,"#b8e186"],[0.8,"#7fbc41"],[0.9,"#4d9221"],[1,"#276419"]],"sequential":[[0.0,"#0d0887"],[0.1111111111111111,"#46039f"],[0.2222222222222222,"#7201a8"],[0.3333333333333333,"#9c179e"],[0.4444444444444444,"#bd3786"],[0.5555555555555556,"#d8576b"],[0.6666666666666666,"#ed7953"],[0.7777777777777778,"#fb9f3a"],[0.8888888888888888,"#fdca26"],[1.0,"#f0f921"]],"sequentialminus":[[0.0,"#0d0887"],[0.1111111111111111,"#46039f"],[0.2222222222222222,"#7201a8"],[0.3333333333333333,"#9c179e"],[0.4444444444444444,"#bd3786"],[0.5555555555555556,"#d8576b"],[0.6666666666666666,"#ed7953"],[0.7777777777777778,"#fb9f3a"],[0.8888888888888888,"#fdca26"],[1.0,"#f0f921"]]},"colorway":["#636efa","#EF553B","#00cc96","#ab63fa","#FFA15A","#19d3f3","#FF6692","#B6E880","#FF97FF","#FECB52"],"font":{"color":"#2a3f5f"},"geo":{"bgcolor":"white","lakecolor":"white","landcolor":"white","showlakes":true,"showland":true,"subunitcolor":"#C8D4E3"},"hoverlabel":{"align":"left"},"hovermode":"closest","mapbox":{"style":"light"},"paper_bgcolor":"white","plot_bgcolor":"white","polar":{"angularaxis":{"gridcolor":"#EBF0F8","linecolor":"#EBF0F8","ticks":""},"bgcolor":"white","radialaxis":{"gridcolor":"#EBF0F8","linecolor":"#EBF0F8","ticks":""}},"scene":{"xaxis":{"backgroundcolor":"white","gridcolor":"#DFE8F3","gridwidth":2,"linecolor":"#EBF0F8","showbackground":true,"ticks":"","zerolinecolor":"#EBF0F8"},"yaxis":{"backgroundcolor":"white","gridcolor":"#DFE8F3","gridwidth":2,"linecolor":"#EBF0F8","showbackground":true,"ticks":"","zerolinecolor":"#EBF0F8"},"zaxis":{"backgroundcolor":"white","gridcolor":"#DFE8F3","gridwidth":2,"linecolor":"#EBF0F8","showbackground":true,"ticks":"","zerolinecolor":"#EBF0F8"}},"shapedefaults":{"line":{"color":"#2a3f5f"}},"ternary":{"aaxis":{"gridcolor":"#DFE8F3","linecolor":"#A2B1C6","ticks":""},"baxis":{"gridcolor":"#DFE8F3","linecolor":"#A2B1C6","ticks":""},"bgcolor":"white","caxis":{"gridcolor":"#DFE8F3","linecolor":"#A2B1C6","ticks":""}},"title":{"x":0.05},"xaxis":{"automargin":true,"gridcolor":"#EBF0F8","linecolor":"#EBF0F8","ticks":"","title":{"standoff":15},"zerolinecolor":"#EBF0F8","zerolinewidth":2},"yaxis":{"automargin":true,"gridcolor":"#EBF0F8","linecolor":"#EBF0F8","ticks":"","title":{"standoff":15},"zerolinecolor":"#EBF0F8","zerolinewidth":2}}},"xaxis":{"anchor":"y","domain":[0.0,1.0],"autorange":true,"range":[-49,0],"type":"linear","showticklabels":true},"yaxis":{"anchor":"x","domain":[0.0,0.16666666666666666],"tickfont":{"color":"#ff0789","size":9},"autorange":true,"fixedrange":false,"mirror":true,"showline":true,"side":"left","tickmode":"auto","ticks":"","tickson":"boundaries","type":"linear","zeroline":false,"automargin":false},"xaxis2":{"anchor":"y2","domain":[0.0,1.0],"showticklabels":false},"yaxis2":{"anchor":"x","domain":[0.16666666666666666,0.3333333333333333],"tickfont":{"color":"#966ebd","size":9},"autorange":true,"fixedrange":false,"mirror":true,"showline":true,"side":"left","tickmode":"auto","ticks":"","tickson":"boundaries","type":"linear","zeroline":false},"xaxis3":{"anchor":"y3","domain":[0.0,1.0],"showticklabels":false},"yaxis3":{"anchor":"x","domain":[0.3333333333333333,0.5],"tickfont":{"color":"#ad900d","size":9},"autorange":true,"fixedrange":false,"mirror":true,"showline":true,"side":"left","tickmode":"auto","ticks":"","tickson":"boundaries","type":"linear","zeroline":false},"xaxis4":{"anchor":"y4","domain":[0.0,1.0],"showticklabels":false},"yaxis4":{"anchor":"x","domain":[0.5,0.6666666666666666],"tickfont":{"color":"#009337","size":9},"autorange":true,"fixedrange":false,"mirror":true,"showline":true,"side":"left","tickmode":"auto","ticks":"","tickson":"boundaries","type":"linear","zeroline":false},"xaxis5":{"anchor":"y5","domain":[0.0,1.0],"showticklabels":false},"yaxis5":{"anchor":"x","domain":[0.6666666666666666,0.8333333333333333],"tickfont":{"color":"#850e04","size":9},"autorange":true,"fixedrange":false,"mirror":true,"showline":true,"side":"left","tickmode":"auto","ticks":"","tickson":"boundaries","type":"linear","zeroline":false},"xaxis6":{"anchor":"y6","domain":[0.0,1.0],"showticklabels":false},"yaxis6":{"anchor":"x","domain":[0.8333333333333333,1.0],"tickfont":{"color":"#3e82fc","size":9},"autorange":true,"fixedrange":false,"mirror":true,"showline":true,"side":"left","tickmode":"auto","ticks":"","tickson":"boundaries","type":"linear","zeroline":false},"xaxis7":{"anchor":"y7","domain":[0.0,1.0],"showticklabels":false},"yaxis7":{"anchor":"x","domain":[1,1],"tickfont":{"color":"#fe420f","size":9},"autorange":true,"fixedrange":false,"mirror":true,"showline":true,"side":"left","tickmode":"auto","ticks":"","tickson":"boundaries","type":"linear","zeroline":false},"xaxis8":{"anchor":"y8","domain":[0.0,1.0],"showticklabels":false},"yaxis8":{"anchor":"x","domain":[1,1],"tickfont":{"color":"#fe828c","size":9},"autorange":true,"fixedrange":false,"mirror":true,"showline":true,"side":"left","tickmode":"auto","ticks":"","tickson":"boundaries","type":"linear","zeroline":false},"yaxis9":{"anchor":"x","autorange":true,"fixedrange":false,"domain":[1,1],"mirror":true,"showline":true,"side":"left","tickfont":{"color":"#85a3b2","size":9},"tickmode":"auto","ticks":"","tickson":"boundaries","type":"linear","zeroline":false},"yaxis10":{"anchor":"x","autorange":true,"fixedrange":false,"domain":[1,1],"mirror":true,"showline":true,"side":"left","tickfont":{"color":"#f0833a","size":9},"tickmode":"auto","ticks":"","tickson":"boundaries","type":"linear","zeroline":false},"legend":{"traceorder":"reversed","yanchor":"top","y":0.99,"xanchor":"left"},"margin":{"t":50,"b":50},"title":{"text":"Python = python-3.8, Problem = TestModels_test_uc_20140901_expected"},"dragmode":"zoom","hovermode":"x","height":900,"shapes":[{"line":{"color":"green","dash":"longdash","width":2},"type":"line","x0":-11,"x1":-11,"xref":"x","y0":0,"y1":1,"yref":"paper"}],"annotations":[{"text":"3.8.19    ","x":-11}]},                        {"responsive": true}                    )                };                            </script>        </div>
</body>
</html>