<html>
<head><meta charset="utf-8" /></head>
<body>
    <div>                        <script type="text/javascript">window.PlotlyConfig = {MathJaxConfig: 'local'};</script>
        <script charset="utf-8" src="https://cdn.plot.ly/plotly-2.26.0.min.js"></script>                <div id="1d2f4d86-ca50-4f82-a4d5-44d7de4bd145" class="plotly-graph-div" style="height:900px; width:100%;"></div>            <script type="text/javascript">                                    window.PLOTLYENV=window.PLOTLYENV || {};                                    if (document.getElementById("1d2f4d86-ca50-4f82-a4d5-44d7de4bd145")) {                    Plotly.newPlot(                        "1d2f4d86-ca50-4f82-a4d5-44d7de4bd145",                        [{"line":{"color":"#ff0789","width":0.5},"name":"create_instance","text":["7.455641662236303s, 2024-01-09, d04f6bbe","7.331973589025438s, 2024-01-11, a53bebcf","7.581882457714528s, 2024-01-13, 98537e0d","7.287309539038688s, 2024-01-16, ff3c4716","7.439123104326427s, 2024-01-16, 306bb69c","s, , ","s, , ","7.392386257999533s, 2024-01-17, 6d392a89","7.394438855990302s, 2024-01-18, 74f18cfd","s, , ","7.505480302032083s, 2024-01-22, 74f18cfd","7.353183725965209s, 2024-01-23, 6638839c","7.417571000056341s, 2024-01-24, 85b63ab6","7.473886333056726s, 2024-01-24, 4d1a4edb","7.361270893947221s, 2024-01-25, 6b36613d","7.481334371026605s, 2024-01-26, 00748f48","7.436472626985051s, 2024-01-26, f7fa2239","7.407190110068768s, 2024-01-29, a02be9df","7.449515882879496s, 2024-01-31, 785501db","7.305556089151651s, 2024-02-01, d5aca8b1","s, , ","s, , ","7.433321362128481s, 2024-02-01, b41d3ae5","7.332738908007741s, 2024-02-02, 35668379","7.374025135068223s, 2024-02-02, 835a2dfc","7.587841524044052s, 2024-02-05, 1e259f6c","7.836225152947009s, 2024-02-08, 42fa5786","7.579775754828006s, 2024-02-13, a4ddad3b","7.614256850909442s, 2024-02-13, 7c429b1b","7.735526139847934s, 2024-02-14, 7e9da375","7.592723261099309s, 2024-02-14, 5903fbcb","7.707040849141777s, 2024-02-14, 15e6e4a1","7.6122973542660475s, 2024-02-15, f81f34f1","7.632863510400057s, 2024-02-16, 30793ef5","7.470321103930473s, 2024-02-16, d09c24da","7.590439863037318s, 2024-02-16, 609e7555","7.728938388638198s, 2024-02-16, 0ed5c598","7.752715295180678s, 2024-02-16, 42bd0a7b","7.616418062709272s, 2024-02-19, ddaa4923","7.66532649518922s, 2024-02-19, 825742ea","7.607826376333833s, 2024-02-20, a8ce257a","7.542956926859915s, 2024-02-20, 922ea8e8","7.52142519922927s, 2024-02-20, 52ad6023","7.702484589070082s, 2024-02-20, 783872b7","7.614262391347438s, 2024-02-21, 3e9dd9ed","7.737289210315794s, 2024-02-21, 5bfa2985","7.7945221262052655s, 2024-02-21, 158933f2","7.7261464218609035s, 2024-02-21, 8d599f5e","7.622818919830024s, 2024-02-21, 70b28037","7.630549638997763s, 2024-02-21, 0b4ea7d2"],"x":[-49,-48,-47,-46,-45,-44,-43,-42,-41,-40,-39,-38,-37,-36,-35,-34,-33,-32,-31,-30,-29,-28,-27,-26,-25,-24,-23,-22,-21,-20,-19,-18,-17,-16,-15,-14,-13,-12,-11,-10,-9,-8,-7,-6,-5,-4,-3,-2,-1,0],"y":[7.455641662236303,7.331973589025438,7.581882457714528,7.287309539038688,7.439123104326427,"","",7.392386257999533,7.394438855990302,"",7.505480302032083,7.353183725965209,7.417571000056341,7.473886333056726,7.361270893947221,7.481334371026605,7.436472626985051,7.407190110068768,7.449515882879496,7.305556089151651,"","",7.433321362128481,7.332738908007741,7.374025135068223,7.587841524044052,7.836225152947009,7.579775754828006,7.614256850909442,7.735526139847934,7.592723261099309,7.707040849141777,7.6122973542660475,7.632863510400057,7.470321103930473,7.590439863037318,7.728938388638198,7.752715295180678,7.616418062709272,7.66532649518922,7.607826376333833,7.542956926859915,7.52142519922927,7.702484589070082,7.614262391347438,7.737289210315794,7.7945221262052655,7.7261464218609035,7.622818919830024,7.630549638997763],"yaxis":"y","type":"scatter","xaxis":"x","marker":{"size":8},"hoverinfo":"text+x","mode":"lines+markers","showlegend":true},{"line":{"color":"#966ebd","width":0.5},"name":"test_time","text":["55.582549429964274s, 2024-01-09, d04f6bbe","55.90332760522142s, 2024-01-11, a53bebcf","56.033885947894305s, 2024-01-13, 98537e0d","56.03333779517561s, 2024-01-16, ff3c4716","56.56143733486533s, 2024-01-16, 306bb69c","s, , ","s, , ","55.82066553200002s, 2024-01-17, 6d392a89","55.68660530500347s, 2024-01-18, 74f18cfd","s, , ","56.3784216689528s, 2024-01-22, 74f18cfd","56.296942676068284s, 2024-01-23, 6638839c","55.898411178030074s, 2024-01-24, 85b63ab6","56.10538364201784s, 2024-01-24, 4d1a4edb","55.332101219915785s, 2024-01-25, 6b36613d","56.699988696025684s, 2024-01-26, 00748f48","56.11908572202083s, 2024-01-26, f7fa2239","56.09662865696009s, 2024-01-29, a02be9df","57.110173407010734s, 2024-01-31, 785501db","56.39183658082038s, 2024-02-01, d5aca8b1","s, , ","s, , ","56.5681495310273s, 2024-02-01, b41d3ae5","56.62339368695393s, 2024-02-02, 35668379","55.87873867107555s, 2024-02-02, 835a2dfc","56.61913980101235s, 2024-02-05, 1e259f6c","56.9143192730844s, 2024-02-08, 42fa5786","56.378058190923184s, 2024-02-13, a4ddad3b","56.511016726028174s, 2024-02-13, 7c429b1b","57.30699437810108s, 2024-02-14, 7e9da375","56.13026362610981s, 2024-02-14, 5903fbcb","56.3950012139976s, 2024-02-14, 15e6e4a1","56.027146975975484s, 2024-02-15, f81f34f1","56.3282981319353s, 2024-02-16, 30793ef5","56.00224547088146s, 2024-02-16, d09c24da","56.66014238074422s, 2024-02-16, 609e7555","57.29418553598225s, 2024-02-16, 0ed5c598","56.65034788381308s, 2024-02-16, 42bd0a7b","56.89978647977114s, 2024-02-19, ddaa4923","56.53622656688094s, 2024-02-19, 825742ea","56.65325017180294s, 2024-02-20, a8ce257a","55.587177894543856s, 2024-02-20, 922ea8e8","56.252032827120274s, 2024-02-20, 52ad6023","55.31552330078557s, 2024-02-20, 783872b7","55.76029591122642s, 2024-02-21, 3e9dd9ed","56.111249605659395s, 2024-02-21, 5bfa2985","56.013269612099975s, 2024-02-21, 158933f2","55.621496935375035s, 2024-02-21, 8d599f5e","55.81255978811532s, 2024-02-21, 70b28037","56.19159492198378s, 2024-02-21, 0b4ea7d2"],"x":[-49,-48,-47,-46,-45,-44,-43,-42,-41,-40,-39,-38,-37,-36,-35,-34,-33,-32,-31,-30,-29,-28,-27,-26,-25,-24,-23,-22,-21,-20,-19,-18,-17,-16,-15,-14,-13,-12,-11,-10,-9,-8,-7,-6,-5,-4,-3,-2,-1,0],"y":[55.582549429964274,55.90332760522142,56.033885947894305,56.03333779517561,56.56143733486533,"","",55.82066553200002,55.68660530500347,"",56.3784216689528,56.296942676068284,55.898411178030074,56.10538364201784,55.332101219915785,56.699988696025684,56.11908572202083,56.09662865696009,57.110173407010734,56.39183658082038,"","",56.5681495310273,56.62339368695393,55.87873867107555,56.61913980101235,56.9143192730844,56.378058190923184,56.511016726028174,57.30699437810108,56.13026362610981,56.3950012139976,56.027146975975484,56.3282981319353,56.00224547088146,56.66014238074422,57.29418553598225,56.65034788381308,56.89978647977114,56.53622656688094,56.65325017180294,55.587177894543856,56.252032827120274,55.31552330078557,55.76029591122642,56.111249605659395,56.013269612099975,55.621496935375035,55.81255978811532,56.19159492198378],"yaxis":"y2","type":"scatter","xaxis":"x2","marker":{"size":8},"hoverinfo":"text+x","mode":"lines+markers","showlegend":true},{"line":{"color":"#ad900d","width":0.5},"name":"nl","text":["6.730509235989302s, 2024-01-09, d04f6bbe","6.7009146069176495s, 2024-01-11, a53bebcf","6.70190245565027s, 2024-01-13, 98537e0d","6.700027815066278s, 2024-01-16, ff3c4716","6.804395459592342s, 2024-01-16, 306bb69c","s, , ","s, , ","6.6213878810003735s, 2024-01-17, 6d392a89","6.622960487991804s, 2024-01-18, 74f18cfd","s, , ","6.658252655004617s, 2024-01-22, 74f18cfd","6.748170753009617s, 2024-01-23, 6638839c","6.662877574097365s, 2024-01-24, 85b63ab6","6.6326934630051255s, 2024-01-24, 4d1a4edb","6.662238946999423s, 2024-01-25, 6b36613d","6.788038571015932s, 2024-01-26, 00748f48","6.677748135989532s, 2024-01-26, f7fa2239","6.75641494395677s, 2024-01-29, a02be9df","6.870742470026016s, 2024-01-31, 785501db","6.891103583853692s, 2024-02-01, d5aca8b1","s, , ","s, , ","6.756061295978725s, 2024-02-01, b41d3ae5","6.944075114093721s, 2024-02-02, 35668379","6.753520091064274s, 2024-02-02, 835a2dfc","6.84124781913124s, 2024-02-05, 1e259f6c","6.823700923006982s, 2024-02-08, 42fa5786","6.778823428787291s, 2024-02-13, a4ddad3b","6.788668259046972s, 2024-02-13, 7c429b1b","6.865653675049543s, 2024-02-14, 7e9da375","6.730217047967017s, 2024-02-14, 5903fbcb","6.732276238966733s, 2024-02-14, 15e6e4a1","6.749470208771527s, 2024-02-15, f81f34f1","6.742977124173194s, 2024-02-16, 30793ef5","6.770301222335547s, 2024-02-16, d09c24da","6.860418890137225s, 2024-02-16, 609e7555","6.832336307037622s, 2024-02-16, 0ed5c598","6.83579652197659s, 2024-02-16, 42bd0a7b","6.908794868737459s, 2024-02-19, ddaa4923","6.730455613229424s, 2024-02-19, 825742ea","6.834254957269877s, 2024-02-20, a8ce257a","6.685593199916184s, 2024-02-20, 922ea8e8","6.75963460188359s, 2024-02-20, 52ad6023","6.750765308737755s, 2024-02-20, 783872b7","6.718772851862013s, 2024-02-21, 3e9dd9ed","6.818204476963729s, 2024-02-21, 5bfa2985","6.792052131611854s, 2024-02-21, 158933f2","6.802792096976191s, 2024-02-21, 8d599f5e","6.787313391920179s, 2024-02-21, 70b28037","6.8120507802814245s, 2024-02-21, 0b4ea7d2"],"x":[-49,-48,-47,-46,-45,-44,-43,-42,-41,-40,-39,-38,-37,-36,-35,-34,-33,-32,-31,-30,-29,-28,-27,-26,-25,-24,-23,-22,-21,-20,-19,-18,-17,-16,-15,-14,-13,-12,-11,-10,-9,-8,-7,-6,-5,-4,-3,-2,-1,0],"y":[6.730509235989302,6.7009146069176495,6.70190245565027,6.700027815066278,6.804395459592342,"","",6.6213878810003735,6.622960487991804,"",6.658252655004617,6.748170753009617,6.662877574097365,6.6326934630051255,6.662238946999423,6.788038571015932,6.677748135989532,6.75641494395677,6.870742470026016,6.891103583853692,"","",6.756061295978725,6.944075114093721,6.753520091064274,6.84124781913124,6.823700923006982,6.778823428787291,6.788668259046972,6.865653675049543,6.730217047967017,6.732276238966733,6.749470208771527,6.742977124173194,6.770301222335547,6.860418890137225,6.832336307037622,6.83579652197659,6.908794868737459,6.730455613229424,6.834254957269877,6.685593199916184,6.75963460188359,6.750765308737755,6.718772851862013,6.818204476963729,6.792052131611854,6.802792096976191,6.787313391920179,6.8120507802814245],"yaxis":"y3","type":"scatter","xaxis":"x3","marker":{"size":8},"hoverinfo":"text+x","mode":"lines+markers","showlegend":true},{"line":{"color":"#009337","width":0.5},"name":"lp","text":["7.305586223024875s, 2024-01-09, d04f6bbe","7.314891220070422s, 2024-01-11, a53bebcf","7.244111361913383s, 2024-01-13, 98537e0d","7.372163146268576s, 2024-01-16, ff3c4716","7.350014176685363s, 2024-01-16, 306bb69c","s, , ","s, , ","7.247968179000054s, 2024-01-17, 6d392a89","7.274108931000228s, 2024-01-18, 74f18cfd","s, , ","7.295821956999134s, 2024-01-22, 74f18cfd","7.328890327946283s, 2024-01-23, 6638839c","7.256115870084614s, 2024-01-24, 85b63ab6","7.299577847006731s, 2024-01-24, 4d1a4edb","7.253519295016304s, 2024-01-25, 6b36613d","7.430715229944326s, 2024-01-26, 00748f48","7.342634859029204s, 2024-01-26, f7fa2239","7.322306316928007s, 2024-01-29, a02be9df","7.6363653091248125s, 2024-01-31, 785501db","7.420532411895692s, 2024-02-01, d5aca8b1","s, , ","s, , ","7.354263564804569s, 2024-02-01, b41d3ae5","7.409379760967568s, 2024-02-02, 35668379","7.269385709892958s, 2024-02-02, 835a2dfc","7.3385809869505465s, 2024-02-05, 1e259f6c","7.466049572918564s, 2024-02-08, 42fa5786","7.345709575805813s, 2024-02-13, a4ddad3b","7.458578770048916s, 2024-02-13, 7c429b1b","7.494796921033412s, 2024-02-14, 7e9da375","7.293754114769399s, 2024-02-14, 5903fbcb","7.369975209701806s, 2024-02-14, 15e6e4a1","7.306753419805318s, 2024-02-15, f81f34f1","7.366074312012643s, 2024-02-16, 30793ef5","7.390858666040003s, 2024-02-16, d09c24da","7.40998020907864s, 2024-02-16, 609e7555","7.470524286851287s, 2024-02-16, 0ed5c598","7.345032651908696s, 2024-02-16, 42bd0a7b","7.5317964679561555s, 2024-02-19, ddaa4923","7.407410444226116s, 2024-02-19, 825742ea","7.367315258830786s, 2024-02-20, a8ce257a","7.202746072784066s, 2024-02-20, 922ea8e8","7.389432763680816s, 2024-02-20, 52ad6023","7.2272885288111866s, 2024-02-20, 783872b7","7.440813805907965s, 2024-02-21, 3e9dd9ed","7.380867443047464s, 2024-02-21, 5bfa2985","7.37061980413273s, 2024-02-21, 158933f2","7.387650212273002s, 2024-02-21, 8d599f5e","7.363524239975959s, 2024-02-21, 70b28037","7.438920620828867s, 2024-02-21, 0b4ea7d2"],"x":[-49,-48,-47,-46,-45,-44,-43,-42,-41,-40,-39,-38,-37,-36,-35,-34,-33,-32,-31,-30,-29,-28,-27,-26,-25,-24,-23,-22,-21,-20,-19,-18,-17,-16,-15,-14,-13,-12,-11,-10,-9,-8,-7,-6,-5,-4,-3,-2,-1,0],"y":[7.305586223024875,7.314891220070422,7.244111361913383,7.372163146268576,7.350014176685363,"","",7.247968179000054,7.274108931000228,"",7.295821956999134,7.328890327946283,7.256115870084614,7.299577847006731,7.253519295016304,7.430715229944326,7.342634859029204,7.322306316928007,7.6363653091248125,7.420532411895692,"","",7.354263564804569,7.409379760967568,7.269385709892958,7.3385809869505465,7.466049572918564,7.345709575805813,7.458578770048916,7.494796921033412,7.293754114769399,7.369975209701806,7.306753419805318,7.366074312012643,7.390858666040003,7.40998020907864,7.470524286851287,7.345032651908696,7.5317964679561555,7.407410444226116,7.367315258830786,7.202746072784066,7.389432763680816,7.2272885288111866,7.440813805907965,7.380867443047464,7.37061980413273,7.387650212273002,7.363524239975959,7.438920620828867],"yaxis":"y4","type":"scatter","xaxis":"x4","marker":{"size":8},"hoverinfo":"text+x","mode":"lines+markers","showlegend":true},{"line":{"color":"#850e04","width":0.5},"name":"bar","text":["11.69363695802167s, 2024-01-09, d04f6bbe","11.855262646917254s, 2024-01-11, a53bebcf","11.874449690338224s, 2024-01-13, 98537e0d","12.18277978291735s, 2024-01-16, ff3c4716","11.985087178181857s, 2024-01-16, 306bb69c","s, , ","s, , ","11.72497253199981s, 2024-01-17, 6d392a89","11.804324165990693s, 2024-01-18, 74f18cfd","s, , ","11.85033874202054s, 2024-01-22, 74f18cfd","12.13409457099624s, 2024-01-23, 6638839c","11.717756856931373s, 2024-01-24, 85b63ab6","11.827433772967197s, 2024-01-24, 4d1a4edb","11.628251831047237s, 2024-01-25, 6b36613d","11.896915726014413s, 2024-01-26, 00748f48","11.82212879601866s, 2024-01-26, f7fa2239","11.784458433045074s, 2024-01-29, a02be9df","12.243130061076954s, 2024-01-31, 785501db","11.962945726001635s, 2024-02-01, d5aca8b1","s, , ","s, , ","12.228662058943883s, 2024-02-01, b41d3ae5","11.850914240116253s, 2024-02-02, 35668379","11.832113025011495s, 2024-02-02, 835a2dfc","12.034181205090135s, 2024-02-05, 1e259f6c","12.059048689203337s, 2024-02-08, 42fa5786","11.99818344693631s, 2024-02-13, a4ddad3b","11.83571742195636s, 2024-02-13, 7c429b1b","12.250954232178628s, 2024-02-14, 7e9da375","11.824217061046511s, 2024-02-14, 5903fbcb","11.896645528730005s, 2024-02-14, 15e6e4a1","11.746624215971678s, 2024-02-15, f81f34f1","12.014661979861557s, 2024-02-16, 30793ef5","11.895767889916897s, 2024-02-16, d09c24da","12.06639760825783s, 2024-02-16, 609e7555","12.119922487065196s, 2024-02-16, 0ed5c598","11.986675431020558s, 2024-02-16, 42bd0a7b","12.087860245257616s, 2024-02-19, ddaa4923","11.888523624278605s, 2024-02-19, 825742ea","12.01577240228653s, 2024-02-20, a8ce257a","11.687561921775341s, 2024-02-20, 922ea8e8","11.806671511847526s, 2024-02-20, 52ad6023","11.047408685088158s, 2024-02-20, 783872b7","11.22009757719934s, 2024-02-21, 3e9dd9ed","11.27659289399162s, 2024-02-21, 5bfa2985","11.305854361038655s, 2024-02-21, 158933f2","11.131537321954966s, 2024-02-21, 8d599f5e","11.187402713112533s, 2024-02-21, 70b28037","11.329096709843725s, 2024-02-21, 0b4ea7d2"],"x":[-49,-48,-47,-46,-45,-44,-43,-42,-41,-40,-39,-38,-37,-36,-35,-34,-33,-32,-31,-30,-29,-28,-27,-26,-25,-24,-23,-22,-21,-20,-19,-18,-17,-16,-15,-14,-13,-12,-11,-10,-9,-8,-7,-6,-5,-4,-3,-2,-1,0],"y":[11.69363695802167,11.855262646917254,11.874449690338224,12.18277978291735,11.985087178181857,"","",11.72497253199981,11.804324165990693,"",11.85033874202054,12.13409457099624,11.717756856931373,11.827433772967197,11.628251831047237,11.896915726014413,11.82212879601866,11.784458433045074,12.243130061076954,11.962945726001635,"","",12.228662058943883,11.850914240116253,11.832113025011495,12.034181205090135,12.059048689203337,11.99818344693631,11.83571742195636,12.250954232178628,11.824217061046511,11.896645528730005,11.746624215971678,12.014661979861557,11.895767889916897,12.06639760825783,12.119922487065196,11.986675431020558,12.087860245257616,11.888523624278605,12.01577240228653,11.687561921775341,11.806671511847526,11.047408685088158,11.22009757719934,11.27659289399162,11.305854361038655,11.131537321954966,11.187402713112533,11.329096709843725],"yaxis":"y5","type":"scatter","xaxis":"x5","marker":{"size":8},"hoverinfo":"text+x","mode":"lines+markers","showlegend":true},{"line":{"color":"#3e82fc","width":0.5},"name":"gams","text":["16.82654318306595s, 2024-01-09, d04f6bbe","17.136705805081874s, 2024-01-11, a53bebcf","17.070823204237968s, 2024-01-13, 98537e0d","16.969542615115643s, 2024-01-16, ff3c4716","17.442524118814617s, 2024-01-16, 306bb69c","s, , ","s, , ","17.37953069699961s, 2024-01-17, 6d392a89","17.11021321899898s, 2024-01-18, 74f18cfd","s, , ","17.517960067023523s, 2024-01-22, 74f18cfd","17.14349861408118s, 2024-01-23, 6638839c","17.260658734943718s, 2024-01-24, 85b63ab6","17.315822525066324s, 2024-01-24, 4d1a4edb","16.921078172978014s, 2024-01-25, 6b36613d","17.525472430046648s, 2024-01-26, 00748f48","17.24607791309245s, 2024-01-26, f7fa2239","17.257243642001413s, 2024-01-29, a02be9df","17.298281703842804s, 2024-01-31, 785501db","17.162568849045783s, 2024-02-01, d5aca8b1","s, , ","s, , ","17.23540792800486s, 2024-02-01, b41d3ae5","17.345977613003924s, 2024-02-02, 35668379","17.04999134200625s, 2024-02-02, 835a2dfc","17.223459501983598s, 2024-02-05, 1e259f6c","17.112083608051762s, 2024-02-08, 42fa5786","17.091069493442774s, 2024-02-13, a4ddad3b","17.21326834987849s, 2024-02-13, 7c429b1b","17.389073344878852s, 2024-02-14, 7e9da375","17.118282242212445s, 2024-02-14, 5903fbcb","17.107669240795076s, 2024-02-14, 15e6e4a1","17.018104136921465s, 2024-02-15, f81f34f1","16.963413563091308s, 2024-02-16, 30793ef5","16.898510864935815s, 2024-02-16, d09c24da","17.131058799102902s, 2024-02-16, 609e7555","17.493623957037926s, 2024-02-16, 0ed5c598","17.17453089589253s, 2024-02-16, 42bd0a7b","17.084720697253942s, 2024-02-19, ddaa4923","17.22472931072116s, 2024-02-19, 825742ea","17.243375489022583s, 2024-02-20, a8ce257a","16.88686643494293s, 2024-02-20, 922ea8e8","17.162588311824948s, 2024-02-20, 52ad6023","17.012543118093163s, 2024-02-20, 783872b7","17.204151129815727s, 2024-02-21, 3e9dd9ed","17.291710001882166s, 2024-02-21, 5bfa2985","17.172207694966346s, 2024-02-21, 158933f2","16.974671098869294s, 2024-02-21, 8d599f5e","17.232226641383022s, 2024-02-21, 70b28037","17.36157577065751s, 2024-02-21, 0b4ea7d2"],"x":[-49,-48,-47,-46,-45,-44,-43,-42,-41,-40,-39,-38,-37,-36,-35,-34,-33,-32,-31,-30,-29,-28,-27,-26,-25,-24,-23,-22,-21,-20,-19,-18,-17,-16,-15,-14,-13,-12,-11,-10,-9,-8,-7,-6,-5,-4,-3,-2,-1,0],"y":[16.82654318306595,17.136705805081874,17.070823204237968,16.969542615115643,17.442524118814617,"","",17.37953069699961,17.11021321899898,"",17.517960067023523,17.14349861408118,17.260658734943718,17.315822525066324,16.921078172978014,17.525472430046648,17.24607791309245,17.257243642001413,17.298281703842804,17.162568849045783,"","",17.23540792800486,17.345977613003924,17.04999134200625,17.223459501983598,17.112083608051762,17.091069493442774,17.21326834987849,17.389073344878852,17.118282242212445,17.107669240795076,17.018104136921465,16.963413563091308,16.898510864935815,17.131058799102902,17.493623957037926,17.17453089589253,17.084720697253942,17.22472931072116,17.243375489022583,16.88686643494293,17.162588311824948,17.012543118093163,17.204151129815727,17.291710001882166,17.172207694966346,16.974671098869294,17.232226641383022,17.36157577065751],"yaxis":"y6","type":"scatter","xaxis":"x6","marker":{"size":8},"hoverinfo":"text+x","mode":"lines+markers","showlegend":true}],                        {"template":{"data":{"barpolar":[{"marker":{"line":{"color":"white","width":0.5},"pattern":{"fillmode":"overlay","size":10,"solidity":0.2}},"type":"barpolar"}],"bar":[{"error_x":{"color":"#2a3f5f"},"error_y":{"color":"#2a3f5f"},"marker":{"line":{"color":"white","width":0.5},"pattern":{"fillmode":"overlay","size":10,"solidity":0.2}},"type":"bar"}],"carpet":[{"aaxis":{"endlinecolor":"#2a3f5f","gridcolor":"#C8D4E3","linecolor":"#C8D4E3","minorgridcolor":"#C8D4E3","startlinecolor":"#2a3f5f"},"baxis":{"endlinecolor":"#2a3f5f","gridcolor":"#C8D4E3","linecolor":"#C8D4E3","minorgridcolor":"#C8D4E3","startlinecolor":"#2a3f5f"},"type":"carpet"}],"choropleth":[{"colorbar":{"outlinewidth":0,"ticks":""},"type":"choropleth"}],"contourcarpet":[{"colorbar":{"outlinewidth":0,"ticks":""},"type":"contourcarpet"}],"contour":[{"colorbar":{"outlinewidth":0,"ticks":""},"colorscale":[[0.0,"#0d0887"],[0.1111111111111111,"#46039f"],[0.2222222222222222,"#7201a8"],[0.3333333333333333,"#9c179e"],[0.4444444444444444,"#bd3786"],[0.5555555555555556,"#d8576b"],[0.6666666666666666,"#ed7953"],[0.7777777777777778,"#fb9f3a"],[0.8888888888888888,"#fdca26"],[1.0,"#f0f921"]],"type":"contour"}],"heatmapgl":[{"colorbar":{"outlinewidth":0,"ticks":""},"colorscale":[[0.0,"#0d0887"],[0.1111111111111111,"#46039f"],[0.2222222222222222,"#7201a8"],[0.3333333333333333,"#9c179e"],[0.4444444444444444,"#bd3786"],[0.5555555555555556,"#d8576b"],[0.6666666666666666,"#ed7953"],[0.7777777777777778,"#fb9f3a"],[0.8888888888888888,"#fdca26"],[1.0,"#f0f921"]],"type":"heatmapgl"}],"heatmap":[{"colorbar":{"outlinewidth":0,"ticks":""},"colorscale":[[0.0,"#0d0887"],[0.1111111111111111,"#46039f"],[0.2222222222222222,"#7201a8"],[0.3333333333333333,"#9c179e"],[0.4444444444444444,"#bd3786"],[0.5555555555555556,"#d8576b"],[0.6666666666666666,"#ed7953"],[0.7777777777777778,"#fb9f3a"],[0.8888888888888888,"#fdca26"],[1.0,"#f0f921"]],"type":"heatmap"}],"histogram2dcontour":[{"colorbar":{"outlinewidth":0,"ticks":""},"colorscale":[[0.0,"#0d0887"],[0.1111111111111111,"#46039f"],[0.2222222222222222,"#7201a8"],[0.3333333333333333,"#9c179e"],[0.4444444444444444,"#bd3786"],[0.5555555555555556,"#d8576b"],[0.6666666666666666,"#ed7953"],[0.7777777777777778,"#fb9f3a"],[0.8888888888888888,"#fdca26"],[1.0,"#f0f921"]],"type":"histogram2dcontour"}],"histogram2d":[{"colorbar":{"outlinewidth":0,"ticks":""},"colorscale":[[0.0,"#0d0887"],[0.1111111111111111,"#46039f"],[0.2222222222222222,"#7201a8"],[0.3333333333333333,"#9c179e"],[0.4444444444444444,"#bd3786"],[0.5555555555555556,"#d8576b"],[0.6666666666666666,"#ed7953"],[0.7777777777777778,"#fb9f3a"],[0.8888888888888888,"#fdca26"],[1.0,"#f0f921"]],"type":"histogram2d"}],"histogram":[{"marker":{"pattern":{"fillmode":"overlay","size":10,"solidity":0.2}},"type":"histogram"}],"mesh3d":[{"colorbar":{"outlinewidth":0,"ticks":""},"type":"mesh3d"}],"parcoords":[{"line":{"colorbar":{"outlinewidth":0,"ticks":""}},"type":"parcoords"}],"pie":[{"automargin":true,"type":"pie"}],"scatter3d":[{"line":{"colorbar":{"outlinewidth":0,"ticks":""}},"marker":{"colorbar":{"outlinewidth":0,"ticks":""}},"type":"scatter3d"}],"scattercarpet":[{"marker":{"colorbar":{"outlinewidth":0,"ticks":""}},"type":"scattercarpet"}],"scattergeo":[{"marker":{"colorbar":{"outlinewidth":0,"ticks":""}},"type":"scattergeo"}],"scattergl":[{"marker":{"colorbar":{"outlinewidth":0,"ticks":""}},"type":"scattergl"}],"scattermapbox":[{"marker":{"colorbar":{"outlinewidth":0,"ticks":""}},"type":"scattermapbox"}],"scatterpolargl":[{"marker":{"colorbar":{"outlinewidth":0,"ticks":""}},"type":"scatterpolargl"}],"scatterpolar":[{"marker":{"colorbar":{"outlinewidth":0,"ticks":""}},"type":"scatterpolar"}],"scatter":[{"fillpattern":{"fillmode":"overlay","size":10,"solidity":0.2},"type":"scatter"}],"scatterternary":[{"marker":{"colorbar":{"outlinewidth":0,"ticks":""}},"type":"scatterternary"}],"surface":[{"colorbar":{"outlinewidth":0,"ticks":""},"colorscale":[[0.0,"#0d0887"],[0.1111111111111111,"#46039f"],[0.2222222222222222,"#7201a8"],[0.3333333333333333,"#9c179e"],[0.4444444444444444,"#bd3786"],[0.5555555555555556,"#d8576b"],[0.6666666666666666,"#ed7953"],[0.7777777777777778,"#fb9f3a"],[0.8888888888888888,"#fdca26"],[1.0,"#f0f921"]],"type":"surface"}],"table":[{"cells":{"fill":{"color":"#EBF0F8"},"line":{"color":"white"}},"header":{"fill":{"color":"#C8D4E3"},"line":{"color":"white"}},"type":"table"}]},"layout":{"annotationdefaults":{"arrowcolor":"#2a3f5f","arrowhead":0,"arrowwidth":1},"autotypenumbers":"strict","coloraxis":{"colorbar":{"outlinewidth":0,"ticks":""}},"colorscale":{"diverging":[[0,"#8e0152"],[0.1,"#c51b7d"],[0.2,"#de77ae"],[0.3,"#f1b6da"],[0.4,"#fde0ef"],[0.5,"#f7f7f7"],[0.6,"#e6f5d0"],[0.7,"#b8e186"],[0.8,"#7fbc41"],[0.9,"#4d9221"],[1,"#276419"]],"sequential":[[0.0,"#0d0887"],[0.1111111111111111,"#46039f"],[0.2222222222222222,"#7201a8"],[0.3333333333333333,"#9c179e"],[0.4444444444444444,"#bd3786"],[0.5555555555555556,"#d8576b"],[0.6666666666666666,"#ed7953"],[0.7777777777777778,"#fb9f3a"],[0.8888888888888888,"#fdca26"],[1.0,"#f0f921"]],"sequentialminus":[[0.0,"#0d0887"],[0.1111111111111111,"#46039f"],[0.2222222222222222,"#7201a8"],[0.3333333333333333,"#9c179e"],[0.4444444444444444,"#bd3786"],[0.5555555555555556,"#d8576b"],[0.6666666666666666,"#ed7953"],[0.7777777777777778,"#fb9f3a"],[0.8888888888888888,"#fdca26"],[1.0,"#f0f921"]]},"colorway":["#636efa","#EF553B","#00cc96","#ab63fa","#FFA15A","#19d3f3","#FF6692","#B6E880","#FF97FF","#FECB52"],"font":{"color":"#2a3f5f"},"geo":{"bgcolor":"white","lakecolor":"white","landcolor":"white","showlakes":true,"showland":true,"subunitcolor":"#C8D4E3"},"hoverlabel":{"align":"left"},"hovermode":"closest","mapbox":{"style":"light"},"paper_bgcolor":"white","plot_bgcolor":"white","polar":{"angularaxis":{"gridcolor":"#EBF0F8","linecolor":"#EBF0F8","ticks":""},"bgcolor":"white","radialaxis":{"gridcolor":"#EBF0F8","linecolor":"#EBF0F8","ticks":""}},"scene":{"xaxis":{"backgroundcolor":"white","gridcolor":"#DFE8F3","gridwidth":2,"linecolor":"#EBF0F8","showbackground":true,"ticks":"","zerolinecolor":"#EBF0F8"},"yaxis":{"backgroundcolor":"white","gridcolor":"#DFE8F3","gridwidth":2,"linecolor":"#EBF0F8","showbackground":true,"ticks":"","zerolinecolor":"#EBF0F8"},"zaxis":{"backgroundcolor":"white","gridcolor":"#DFE8F3","gridwidth":2,"linecolor":"#EBF0F8","showbackground":true,"ticks":"","zerolinecolor":"#EBF0F8"}},"shapedefaults":{"line":{"color":"#2a3f5f"}},"ternary":{"aaxis":{"gridcolor":"#DFE8F3","linecolor":"#A2B1C6","ticks":""},"baxis":{"gridcolor":"#DFE8F3","linecolor":"#A2B1C6","ticks":""},"bgcolor":"white","caxis":{"gridcolor":"#DFE8F3","linecolor":"#A2B1C6","ticks":""}},"title":{"x":0.05},"xaxis":{"automargin":true,"gridcolor":"#EBF0F8","linecolor":"#EBF0F8","ticks":"","title":{"standoff":15},"zerolinecolor":"#EBF0F8","zerolinewidth":2},"yaxis":{"automargin":true,"gridcolor":"#EBF0F8","linecolor":"#EBF0F8","ticks":"","title":{"standoff":15},"zerolinecolor":"#EBF0F8","zerolinewidth":2}}},"xaxis":{"anchor":"y","domain":[0.0,1.0],"autorange":true,"range":[-49,0],"type":"linear","showticklabels":true},"yaxis":{"anchor":"x","domain":[0.0,0.16666666666666666],"tickfont":{"color":"#ff0789","size":9},"autorange":true,"fixedrange":false,"mirror":true,"showline":true,"side":"left","tickmode":"auto","ticks":"","tickson":"boundaries","type":"linear","zeroline":false,"automargin":false},"xaxis2":{"anchor":"y2","domain":[0.0,1.0],"showticklabels":false},"yaxis2":{"anchor":"x","domain":[0.16666666666666666,0.3333333333333333],"tickfont":{"color":"#966ebd","size":9},"autorange":true,"fixedrange":false,"mirror":true,"showline":true,"side":"left","tickmode":"auto","ticks":"","tickson":"boundaries","type":"linear","zeroline":false},"xaxis3":{"anchor":"y3","domain":[0.0,1.0],"showticklabels":false},"yaxis3":{"anchor":"x","domain":[0.3333333333333333,0.5],"tickfont":{"color":"#ad900d","size":9},"autorange":true,"fixedrange":false,"mirror":true,"showline":true,"side":"left","tickmode":"auto","ticks":"","tickson":"boundaries","type":"linear","zeroline":false},"xaxis4":{"anchor":"y4","domain":[0.0,1.0],"showticklabels":false},"yaxis4":{"anchor":"x","domain":[0.5,0.6666666666666666],"tickfont":{"color":"#009337","size":9},"autorange":true,"fixedrange":false,"mirror":true,"showline":true,"side":"left","tickmode":"auto","ticks":"","tickson":"boundaries","type":"linear","zeroline":false},"xaxis5":{"anchor":"y5","domain":[0.0,1.0],"showticklabels":false},"yaxis5":{"anchor":"x","domain":[0.6666666666666666,0.8333333333333333],"tickfont":{"color":"#850e04","size":9},"autorange":true,"fixedrange":false,"mirror":true,"showline":true,"side":"left","tickmode":"auto","ticks":"","tickson":"boundaries","type":"linear","zeroline":false},"xaxis6":{"anchor":"y6","domain":[0.0,1.0],"showticklabels":false},"yaxis6":{"anchor":"x","domain":[0.8333333333333333,1.0],"tickfont":{"color":"#3e82fc","size":9},"autorange":true,"fixedrange":false,"mirror":true,"showline":true,"side":"left","tickmode":"auto","ticks":"","tickson":"boundaries","type":"linear","zeroline":false},"xaxis7":{"anchor":"y7","domain":[0.0,1.0],"showticklabels":false},"yaxis7":{"anchor":"x","domain":[1,1],"tickfont":{"color":"#fe420f","size":9},"autorange":true,"fixedrange":false,"mirror":true,"showline":true,"side":"left","tickmode":"auto","ticks":"","tickson":"boundaries","type":"linear","zeroline":false},"xaxis8":{"anchor":"y8","domain":[0.0,1.0],"showticklabels":false},"yaxis8":{"anchor":"x","domain":[1,1],"tickfont":{"color":"#fe828c","size":9},"autorange":true,"fixedrange":false,"mirror":true,"showline":true,"side":"left","tickmode":"auto","ticks":"","tickson":"boundaries","type":"linear","zeroline":false},"yaxis9":{"anchor":"x","autorange":true,"fixedrange":false,"domain":[1,1],"mirror":true,"showline":true,"side":"left","tickfont":{"color":"#85a3b2","size":9},"tickmode":"auto","ticks":"","tickson":"boundaries","type":"linear","zeroline":false},"yaxis10":{"anchor":"x","autorange":true,"fixedrange":false,"domain":[1,1],"mirror":true,"showline":true,"side":"left","tickfont":{"color":"#f0833a","size":9},"tickmode":"auto","ticks":"","tickson":"boundaries","type":"linear","zeroline":false},"legend":{"traceorder":"reversed","yanchor":"top","y":0.99,"xanchor":"left"},"margin":{"t":50,"b":50},"title":{"text":"Python = python-cython-3.11, Problem = TestModels_test_uc_20140901_expected"},"dragmode":"zoom","hovermode":"x","height":900},                        {"responsive": true}                    )                };                            </script>        </div>
</body>
</html>