<html>
<head><meta charset="utf-8" /></head>
<body>
    <div>                        <script type="text/javascript">window.PlotlyConfig = {MathJaxConfig: 'local'};</script>
        <script charset="utf-8" src="https://cdn.plot.ly/plotly-2.26.0.min.js"></script>                <div id="203b7661-af18-4da1-a877-da5bca2029f3" class="plotly-graph-div" style="height:900px; width:100%;"></div>            <script type="text/javascript">                                    window.PLOTLYENV=window.PLOTLYENV || {};                                    if (document.getElementById("203b7661-af18-4da1-a877-da5bca2029f3")) {                    Plotly.newPlot(                        "203b7661-af18-4da1-a877-da5bca2029f3",                        [{"line":{"color":"#ff0789","width":0.5},"name":"create_instance","text":["10.358370726928115s, 2024-03-11, d7d82875","10.256014960817993s, 2024-03-11, 80d8ea36","10.326605958864093s, 2024-03-12, f8b02390","10.27017717808485s, 2024-03-12, b06ddead","10.197111145593226s, 2024-03-13, 1b5aa97c","11.305609310977161s, 2024-03-13, cd9d6ce6","10.372223123908043s, 2024-03-14, 41032253","10.280795994214714s, 2024-03-19, c849905f","10.357988988980651s, 2024-03-25, 39e8a72b","10.28484903741628s, 2024-03-25, f697791d","10.365901660174131s, 2024-04-01, ca75c27f","10.024162880145013s, 2024-04-02, a2d546d6","10.377434623427689s, 2024-04-02, a9b9112d","10.010232652537525s, 2024-04-02, 69082ac3","10.269523738883436s, 2024-04-03, f15a1da6","10.161774594336748s, 2024-04-03, c68ce661","10.312371627427638s, 2024-04-09, 72c0d44a","10.35819201450795s, 2024-04-09, 43ff36cf","10.34249277971685s, 2024-04-10, 3e14f809","10.425119147635996s, 2024-04-11, fa5d0b6f","10.333032418042421s, 2024-04-16, 3c746ea3","10.202761934138834s, 2024-04-18, 8561f489","10.270400906912982s, 2024-04-19, 4e8e48d4","10.288321335799992s, 2024-04-19, bd640f85","10.328143548220396s, 2024-04-22, 4a5bf8a2","11.154300404712558s, 2024-04-23, fb1341c3","10.316126247867942s, 2024-04-24, 9608e0e6","10.359003672376275s, 2024-04-25, ed6296b7","10.237235955893993s, 2024-04-25, 76fab1b2","10.495503762736917s, 2024-04-25, 9dedfdb8","10.203831862658262s, 2024-04-25, 6393961f","s, , ","s, , ","s, , ","s, , ","s, , ","s, , ","s, , ","s, , ","s, , ","4.223207972943783s, 2024-07-09, b50cfac5","4.26678778603673s, 2024-07-16, 25d59108","s, , ","4.299653151072562s, 2024-07-22, 5ec615ea","4.254547003889456s, 2024-07-23, d0855001","4.298130392795429s, 2024-07-23, 92a9d3b0","4.231052638031542s, 2024-07-25, f86ac9de","4.327347605023533s, 2024-07-25, 1ada5286","3.7149865799583495s, 2024-07-30, f46da7ff","3.6283971569500864s, 2024-07-31, 5c85b7c3"],"x":[-49,-48,-47,-46,-45,-44,-43,-42,-41,-40,-39,-38,-37,-36,-35,-34,-33,-32,-31,-30,-29,-28,-27,-26,-25,-24,-23,-22,-21,-20,-19,-18,-17,-16,-15,-14,-13,-12,-11,-10,-9,-8,-7,-6,-5,-4,-3,-2,-1,0],"y":[10.358370726928115,10.256014960817993,10.326605958864093,10.27017717808485,10.197111145593226,11.305609310977161,10.372223123908043,10.280795994214714,10.357988988980651,10.28484903741628,10.365901660174131,10.024162880145013,10.377434623427689,10.010232652537525,10.269523738883436,10.161774594336748,10.312371627427638,10.35819201450795,10.34249277971685,10.425119147635996,10.333032418042421,10.202761934138834,10.270400906912982,10.288321335799992,10.328143548220396,11.154300404712558,10.316126247867942,10.359003672376275,10.237235955893993,10.495503762736917,10.203831862658262,"","","","","","","","","",4.223207972943783,4.26678778603673,"",4.299653151072562,4.254547003889456,4.298130392795429,4.231052638031542,4.327347605023533,3.7149865799583495,3.6283971569500864],"yaxis":"y","type":"scatter","xaxis":"x","marker":{"size":8},"hoverinfo":"text+x","mode":"lines+markers","showlegend":true},{"line":{"color":"#966ebd","width":0.5},"name":"test_time","text":["71.63769420143217s, 2024-03-11, d7d82875","69.57851766236126s, 2024-03-11, 80d8ea36","70.44152316078544s, 2024-03-12, f8b02390","69.91915943659842s, 2024-03-12, b06ddead","69.56586475111544s, 2024-03-13, 1b5aa97c","71.34256343171s, 2024-03-13, cd9d6ce6","69.86099096480757s, 2024-03-14, 41032253","70.45984873734415s, 2024-03-19, c849905f","69.76313788257539s, 2024-03-25, 39e8a72b","69.53469573054463s, 2024-03-25, f697791d","69.17945944424719s, 2024-04-01, ca75c27f","68.72632468491793s, 2024-04-02, a2d546d6","69.67845205776393s, 2024-04-02, a9b9112d","68.93098385538906s, 2024-04-02, 69082ac3","69.30963255558163s, 2024-04-03, f15a1da6","69.81874018255621s, 2024-04-03, c68ce661","69.47569108288735s, 2024-04-09, 72c0d44a","70.19069406483322s, 2024-04-09, 43ff36cf","70.50675168633461s, 2024-04-10, 3e14f809","70.39705321379006s, 2024-04-11, fa5d0b6f","69.1128287743777s, 2024-04-16, 3c746ea3","70.31481059733778s, 2024-04-18, 8561f489","69.65966488886625s, 2024-04-19, 4e8e48d4","70.28103638254106s, 2024-04-19, bd640f85","70.49912440404296s, 2024-04-22, 4a5bf8a2","70.9643194694072s, 2024-04-23, fb1341c3","70.10784352011979s, 2024-04-24, 9608e0e6","69.2842402793467s, 2024-04-25, ed6296b7","69.71075920946896s, 2024-04-25, 76fab1b2","69.23119726590812s, 2024-04-25, 9dedfdb8","69.17308182641864s, 2024-04-25, 6393961f","s, , ","s, , ","s, , ","s, , ","s, , ","s, , ","s, , ","s, , ","s, , ","27.30671145603992s, 2024-07-09, b50cfac5","27.18254892504774s, 2024-07-16, 25d59108","s, , ","27.347854566993192s, 2024-07-22, 5ec615ea","27.27866551396437s, 2024-07-23, d0855001","27.466846900060773s, 2024-07-23, 92a9d3b0","27.162439982872456s, 2024-07-25, f86ac9de","27.15636418806389s, 2024-07-25, 1ada5286","31.118896323256195s, 2024-07-30, f46da7ff","31.001124719157815s, 2024-07-31, 5c85b7c3"],"x":[-49,-48,-47,-46,-45,-44,-43,-42,-41,-40,-39,-38,-37,-36,-35,-34,-33,-32,-31,-30,-29,-28,-27,-26,-25,-24,-23,-22,-21,-20,-19,-18,-17,-16,-15,-14,-13,-12,-11,-10,-9,-8,-7,-6,-5,-4,-3,-2,-1,0],"y":[71.63769420143217,69.57851766236126,70.44152316078544,69.91915943659842,69.56586475111544,71.34256343171,69.86099096480757,70.45984873734415,69.76313788257539,69.53469573054463,69.17945944424719,68.72632468491793,69.67845205776393,68.93098385538906,69.30963255558163,69.81874018255621,69.47569108288735,70.19069406483322,70.50675168633461,70.39705321379006,69.1128287743777,70.31481059733778,69.65966488886625,70.28103638254106,70.49912440404296,70.9643194694072,70.10784352011979,69.2842402793467,69.71075920946896,69.23119726590812,69.17308182641864,"","","","","","","","","",27.30671145603992,27.18254892504774,"",27.347854566993192,27.27866551396437,27.466846900060773,27.162439982872456,27.15636418806389,31.118896323256195,31.001124719157815],"yaxis":"y2","type":"scatter","xaxis":"x2","marker":{"size":8},"hoverinfo":"text+x","mode":"lines+markers","showlegend":true},{"line":{"color":"#ad900d","width":0.5},"name":"nl","text":["9.424367821775377s, 2024-03-11, d7d82875","9.439144325442612s, 2024-03-11, 80d8ea36","9.531970429234207s, 2024-03-12, f8b02390","9.503757456317544s, 2024-03-12, b06ddead","9.395091328769922s, 2024-03-13, 1b5aa97c","9.460405016317964s, 2024-03-13, cd9d6ce6","9.48357379436493s, 2024-03-14, 41032253","9.452514516189694s, 2024-03-19, c849905f","9.453464176505804s, 2024-03-25, 39e8a72b","9.46564863808453s, 2024-03-25, f697791d","9.386290561407804s, 2024-04-01, ca75c27f","9.237946826033294s, 2024-04-02, a2d546d6","9.508096403442323s, 2024-04-02, a9b9112d","9.319254747591913s, 2024-04-02, 69082ac3","9.383975063450634s, 2024-04-03, f15a1da6","9.420214920304716s, 2024-04-03, c68ce661","9.391068431548774s, 2024-04-09, 72c0d44a","9.417700439691544s, 2024-04-09, 43ff36cf","9.697126866318285s, 2024-04-10, 3e14f809","9.500695647671819s, 2024-04-11, fa5d0b6f","9.397333261556923s, 2024-04-16, 3c746ea3","9.491686546243727s, 2024-04-18, 8561f489","9.409351272508502s, 2024-04-19, 4e8e48d4","9.474256496876478s, 2024-04-19, bd640f85","9.48568172659725s, 2024-04-22, 4a5bf8a2","9.489462768658996s, 2024-04-23, fb1341c3","9.628126837313175s, 2024-04-24, 9608e0e6","9.344450475648046s, 2024-04-25, ed6296b7","9.505071580410004s, 2024-04-25, 76fab1b2","9.320580257102847s, 2024-04-25, 9dedfdb8","9.338393764570355s, 2024-04-25, 6393961f","s, , ","s, , ","s, , ","s, , ","s, , ","s, , ","s, , ","s, , ","s, , ","3.8626406769035384s, 2024-07-09, b50cfac5","3.8565356580074877s, 2024-07-16, 25d59108","s, , ","3.8636632391717285s, 2024-07-22, 5ec615ea","3.8583440841175616s, 2024-07-23, d0855001","4.094103473937139s, 2024-07-23, 92a9d3b0","3.9049757509492338s, 2024-07-25, f86ac9de","3.8206386568490416s, 2024-07-25, 1ada5286","4.703915781807154s, 2024-07-30, f46da7ff","4.723546847701073s, 2024-07-31, 5c85b7c3"],"x":[-49,-48,-47,-46,-45,-44,-43,-42,-41,-40,-39,-38,-37,-36,-35,-34,-33,-32,-31,-30,-29,-28,-27,-26,-25,-24,-23,-22,-21,-20,-19,-18,-17,-16,-15,-14,-13,-12,-11,-10,-9,-8,-7,-6,-5,-4,-3,-2,-1,0],"y":[9.424367821775377,9.439144325442612,9.531970429234207,9.503757456317544,9.395091328769922,9.460405016317964,9.48357379436493,9.452514516189694,9.453464176505804,9.46564863808453,9.386290561407804,9.237946826033294,9.508096403442323,9.319254747591913,9.383975063450634,9.420214920304716,9.391068431548774,9.417700439691544,9.697126866318285,9.500695647671819,9.397333261556923,9.491686546243727,9.409351272508502,9.474256496876478,9.48568172659725,9.489462768658996,9.628126837313175,9.344450475648046,9.505071580410004,9.320580257102847,9.338393764570355,"","","","","","","","","",3.8626406769035384,3.8565356580074877,"",3.8636632391717285,3.8583440841175616,4.094103473937139,3.9049757509492338,3.8206386568490416,4.703915781807154,4.723546847701073],"yaxis":"y3","type":"scatter","xaxis":"x3","marker":{"size":8},"hoverinfo":"text+x","mode":"lines+markers","showlegend":true},{"line":{"color":"#009337","width":0.5},"name":"lp","text":["10.715467504225671s, 2024-03-11, d7d82875","10.755854881368577s, 2024-03-11, 80d8ea36","10.987198730930686s, 2024-03-12, f8b02390","10.766127971932292s, 2024-03-12, b06ddead","10.739133856259286s, 2024-03-13, 1b5aa97c","10.796619090251625s, 2024-03-13, cd9d6ce6","10.849507487379014s, 2024-03-14, 41032253","11.021998506970704s, 2024-03-19, c849905f","10.740872785449028s, 2024-03-25, 39e8a72b","10.845373572781682s, 2024-03-25, f697791d","10.583804194815457s, 2024-04-01, ca75c27f","10.508246677927673s, 2024-04-02, a2d546d6","10.659766230732203s, 2024-04-02, a9b9112d","10.813193636015058s, 2024-04-02, 69082ac3","10.70774806663394s, 2024-04-03, f15a1da6","10.945233697071671s, 2024-04-03, c68ce661","10.845526379533112s, 2024-04-09, 72c0d44a","10.817865515127778s, 2024-04-09, 43ff36cf","10.883547370322049s, 2024-04-10, 3e14f809","10.812774395570159s, 2024-04-11, fa5d0b6f","10.620280446484685s, 2024-04-16, 3c746ea3","10.84846503380686s, 2024-04-18, 8561f489","10.883017967455089s, 2024-04-19, 4e8e48d4","10.840660695917904s, 2024-04-19, bd640f85","10.838000556454062s, 2024-04-22, 4a5bf8a2","10.98871742375195s, 2024-04-23, fb1341c3","10.75140849687159s, 2024-04-24, 9608e0e6","10.767661580815911s, 2024-04-25, ed6296b7","10.727608367800713s, 2024-04-25, 76fab1b2","10.640604870393872s, 2024-04-25, 9dedfdb8","10.616007464006543s, 2024-04-25, 6393961f","s, , ","s, , ","s, , ","s, , ","s, , ","s, , ","s, , ","s, , ","s, , ","4.027171751018614s, 2024-07-09, b50cfac5","4.010941426968202s, 2024-07-16, 25d59108","s, , ","4.022558838129044s, 2024-07-22, 5ec615ea","4.1044407789595425s, 2024-07-23, d0855001","3.985399511177093s, 2024-07-23, 92a9d3b0","4.026114958105609s, 2024-07-25, f86ac9de","3.9756336549762636s, 2024-07-25, 1ada5286","5.068648952059448s, 2024-07-30, f46da7ff","5.033629083074629s, 2024-07-31, 5c85b7c3"],"x":[-49,-48,-47,-46,-45,-44,-43,-42,-41,-40,-39,-38,-37,-36,-35,-34,-33,-32,-31,-30,-29,-28,-27,-26,-25,-24,-23,-22,-21,-20,-19,-18,-17,-16,-15,-14,-13,-12,-11,-10,-9,-8,-7,-6,-5,-4,-3,-2,-1,0],"y":[10.715467504225671,10.755854881368577,10.987198730930686,10.766127971932292,10.739133856259286,10.796619090251625,10.849507487379014,11.021998506970704,10.740872785449028,10.845373572781682,10.583804194815457,10.508246677927673,10.659766230732203,10.813193636015058,10.70774806663394,10.945233697071671,10.845526379533112,10.817865515127778,10.883547370322049,10.812774395570159,10.620280446484685,10.84846503380686,10.883017967455089,10.840660695917904,10.838000556454062,10.98871742375195,10.75140849687159,10.767661580815911,10.727608367800713,10.640604870393872,10.616007464006543,"","","","","","","","","",4.027171751018614,4.010941426968202,"",4.022558838129044,4.1044407789595425,3.985399511177093,4.026114958105609,3.9756336549762636,5.068648952059448,5.033629083074629],"yaxis":"y4","type":"scatter","xaxis":"x4","marker":{"size":8},"hoverinfo":"text+x","mode":"lines+markers","showlegend":true},{"line":{"color":"#850e04","width":0.5},"name":"bar","text":["14.641105460003018s, 2024-03-11, d7d82875","14.092711318284273s, 2024-03-11, 80d8ea36","14.434554412029684s, 2024-03-12, f8b02390","14.519046532921493s, 2024-03-12, b06ddead","14.102852678857744s, 2024-03-13, 1b5aa97c","14.403661484830081s, 2024-03-13, cd9d6ce6","14.363265309482813s, 2024-03-14, 41032253","14.50079888291657s, 2024-03-19, c849905f","14.473920481279492s, 2024-03-25, 39e8a72b","14.116859159432352s, 2024-03-25, f697791d","14.185329570434988s, 2024-04-01, ca75c27f","14.046890448778868s, 2024-04-02, a2d546d6","14.100337704643607s, 2024-04-02, a9b9112d","14.051777361892164s, 2024-04-02, 69082ac3","14.010927961207926s, 2024-04-03, f15a1da6","14.25985050946474s, 2024-04-03, c68ce661","14.06664122454822s, 2024-04-09, 72c0d44a","14.351846882142127s, 2024-04-09, 43ff36cf","14.172051915898919s, 2024-04-10, 3e14f809","14.403479754924774s, 2024-04-11, fa5d0b6f","13.984936646185815s, 2024-04-16, 3c746ea3","14.512599213980138s, 2024-04-18, 8561f489","14.133302202448249s, 2024-04-19, 4e8e48d4","14.481108863838017s, 2024-04-19, bd640f85","14.159722728654742s, 2024-04-22, 4a5bf8a2","14.046627691015601s, 2024-04-23, fb1341c3","14.11551764048636s, 2024-04-24, 9608e0e6","14.071516152471304s, 2024-04-25, ed6296b7","14.157109970226884s, 2024-04-25, 76fab1b2","13.940969029441476s, 2024-04-25, 9dedfdb8","14.062359409406781s, 2024-04-25, 6393961f","s, , ","s, , ","s, , ","s, , ","s, , ","s, , ","s, , ","s, , ","s, , ","5.171218186034821s, 2024-07-09, b50cfac5","5.110046877991408s, 2024-07-16, 25d59108","s, , ","5.203846986172721s, 2024-07-22, 5ec615ea","5.14288440393284s, 2024-07-23, d0855001","5.18362136813812s, 2024-07-23, 92a9d3b0","5.162384319119155s, 2024-07-25, f86ac9de","5.096163124078885s, 2024-07-25, 1ada5286","6.803438322152942s, 2024-07-30, f46da7ff","6.822465339675546s, 2024-07-31, 5c85b7c3"],"x":[-49,-48,-47,-46,-45,-44,-43,-42,-41,-40,-39,-38,-37,-36,-35,-34,-33,-32,-31,-30,-29,-28,-27,-26,-25,-24,-23,-22,-21,-20,-19,-18,-17,-16,-15,-14,-13,-12,-11,-10,-9,-8,-7,-6,-5,-4,-3,-2,-1,0],"y":[14.641105460003018,14.092711318284273,14.434554412029684,14.519046532921493,14.102852678857744,14.403661484830081,14.363265309482813,14.50079888291657,14.473920481279492,14.116859159432352,14.185329570434988,14.046890448778868,14.100337704643607,14.051777361892164,14.010927961207926,14.25985050946474,14.06664122454822,14.351846882142127,14.172051915898919,14.403479754924774,13.984936646185815,14.512599213980138,14.133302202448249,14.481108863838017,14.159722728654742,14.046627691015601,14.11551764048636,14.071516152471304,14.157109970226884,13.940969029441476,14.062359409406781,"","","","","","","","","",5.171218186034821,5.110046877991408,"",5.203846986172721,5.14288440393284,5.18362136813812,5.162384319119155,5.096163124078885,6.803438322152942,6.822465339675546],"yaxis":"y5","type":"scatter","xaxis":"x5","marker":{"size":8},"hoverinfo":"text+x","mode":"lines+markers","showlegend":true},{"line":{"color":"#3e82fc","width":0.5},"name":"gams","text":["20.914672752842307s, 2024-03-11, d7d82875","20.35740756522864s, 2024-03-11, 80d8ea36","20.47906433418393s, 2024-03-12, f8b02390","20.204484101384878s, 2024-03-12, b06ddead","20.479472544044256s, 2024-03-13, 1b5aa97c","20.633311389014125s, 2024-03-13, cd9d6ce6","20.132440545596182s, 2024-03-14, 41032253","20.471212532371283s, 2024-03-19, c849905f","20.079334653913975s, 2024-03-25, 39e8a72b","20.112066897563636s, 2024-03-25, f697791d","20.03864913340658s, 2024-04-01, ca75c27f","20.209934171289206s, 2024-04-02, a2d546d6","20.393783421255648s, 2024-04-02, a9b9112d","20.1355239469558s, 2024-04-02, 69082ac3","20.26152736786753s, 2024-04-03, f15a1da6","20.363556963391602s, 2024-04-03, c68ce661","20.258807990700006s, 2024-04-09, 72c0d44a","20.626513698138297s, 2024-04-09, 43ff36cf","20.749568694271147s, 2024-04-10, 3e14f809","20.55137275904417s, 2024-04-11, fa5d0b6f","20.109708100557327s, 2024-04-16, 3c746ea3","20.594321054406464s, 2024-04-18, 8561f489","20.38354406505823s, 2024-04-19, 4e8e48d4","20.636977654881775s, 2024-04-19, bd640f85","20.86771065555513s, 2024-04-22, 4a5bf8a2","20.651808731257915s, 2024-04-23, fb1341c3","20.650515945628285s, 2024-04-24, 9608e0e6","20.153308043256402s, 2024-04-25, ed6296b7","20.413552835583687s, 2024-04-25, 76fab1b2","20.15871660038829s, 2024-04-25, 9dedfdb8","20.32022667117417s, 2024-04-25, 6393961f","s, , ","s, , ","s, , ","s, , ","s, , ","s, , ","s, , ","s, , ","s, , ","6.800566043937579s, 2024-07-09, b50cfac5","6.8164012029301375s, 2024-07-16, 25d59108","s, , ","6.853775772964582s, 2024-07-22, 5ec615ea","6.7996770238969475s, 2024-07-23, d0855001","6.794960001017898s, 2024-07-23, 92a9d3b0","6.719926153076813s, 2024-07-25, f86ac9de","6.828264187090099s, 2024-07-25, 1ada5286","8.656082338653505s, 2024-07-30, f46da7ff","8.624041345901787s, 2024-07-31, 5c85b7c3"],"x":[-49,-48,-47,-46,-45,-44,-43,-42,-41,-40,-39,-38,-37,-36,-35,-34,-33,-32,-31,-30,-29,-28,-27,-26,-25,-24,-23,-22,-21,-20,-19,-18,-17,-16,-15,-14,-13,-12,-11,-10,-9,-8,-7,-6,-5,-4,-3,-2,-1,0],"y":[20.914672752842307,20.35740756522864,20.47906433418393,20.204484101384878,20.479472544044256,20.633311389014125,20.132440545596182,20.471212532371283,20.079334653913975,20.112066897563636,20.03864913340658,20.209934171289206,20.393783421255648,20.1355239469558,20.26152736786753,20.363556963391602,20.258807990700006,20.626513698138297,20.749568694271147,20.55137275904417,20.109708100557327,20.594321054406464,20.38354406505823,20.636977654881775,20.86771065555513,20.651808731257915,20.650515945628285,20.153308043256402,20.413552835583687,20.15871660038829,20.32022667117417,"","","","","","","","","",6.800566043937579,6.8164012029301375,"",6.853775772964582,6.7996770238969475,6.794960001017898,6.719926153076813,6.828264187090099,8.656082338653505,8.624041345901787],"yaxis":"y6","type":"scatter","xaxis":"x6","marker":{"size":8},"hoverinfo":"text+x","mode":"lines+markers","showlegend":true}],                        {"template":{"data":{"barpolar":[{"marker":{"line":{"color":"white","width":0.5},"pattern":{"fillmode":"overlay","size":10,"solidity":0.2}},"type":"barpolar"}],"bar":[{"error_x":{"color":"#2a3f5f"},"error_y":{"color":"#2a3f5f"},"marker":{"line":{"color":"white","width":0.5},"pattern":{"fillmode":"overlay","size":10,"solidity":0.2}},"type":"bar"}],"carpet":[{"aaxis":{"endlinecolor":"#2a3f5f","gridcolor":"#C8D4E3","linecolor":"#C8D4E3","minorgridcolor":"#C8D4E3","startlinecolor":"#2a3f5f"},"baxis":{"endlinecolor":"#2a3f5f","gridcolor":"#C8D4E3","linecolor":"#C8D4E3","minorgridcolor":"#C8D4E3","startlinecolor":"#2a3f5f"},"type":"carpet"}],"choropleth":[{"colorbar":{"outlinewidth":0,"ticks":""},"type":"choropleth"}],"contourcarpet":[{"colorbar":{"outlinewidth":0,"ticks":""},"type":"contourcarpet"}],"contour":[{"colorbar":{"outlinewidth":0,"ticks":""},"colorscale":[[0.0,"#0d0887"],[0.1111111111111111,"#46039f"],[0.2222222222222222,"#7201a8"],[0.3333333333333333,"#9c179e"],[0.4444444444444444,"#bd3786"],[0.5555555555555556,"#d8576b"],[0.6666666666666666,"#ed7953"],[0.7777777777777778,"#fb9f3a"],[0.8888888888888888,"#fdca26"],[1.0,"#f0f921"]],"type":"contour"}],"heatmapgl":[{"colorbar":{"outlinewidth":0,"ticks":""},"colorscale":[[0.0,"#0d0887"],[0.1111111111111111,"#46039f"],[0.2222222222222222,"#7201a8"],[0.3333333333333333,"#9c179e"],[0.4444444444444444,"#bd3786"],[0.5555555555555556,"#d8576b"],[0.6666666666666666,"#ed7953"],[0.7777777777777778,"#fb9f3a"],[0.8888888888888888,"#fdca26"],[1.0,"#f0f921"]],"type":"heatmapgl"}],"heatmap":[{"colorbar":{"outlinewidth":0,"ticks":""},"colorscale":[[0.0,"#0d0887"],[0.1111111111111111,"#46039f"],[0.2222222222222222,"#7201a8"],[0.3333333333333333,"#9c179e"],[0.4444444444444444,"#bd3786"],[0.5555555555555556,"#d8576b"],[0.6666666666666666,"#ed7953"],[0.7777777777777778,"#fb9f3a"],[0.8888888888888888,"#fdca26"],[1.0,"#f0f921"]],"type":"heatmap"}],"histogram2dcontour":[{"colorbar":{"outlinewidth":0,"ticks":""},"colorscale":[[0.0,"#0d0887"],[0.1111111111111111,"#46039f"],[0.2222222222222222,"#7201a8"],[0.3333333333333333,"#9c179e"],[0.4444444444444444,"#bd3786"],[0.5555555555555556,"#d8576b"],[0.6666666666666666,"#ed7953"],[0.7777777777777778,"#fb9f3a"],[0.8888888888888888,"#fdca26"],[1.0,"#f0f921"]],"type":"histogram2dcontour"}],"histogram2d":[{"colorbar":{"outlinewidth":0,"ticks":""},"colorscale":[[0.0,"#0d0887"],[0.1111111111111111,"#46039f"],[0.2222222222222222,"#7201a8"],[0.3333333333333333,"#9c179e"],[0.4444444444444444,"#bd3786"],[0.5555555555555556,"#d8576b"],[0.6666666666666666,"#ed7953"],[0.7777777777777778,"#fb9f3a"],[0.8888888888888888,"#fdca26"],[1.0,"#f0f921"]],"type":"histogram2d"}],"histogram":[{"marker":{"pattern":{"fillmode":"overlay","size":10,"solidity":0.2}},"type":"histogram"}],"mesh3d":[{"colorbar":{"outlinewidth":0,"ticks":""},"type":"mesh3d"}],"parcoords":[{"line":{"colorbar":{"outlinewidth":0,"ticks":""}},"type":"parcoords"}],"pie":[{"automargin":true,"type":"pie"}],"scatter3d":[{"line":{"colorbar":{"outlinewidth":0,"ticks":""}},"marker":{"colorbar":{"outlinewidth":0,"ticks":""}},"type":"scatter3d"}],"scattercarpet":[{"marker":{"colorbar":{"outlinewidth":0,"ticks":""}},"type":"scattercarpet"}],"scattergeo":[{"marker":{"colorbar":{"outlinewidth":0,"ticks":""}},"type":"scattergeo"}],"scattergl":[{"marker":{"colorbar":{"outlinewidth":0,"ticks":""}},"type":"scattergl"}],"scattermapbox":[{"marker":{"colorbar":{"outlinewidth":0,"ticks":""}},"type":"scattermapbox"}],"scatterpolargl":[{"marker":{"colorbar":{"outlinewidth":0,"ticks":""}},"type":"scatterpolargl"}],"scatterpolar":[{"marker":{"colorbar":{"outlinewidth":0,"ticks":""}},"type":"scatterpolar"}],"scatter":[{"fillpattern":{"fillmode":"overlay","size":10,"solidity":0.2},"type":"scatter"}],"scatterternary":[{"marker":{"colorbar":{"outlinewidth":0,"ticks":""}},"type":"scatterternary"}],"surface":[{"colorbar":{"outlinewidth":0,"ticks":""},"colorscale":[[0.0,"#0d0887"],[0.1111111111111111,"#46039f"],[0.2222222222222222,"#7201a8"],[0.3333333333333333,"#9c179e"],[0.4444444444444444,"#bd3786"],[0.5555555555555556,"#d8576b"],[0.6666666666666666,"#ed7953"],[0.7777777777777778,"#fb9f3a"],[0.8888888888888888,"#fdca26"],[1.0,"#f0f921"]],"type":"surface"}],"table":[{"cells":{"fill":{"color":"#EBF0F8"},"line":{"color":"white"}},"header":{"fill":{"color":"#C8D4E3"},"line":{"color":"white"}},"type":"table"}]},"layout":{"annotationdefaults":{"arrowcolor":"#2a3f5f","arrowhead":0,"arrowwidth":1},"autotypenumbers":"strict","coloraxis":{"colorbar":{"outlinewidth":0,"ticks":""}},"colorscale":{"diverging":[[0,"#8e0152"],[0.1,"#c51b7d"],[0.2,"#de77ae"],[0.3,"#f1b6da"],[0.4,"#fde0ef"],[0.5,"#f7f7f7"],[0.6,"#e6f5d0"],[0.7,"#b8e186"],[0.8,"#7fbc41"],[0.9,"#4d9221"],[1,"#276419"]],"sequential":[[0.0,"#0d0887"],[0.1111111111111111,"#46039f"],[0.2222222222222222,"#7201a8"],[0.3333333333333333,"#9c179e"],[0.4444444444444444,"#bd3786"],[0.5555555555555556,"#d8576b"],[0.6666666666666666,"#ed7953"],[0.7777777777777778,"#fb9f3a"],[0.8888888888888888,"#fdca26"],[1.0,"#f0f921"]],"sequentialminus":[[0.0,"#0d0887"],[0.1111111111111111,"#46039f"],[0.2222222222222222,"#7201a8"],[0.3333333333333333,"#9c179e"],[0.4444444444444444,"#bd3786"],[0.5555555555555556,"#d8576b"],[0.6666666666666666,"#ed7953"],[0.7777777777777778,"#fb9f3a"],[0.8888888888888888,"#fdca26"],[1.0,"#f0f921"]]},"colorway":["#636efa","#EF553B","#00cc96","#ab63fa","#FFA15A","#19d3f3","#FF6692","#B6E880","#FF97FF","#FECB52"],"font":{"color":"#2a3f5f"},"geo":{"bgcolor":"white","lakecolor":"white","landcolor":"white","showlakes":true,"showland":true,"subunitcolor":"#C8D4E3"},"hoverlabel":{"align":"left"},"hovermode":"closest","mapbox":{"style":"light"},"paper_bgcolor":"white","plot_bgcolor":"white","polar":{"angularaxis":{"gridcolor":"#EBF0F8","linecolor":"#EBF0F8","ticks":""},"bgcolor":"white","radialaxis":{"gridcolor":"#EBF0F8","linecolor":"#EBF0F8","ticks":""}},"scene":{"xaxis":{"backgroundcolor":"white","gridcolor":"#DFE8F3","gridwidth":2,"linecolor":"#EBF0F8","showbackground":true,"ticks":"","zerolinecolor":"#EBF0F8"},"yaxis":{"backgroundcolor":"white","gridcolor":"#DFE8F3","gridwidth":2,"linecolor":"#EBF0F8","showbackground":true,"ticks":"","zerolinecolor":"#EBF0F8"},"zaxis":{"backgroundcolor":"white","gridcolor":"#DFE8F3","gridwidth":2,"linecolor":"#EBF0F8","showbackground":true,"ticks":"","zerolinecolor":"#EBF0F8"}},"shapedefaults":{"line":{"color":"#2a3f5f"}},"ternary":{"aaxis":{"gridcolor":"#DFE8F3","linecolor":"#A2B1C6","ticks":""},"baxis":{"gridcolor":"#DFE8F3","linecolor":"#A2B1C6","ticks":""},"bgcolor":"white","caxis":{"gridcolor":"#DFE8F3","linecolor":"#A2B1C6","ticks":""}},"title":{"x":0.05},"xaxis":{"automargin":true,"gridcolor":"#EBF0F8","linecolor":"#EBF0F8","ticks":"","title":{"standoff":15},"zerolinecolor":"#EBF0F8","zerolinewidth":2},"yaxis":{"automargin":true,"gridcolor":"#EBF0F8","linecolor":"#EBF0F8","ticks":"","title":{"standoff":15},"zerolinecolor":"#EBF0F8","zerolinewidth":2}}},"xaxis":{"anchor":"y","domain":[0.0,1.0],"autorange":true,"range":[-49,0],"type":"linear","showticklabels":true},"yaxis":{"anchor":"x","domain":[0.0,0.16666666666666666],"tickfont":{"color":"#ff0789","size":9},"autorange":true,"fixedrange":false,"mirror":true,"showline":true,"side":"left","tickmode":"auto","ticks":"","tickson":"boundaries","type":"linear","zeroline":false,"automargin":false},"xaxis2":{"anchor":"y2","domain":[0.0,1.0],"showticklabels":false},"yaxis2":{"anchor":"x","domain":[0.16666666666666666,0.3333333333333333],"tickfont":{"color":"#966ebd","size":9},"autorange":true,"fixedrange":false,"mirror":true,"showline":true,"side":"left","tickmode":"auto","ticks":"","tickson":"boundaries","type":"linear","zeroline":false},"xaxis3":{"anchor":"y3","domain":[0.0,1.0],"showticklabels":false},"yaxis3":{"anchor":"x","domain":[0.3333333333333333,0.5],"tickfont":{"color":"#ad900d","size":9},"autorange":true,"fixedrange":false,"mirror":true,"showline":true,"side":"left","tickmode":"auto","ticks":"","tickson":"boundaries","type":"linear","zeroline":false},"xaxis4":{"anchor":"y4","domain":[0.0,1.0],"showticklabels":false},"yaxis4":{"anchor":"x","domain":[0.5,0.6666666666666666],"tickfont":{"color":"#009337","size":9},"autorange":true,"fixedrange":false,"mirror":true,"showline":true,"side":"left","tickmode":"auto","ticks":"","tickson":"boundaries","type":"linear","zeroline":false},"xaxis5":{"anchor":"y5","domain":[0.0,1.0],"showticklabels":false},"yaxis5":{"anchor":"x","domain":[0.6666666666666666,0.8333333333333333],"tickfont":{"color":"#850e04","size":9},"autorange":true,"fixedrange":false,"mirror":true,"showline":true,"side":"left","tickmode":"auto","ticks":"","tickson":"boundaries","type":"linear","zeroline":false},"xaxis6":{"anchor":"y6","domain":[0.0,1.0],"showticklabels":false},"yaxis6":{"anchor":"x","domain":[0.8333333333333333,1.0],"tickfont":{"color":"#3e82fc","size":9},"autorange":true,"fixedrange":false,"mirror":true,"showline":true,"side":"left","tickmode":"auto","ticks":"","tickson":"boundaries","type":"linear","zeroline":false},"xaxis7":{"anchor":"y7","domain":[0.0,1.0],"showticklabels":false},"yaxis7":{"anchor":"x","domain":[1,1],"tickfont":{"color":"#fe420f","size":9},"autorange":true,"fixedrange":false,"mirror":true,"showline":true,"side":"left","tickmode":"auto","ticks":"","tickson":"boundaries","type":"linear","zeroline":false},"xaxis8":{"anchor":"y8","domain":[0.0,1.0],"showticklabels":false},"yaxis8":{"anchor":"x","domain":[1,1],"tickfont":{"color":"#fe828c","size":9},"autorange":true,"fixedrange":false,"mirror":true,"showline":true,"side":"left","tickmode":"auto","ticks":"","tickson":"boundaries","type":"linear","zeroline":false},"yaxis9":{"anchor":"x","autorange":true,"fixedrange":false,"domain":[1,1],"mirror":true,"showline":true,"side":"left","tickfont":{"color":"#85a3b2","size":9},"tickmode":"auto","ticks":"","tickson":"boundaries","type":"linear","zeroline":false},"yaxis10":{"anchor":"x","autorange":true,"fixedrange":false,"domain":[1,1],"mirror":true,"showline":true,"side":"left","tickfont":{"color":"#f0833a","size":9},"tickmode":"auto","ticks":"","tickson":"boundaries","type":"linear","zeroline":false},"legend":{"traceorder":"reversed","yanchor":"top","y":0.99,"xanchor":"left"},"margin":{"t":50,"b":50},"title":{"text":"Python = python-cython-3.8, Problem = TestModels_test_uc_20140901_expected"},"dragmode":"zoom","hovermode":"x","height":900,"shapes":[{"line":{"color":"green","dash":"longdash","width":2},"type":"line","x0":-9,"x1":-9,"xref":"x","y0":0,"y1":1,"yref":"paper"}],"annotations":[{"text":"3.8.19    ","x":-9}]},                        {"responsive": true}                    )                };                            </script>        </div>
</body>
</html>