<html>
<head><meta charset="utf-8" /></head>
<body>
    <div>                        <script type="text/javascript">window.PlotlyConfig = {MathJaxConfig: 'local'};</script>
        <script charset="utf-8" src="https://cdn.plot.ly/plotly-2.35.2.min.js"></script>                <div id="7dac44e8-bdba-4a2d-8a3d-6fc52685d700" class="plotly-graph-div" style="height:900px; width:100%;"></div>            <script type="text/javascript">                                    window.PLOTLYENV=window.PLOTLYENV || {};                                    if (document.getElementById("7dac44e8-bdba-4a2d-8a3d-6fc52685d700")) {                    Plotly.newPlot(                        "7dac44e8-bdba-4a2d-8a3d-6fc52685d700",                        [{"line":{"color":"#ff0789","width":0.5},"name":"create_instance","text":["2.9845251040533185s, 2025-06-24, 56521be5","2.971281100064516s, 2025-06-27, 88940a9f","2.9311853270046413s, 2025-06-28, ec731861","2.951077627018094s, 2025-06-28, 874352c4","2.9418149669654667s, 2025-06-30, 6e065819","3.0244591261725873s, 2025-06-30, 828560c9","2.9518988120835274s, 2025-06-30, fe163bf7","2.9720054159406573s, 2025-07-01, 9cff6682","2.9649387469980866s, 2025-07-02, d38d9cbf","2.9204351960215718s, 2025-07-03, 926c91a3","2.9831153731793165s, 2025-07-08, 10d6acc3","3.3099451549351215s, 2025-07-16, 039023dc","3.3511947649531066s, 2025-07-17, 98d30768","3.0127959470264614s, 2025-07-17, 86e7fc6b","3.0821158720646054s, 2025-07-18, e9cfccd8","3.297110276063904s, 2025-07-19, 31b08b89","2.978621760965325s, 2025-07-19, 14a1c10e","2.9930391670000063s, 2025-07-22, 8dfd55b9","2.99890073100687s, 2025-07-24, 367c2ff1","2.9204519230115693s, 2025-07-24, 61ac8763","2.8460811929835472s, 2025-07-24, b2463cc1","2.9928672310197726s, 2025-07-29, 8f07c5a7","2.9965605929028243s, 2025-08-01, c67cb4fb","3.065117191988975s, 2025-08-01, 4cbef3be","3.286376249976456s, 2025-08-04, 1981797e","3.67557472595945s, 2025-08-04, 82906aee","2.9763695900328457s, 2025-08-04, eb3ce813","3.0336128449998796s, 2025-08-04, fa799a94","2.968433414120227s, 2025-08-05, adc610bf","3.0073208690155298s, 2025-08-06, d8f1ba26","3.0609169381204993s, 2025-08-06, f95d1195","2.89385888306424s, 2025-08-06, 9a7de1b1","2.96484960289672s, 2025-08-06, 5dbc835b","3.0437997048720717s, 2025-08-06, 9f65f869","3.008907187031582s, 2025-08-06, c5a0dab2","3.0236742550041527s, 2025-08-07, de14e283","3.0575664951466024s, 2025-08-08, a7809122","2.999138843966648s, 2025-08-08, 35b28027","3.231205955846235s, 2025-08-12, 58b0a438","2.965002886019647s, 2025-08-12, 2ca7dfb1","3.0328460060991347s, 2025-08-13, 756c2c13","3.005895384994801s, 2025-08-14, df215bf7","3.0197633609641343s, 2025-08-19, 7431594d","3.087176357046701s, 2025-08-19, 7ecb388a","3.0239426959306s, 2025-08-20, b212b412","3.035045245080255s, 2025-08-21, 08b74aa0","2.994889594032429s, 2025-08-25, 7deb9125","2.9701048461720347s, 2025-08-27, 0a5479fd","3.0030464720912278s, 2025-08-27, 2758f662","3.057794983033091s, 2025-08-27, 3e12d96a"],"x":[-49,-48,-47,-46,-45,-44,-43,-42,-41,-40,-39,-38,-37,-36,-35,-34,-33,-32,-31,-30,-29,-28,-27,-26,-25,-24,-23,-22,-21,-20,-19,-18,-17,-16,-15,-14,-13,-12,-11,-10,-9,-8,-7,-6,-5,-4,-3,-2,-1,0],"y":[2.9845251040533185,2.971281100064516,2.9311853270046413,2.951077627018094,2.9418149669654667,3.0244591261725873,2.9518988120835274,2.9720054159406573,2.9649387469980866,2.9204351960215718,2.9831153731793165,3.3099451549351215,3.3511947649531066,3.0127959470264614,3.0821158720646054,3.297110276063904,2.978621760965325,2.9930391670000063,2.99890073100687,2.9204519230115693,2.8460811929835472,2.9928672310197726,2.9965605929028243,3.065117191988975,3.286376249976456,3.67557472595945,2.9763695900328457,3.0336128449998796,2.968433414120227,3.0073208690155298,3.0609169381204993,2.89385888306424,2.96484960289672,3.0437997048720717,3.008907187031582,3.0236742550041527,3.0575664951466024,2.999138843966648,3.231205955846235,2.965002886019647,3.0328460060991347,3.005895384994801,3.0197633609641343,3.087176357046701,3.0239426959306,3.035045245080255,2.994889594032429,2.9701048461720347,3.0030464720912278,3.057794983033091],"yaxis":"y","type":"scatter","xaxis":"x","marker":{"size":8},"hoverinfo":"text+x","mode":"lines+markers","showlegend":true},{"line":{"color":"#966ebd","width":0.5},"name":"test_time","text":["24.279386513866484s, 2025-06-24, 56521be5","23.802443967899308s, 2025-06-27, 88940a9f","23.90013781003654s, 2025-06-28, ec731861","23.757828805129975s, 2025-06-28, 874352c4","24.26674590888433s, 2025-06-30, 6e065819","24.088766849134117s, 2025-06-30, 828560c9","23.98982233298011s, 2025-06-30, fe163bf7","23.810274282936007s, 2025-07-01, 9cff6682","24.109354614978656s, 2025-07-02, d38d9cbf","23.567483668215573s, 2025-07-03, 926c91a3","23.709889465011656s, 2025-07-08, 10d6acc3","24.160628693993203s, 2025-07-16, 039023dc","23.92475438292604s, 2025-07-17, 98d30768","24.225014369003475s, 2025-07-17, 86e7fc6b","23.560706733958796s, 2025-07-18, e9cfccd8","24.312833611038513s, 2025-07-19, 31b08b89","23.927223389968276s, 2025-07-19, 14a1c10e","24.092716608000046s, 2025-07-22, 8dfd55b9","23.99205721501494s, 2025-07-24, 367c2ff1","24.279435021977406s, 2025-07-24, 61ac8763","23.42276650198619s, 2025-07-24, b2463cc1","24.506156107992865s, 2025-07-29, 8f07c5a7","23.784386990009807s, 2025-08-01, c67cb4fb","23.912753770011477s, 2025-08-01, 4cbef3be","24.225814521079883s, 2025-08-04, 1981797e","29.328205975005403s, 2025-08-04, 82906aee","23.98241850780323s, 2025-08-04, eb3ce813","23.983088152948767s, 2025-08-04, fa799a94","23.916623783065006s, 2025-08-05, adc610bf","23.968521428992972s, 2025-08-06, d8f1ba26","24.306685230927542s, 2025-08-06, f95d1195","23.62839855393395s, 2025-08-06, 9a7de1b1","23.981645649997517s, 2025-08-06, 5dbc835b","24.340586784062907s, 2025-08-06, 9f65f869","23.843002032954246s, 2025-08-06, c5a0dab2","24.13516205106862s, 2025-08-07, de14e283","24.249603850068524s, 2025-08-08, a7809122","24.811904538888484s, 2025-08-08, 35b28027","24.341922611929476s, 2025-08-12, 58b0a438","24.11629001190886s, 2025-08-12, 2ca7dfb1","24.13635349809192s, 2025-08-13, 756c2c13","23.64361452200683s, 2025-08-14, df215bf7","24.02786542789545s, 2025-08-19, 7431594d","24.277841437025927s, 2025-08-19, 7ecb388a","24.250678834039718s, 2025-08-20, b212b412","24.386003377032466s, 2025-08-21, 08b74aa0","24.769863540073857s, 2025-08-25, 7deb9125","24.00417464086786s, 2025-08-27, 0a5479fd","24.145363288000226s, 2025-08-27, 2758f662","24.116244366858155s, 2025-08-27, 3e12d96a"],"x":[-49,-48,-47,-46,-45,-44,-43,-42,-41,-40,-39,-38,-37,-36,-35,-34,-33,-32,-31,-30,-29,-28,-27,-26,-25,-24,-23,-22,-21,-20,-19,-18,-17,-16,-15,-14,-13,-12,-11,-10,-9,-8,-7,-6,-5,-4,-3,-2,-1,0],"y":[24.279386513866484,23.802443967899308,23.90013781003654,23.757828805129975,24.26674590888433,24.088766849134117,23.98982233298011,23.810274282936007,24.109354614978656,23.567483668215573,23.709889465011656,24.160628693993203,23.92475438292604,24.225014369003475,23.560706733958796,24.312833611038513,23.927223389968276,24.092716608000046,23.99205721501494,24.279435021977406,23.42276650198619,24.506156107992865,23.784386990009807,23.912753770011477,24.225814521079883,29.328205975005403,23.98241850780323,23.983088152948767,23.916623783065006,23.968521428992972,24.306685230927542,23.62839855393395,23.981645649997517,24.340586784062907,23.843002032954246,24.13516205106862,24.249603850068524,24.811904538888484,24.341922611929476,24.11629001190886,24.13635349809192,23.64361452200683,24.02786542789545,24.277841437025927,24.250678834039718,24.386003377032466,24.769863540073857,24.00417464086786,24.145363288000226,24.116244366858155],"yaxis":"y2","type":"scatter","xaxis":"x2","marker":{"size":8},"hoverinfo":"text+x","mode":"lines+markers","showlegend":true},{"line":{"color":"#ad900d","width":0.5},"name":"nl","text":["3.5565129739698023s, 2025-06-24, 56521be5","3.5147857209667563s, 2025-06-27, 88940a9f","3.5358627310488373s, 2025-06-28, ec731861","3.5007946440018713s, 2025-06-28, 874352c4","3.5179473909083754s, 2025-06-30, 6e065819","3.526559880003333s, 2025-06-30, 828560c9","3.588629911886528s, 2025-06-30, fe163bf7","3.5192989259958267s, 2025-07-01, 9cff6682","3.4988038779702038s, 2025-07-02, d38d9cbf","3.502702485071495s, 2025-07-03, 926c91a3","3.4692047596909106s, 2025-07-08, 10d6acc3","3.5237716110423207s, 2025-07-16, 039023dc","3.4405010590562597s, 2025-07-17, 98d30768","3.5294089689850807s, 2025-07-17, 86e7fc6b","3.5176395520102233s, 2025-07-18, e9cfccd8","3.5031815649708733s, 2025-07-19, 31b08b89","3.890854755998589s, 2025-07-19, 14a1c10e","3.5708733369999663s, 2025-07-22, 8dfd55b9","3.5400705710053444s, 2025-07-24, 367c2ff1","3.5266168209782336s, 2025-07-24, 61ac8763","3.4316821839893237s, 2025-07-24, b2463cc1","3.5424935170449317s, 2025-07-29, 8f07c5a7","3.5424999590031803s, 2025-08-01, c67cb4fb","3.5641891550039873s, 2025-08-01, 4cbef3be","3.542638977058232s, 2025-08-04, 1981797e","4.32835483411327s, 2025-08-04, 82906aee","3.5403865289408714s, 2025-08-04, eb3ce813","3.4953012131154537s, 2025-08-04, fa799a94","3.464095211820677s, 2025-08-05, adc610bf","3.5063916710205376s, 2025-08-06, d8f1ba26","3.815975622041151s, 2025-08-06, f95d1195","3.4737616619095206s, 2025-08-06, 9a7de1b1","3.4893032000400126s, 2025-08-06, 5dbc835b","3.5582099228631705s, 2025-08-06, 9f65f869","3.512354291975498s, 2025-08-06, c5a0dab2","3.549924529856071s, 2025-08-07, de14e283","3.4633285920135677s, 2025-08-08, a7809122","3.5130849638953805s, 2025-08-08, 35b28027","3.5146661510225385s, 2025-08-12, 58b0a438","3.5010888010729104s, 2025-08-12, 2ca7dfb1","3.48028790904209s, 2025-08-13, 756c2c13","3.4609498560021166s, 2025-08-14, df215bf7","3.5051696359878406s, 2025-08-19, 7431594d","3.4804437230341136s, 2025-08-19, 7ecb388a","3.565532561042346s, 2025-08-20, b212b412","3.782292408985086s, 2025-08-21, 08b74aa0","3.4894657529657707s, 2025-08-25, 7deb9125","3.4748373499605805s, 2025-08-27, 0a5479fd","3.453163769096136s, 2025-08-27, 2758f662","3.496022346895188s, 2025-08-27, 3e12d96a"],"x":[-49,-48,-47,-46,-45,-44,-43,-42,-41,-40,-39,-38,-37,-36,-35,-34,-33,-32,-31,-30,-29,-28,-27,-26,-25,-24,-23,-22,-21,-20,-19,-18,-17,-16,-15,-14,-13,-12,-11,-10,-9,-8,-7,-6,-5,-4,-3,-2,-1,0],"y":[3.5565129739698023,3.5147857209667563,3.5358627310488373,3.5007946440018713,3.5179473909083754,3.526559880003333,3.588629911886528,3.5192989259958267,3.4988038779702038,3.502702485071495,3.4692047596909106,3.5237716110423207,3.4405010590562597,3.5294089689850807,3.5176395520102233,3.5031815649708733,3.890854755998589,3.5708733369999663,3.5400705710053444,3.5266168209782336,3.4316821839893237,3.5424935170449317,3.5424999590031803,3.5641891550039873,3.542638977058232,4.32835483411327,3.5403865289408714,3.4953012131154537,3.464095211820677,3.5063916710205376,3.815975622041151,3.4737616619095206,3.4893032000400126,3.5582099228631705,3.512354291975498,3.549924529856071,3.4633285920135677,3.5130849638953805,3.5146661510225385,3.5010888010729104,3.48028790904209,3.4609498560021166,3.5051696359878406,3.4804437230341136,3.565532561042346,3.782292408985086,3.4894657529657707,3.4748373499605805,3.453163769096136,3.496022346895188],"yaxis":"y3","type":"scatter","xaxis":"x3","marker":{"size":8},"hoverinfo":"text+x","mode":"lines+markers","showlegend":true},{"line":{"color":"#009337","width":0.5},"name":"lp","text":["3.9566089189611375s, 2025-06-24, 56521be5","3.8138631090987474s, 2025-06-27, 88940a9f","3.8522600780706853s, 2025-06-28, ec731861","3.7877187239937484s, 2025-06-28, 874352c4","3.8154999900143594s, 2025-06-30, 6e065819","3.7962609408423305s, 2025-06-30, 828560c9","3.7826239101123065s, 2025-06-30, fe163bf7","3.83592710387893s, 2025-07-01, 9cff6682","3.7890596920624375s, 2025-07-02, d38d9cbf","3.7712940950877964s, 2025-07-03, 926c91a3","3.762356641702354s, 2025-07-08, 10d6acc3","3.7467239110264927s, 2025-07-16, 039023dc","3.7163909040391445s, 2025-07-17, 98d30768","3.7513675569789484s, 2025-07-17, 86e7fc6b","3.749125422909856s, 2025-07-18, e9cfccd8","3.805103341001086s, 2025-07-19, 31b08b89","3.8005365839926526s, 2025-07-19, 14a1c10e","3.7791986310000993s, 2025-07-22, 8dfd55b9","3.83868845901452s, 2025-07-24, 367c2ff1","3.714308563998202s, 2025-07-24, 61ac8763","3.6593800370173994s, 2025-07-24, b2463cc1","4.352184335002676s, 2025-07-29, 8f07c5a7","3.746259300969541s, 2025-08-01, c67cb4fb","3.80854337697383s, 2025-08-01, 4cbef3be","3.829470860073343s, 2025-08-04, 1981797e","4.853614466963336s, 2025-08-04, 82906aee","3.7461306999903172s, 2025-08-04, eb3ce813","3.8648132469970733s, 2025-08-04, fa799a94","3.8222621930763125s, 2025-08-05, adc610bf","3.8344429661519825s, 2025-08-06, d8f1ba26","3.9011755969841033s, 2025-08-06, f95d1195","3.812385943951085s, 2025-08-06, 9a7de1b1","3.8150616309139878s, 2025-08-06, 5dbc835b","4.1888998919166625s, 2025-08-06, 9f65f869","4.087236645864323s, 2025-08-06, c5a0dab2","3.8549342919141054s, 2025-08-07, de14e283","4.402223126031458s, 2025-08-08, a7809122","4.029153012903407s, 2025-08-08, 35b28027","3.8192012330982834s, 2025-08-12, 58b0a438","3.9906855549197644s, 2025-08-12, 2ca7dfb1","3.814568587113172s, 2025-08-13, 756c2c13","3.8293245759996353s, 2025-08-14, df215bf7","3.9059077510610223s, 2025-08-19, 7431594d","3.813728434033692s, 2025-08-19, 7ecb388a","4.152394134085625s, 2025-08-20, b212b412","3.8937615290051326s, 2025-08-21, 08b74aa0","4.515548132010736s, 2025-08-25, 7deb9125","3.835100351134315s, 2025-08-27, 0a5479fd","4.135681567946449s, 2025-08-27, 2758f662","3.935506307054311s, 2025-08-27, 3e12d96a"],"x":[-49,-48,-47,-46,-45,-44,-43,-42,-41,-40,-39,-38,-37,-36,-35,-34,-33,-32,-31,-30,-29,-28,-27,-26,-25,-24,-23,-22,-21,-20,-19,-18,-17,-16,-15,-14,-13,-12,-11,-10,-9,-8,-7,-6,-5,-4,-3,-2,-1,0],"y":[3.9566089189611375,3.8138631090987474,3.8522600780706853,3.7877187239937484,3.8154999900143594,3.7962609408423305,3.7826239101123065,3.83592710387893,3.7890596920624375,3.7712940950877964,3.762356641702354,3.7467239110264927,3.7163909040391445,3.7513675569789484,3.749125422909856,3.805103341001086,3.8005365839926526,3.7791986310000993,3.83868845901452,3.714308563998202,3.6593800370173994,4.352184335002676,3.746259300969541,3.80854337697383,3.829470860073343,4.853614466963336,3.7461306999903172,3.8648132469970733,3.8222621930763125,3.8344429661519825,3.9011755969841033,3.812385943951085,3.8150616309139878,4.1888998919166625,4.087236645864323,3.8549342919141054,4.402223126031458,4.029153012903407,3.8192012330982834,3.9906855549197644,3.814568587113172,3.8293245759996353,3.9059077510610223,3.813728434033692,4.152394134085625,3.8937615290051326,4.515548132010736,3.835100351134315,4.135681567946449,3.935506307054311],"yaxis":"y4","type":"scatter","xaxis":"x4","marker":{"size":8},"hoverinfo":"text+x","mode":"lines+markers","showlegend":true},{"line":{"color":"#850e04","width":0.5},"name":"bar","text":["5.657976950984448s, 2025-06-24, 56521be5","5.511516815051436s, 2025-06-27, 88940a9f","5.408321192022413s, 2025-06-28, ec731861","5.412684554932639s, 2025-06-28, 874352c4","5.683382069924846s, 2025-06-30, 6e065819","5.453105479944497s, 2025-06-30, 828560c9","5.4386648260988295s, 2025-06-30, fe163bf7","5.479702989105135s, 2025-07-01, 9cff6682","5.47053689789027s, 2025-07-02, d38d9cbf","5.468544736970216s, 2025-07-03, 926c91a3","5.452951642218977s, 2025-07-08, 10d6acc3","5.405978827970102s, 2025-07-16, 039023dc","5.449060976039618s, 2025-07-17, 98d30768","5.709069992066361s, 2025-07-17, 86e7fc6b","5.381100979982875s, 2025-07-18, e9cfccd8","5.4643366660457104s, 2025-07-19, 31b08b89","5.376852742978372s, 2025-07-19, 14a1c10e","5.622806327000035s, 2025-07-22, 8dfd55b9","5.614033451973228s, 2025-07-24, 367c2ff1","5.7539090150094125s, 2025-07-24, 61ac8763","5.744002096995246s, 2025-07-24, b2463cc1","5.468928328948095s, 2025-07-29, 8f07c5a7","5.438108803005889s, 2025-08-01, c67cb4fb","5.43833175196778s, 2025-08-01, 4cbef3be","5.455907082883641s, 2025-08-04, 1981797e","6.6353754280135036s, 2025-08-04, 82906aee","5.4465271551162004s, 2025-08-04, eb3ce813","5.693328402005136s, 2025-08-04, fa799a94","5.426096559036523s, 2025-08-05, adc610bf","5.486901695840061s, 2025-08-06, d8f1ba26","5.470223195152357s, 2025-08-06, f95d1195","5.507023422047496s, 2025-08-06, 9a7de1b1","5.4234699620865285s, 2025-08-06, 5dbc835b","5.418560273945332s, 2025-08-06, 9f65f869","5.355658571003005s, 2025-08-06, c5a0dab2","5.41220993292518s, 2025-08-07, de14e283","5.412290053907782s, 2025-08-08, a7809122","5.647858555894345s, 2025-08-08, 35b28027","5.566638963064179s, 2025-08-12, 58b0a438","5.5572683869395405s, 2025-08-12, 2ca7dfb1","5.435971874045208s, 2025-08-13, 756c2c13","5.373338149001938s, 2025-08-14, df215bf7","5.503314953064546s, 2025-08-19, 7431594d","5.993090808973648s, 2025-08-19, 7ecb388a","5.410654145060107s, 2025-08-20, b212b412","5.380798883037642s, 2025-08-21, 08b74aa0","5.418964938027784s, 2025-08-25, 7deb9125","5.750075169140473s, 2025-08-27, 0a5479fd","5.409340139012784s, 2025-08-27, 2758f662","5.650477021001279s, 2025-08-27, 3e12d96a"],"x":[-49,-48,-47,-46,-45,-44,-43,-42,-41,-40,-39,-38,-37,-36,-35,-34,-33,-32,-31,-30,-29,-28,-27,-26,-25,-24,-23,-22,-21,-20,-19,-18,-17,-16,-15,-14,-13,-12,-11,-10,-9,-8,-7,-6,-5,-4,-3,-2,-1,0],"y":[5.657976950984448,5.511516815051436,5.408321192022413,5.412684554932639,5.683382069924846,5.453105479944497,5.4386648260988295,5.479702989105135,5.47053689789027,5.468544736970216,5.452951642218977,5.405978827970102,5.449060976039618,5.709069992066361,5.381100979982875,5.4643366660457104,5.376852742978372,5.622806327000035,5.614033451973228,5.7539090150094125,5.744002096995246,5.468928328948095,5.438108803005889,5.43833175196778,5.455907082883641,6.6353754280135036,5.4465271551162004,5.693328402005136,5.426096559036523,5.486901695840061,5.470223195152357,5.507023422047496,5.4234699620865285,5.418560273945332,5.355658571003005,5.41220993292518,5.412290053907782,5.647858555894345,5.566638963064179,5.5572683869395405,5.435971874045208,5.373338149001938,5.503314953064546,5.993090808973648,5.410654145060107,5.380798883037642,5.418964938027784,5.750075169140473,5.409340139012784,5.650477021001279],"yaxis":"y5","type":"scatter","xaxis":"x5","marker":{"size":8},"hoverinfo":"text+x","mode":"lines+markers","showlegend":true},{"line":{"color":"#3e82fc","width":0.5},"name":"gams","text":["6.074439299991354s, 2025-06-24, 56521be5","5.974167047068477s, 2025-06-27, 88940a9f","5.822340748040006s, 2025-06-28, ec731861","5.910485255997628s, 2025-06-28, 874352c4","5.896496601169929s, 2025-06-30, 6e065819","5.840287544997409s, 2025-06-30, 828560c9","5.96976363286376s, 2025-06-30, fe163bf7","5.953920667991042s, 2025-07-01, 9cff6682","5.872346274089068s, 2025-07-02, d38d9cbf","5.8363411840982735s, 2025-07-03, 926c91a3","5.936401756014675s, 2025-07-08, 10d6acc3","5.8326100819977s, 2025-07-16, 039023dc","5.72622094489634s, 2025-07-17, 98d30768","5.921774814953096s, 2025-07-17, 86e7fc6b","5.774263664032333s, 2025-07-18, e9cfccd8","5.952325406018645s, 2025-07-19, 31b08b89","5.797110554063693s, 2025-07-19, 14a1c10e","6.008423171999993s, 2025-07-22, 8dfd55b9","5.937728115008213s, 2025-07-24, 367c2ff1","6.026137968990952s, 2025-07-24, 61ac8763","5.58351637198939s, 2025-07-24, b2463cc1","5.891226861975156s, 2025-07-29, 8f07c5a7","5.823887613019906s, 2025-08-01, c67cb4fb","5.942864467040636s, 2025-08-01, 4cbef3be","6.027129752095789s, 2025-08-04, 1981797e","7.59857887821272s, 2025-08-04, 82906aee","6.125040335813537s, 2025-08-04, eb3ce813","5.827495619188994s, 2025-08-04, fa799a94","6.173781962133944s, 2025-08-05, adc610bf","5.961472089868039s, 2025-08-06, d8f1ba26","5.971307234838605s, 2025-08-06, f95d1195","5.860674139112234s, 2025-08-06, 9a7de1b1","6.182599608087912s, 2025-08-06, 5dbc835b","5.902875398052856s, 2025-08-06, 9f65f869","5.765130913816392s, 2025-08-06, c5a0dab2","6.224207732826471s, 2025-08-07, de14e283","5.825226855929941s, 2025-08-08, a7809122","6.199023196939379s, 2025-08-08, 35b28027","5.867973532062024s, 2025-08-12, 58b0a438","5.818338314071298s, 2025-08-12, 2ca7dfb1","6.118246637983248s, 2025-08-13, 756c2c13","5.895718211992062s, 2025-08-14, df215bf7","5.880293773021549s, 2025-08-19, 7431594d","5.806768623995595s, 2025-08-19, 7ecb388a","5.98485679901205s, 2025-08-20, b212b412","5.906372376019135s, 2025-08-21, 08b74aa0","5.8601916750194505s, 2025-08-25, 7deb9125","5.879726810846478s, 2025-08-27, 0a5479fd","6.0113530941307545s, 2025-08-27, 2758f662","5.853484714170918s, 2025-08-27, 3e12d96a"],"x":[-49,-48,-47,-46,-45,-44,-43,-42,-41,-40,-39,-38,-37,-36,-35,-34,-33,-32,-31,-30,-29,-28,-27,-26,-25,-24,-23,-22,-21,-20,-19,-18,-17,-16,-15,-14,-13,-12,-11,-10,-9,-8,-7,-6,-5,-4,-3,-2,-1,0],"y":[6.074439299991354,5.974167047068477,5.822340748040006,5.910485255997628,5.896496601169929,5.840287544997409,5.96976363286376,5.953920667991042,5.872346274089068,5.8363411840982735,5.936401756014675,5.8326100819977,5.72622094489634,5.921774814953096,5.774263664032333,5.952325406018645,5.797110554063693,6.008423171999993,5.937728115008213,6.026137968990952,5.58351637198939,5.891226861975156,5.823887613019906,5.942864467040636,6.027129752095789,7.59857887821272,6.125040335813537,5.827495619188994,6.173781962133944,5.961472089868039,5.971307234838605,5.860674139112234,6.182599608087912,5.902875398052856,5.765130913816392,6.224207732826471,5.825226855929941,6.199023196939379,5.867973532062024,5.818338314071298,6.118246637983248,5.895718211992062,5.880293773021549,5.806768623995595,5.98485679901205,5.906372376019135,5.8601916750194505,5.879726810846478,6.0113530941307545,5.853484714170918],"yaxis":"y6","type":"scatter","xaxis":"x6","marker":{"size":8},"hoverinfo":"text+x","mode":"lines+markers","showlegend":true}],                        {"template":{"data":{"barpolar":[{"marker":{"line":{"color":"white","width":0.5},"pattern":{"fillmode":"overlay","size":10,"solidity":0.2}},"type":"barpolar"}],"bar":[{"error_x":{"color":"#2a3f5f"},"error_y":{"color":"#2a3f5f"},"marker":{"line":{"color":"white","width":0.5},"pattern":{"fillmode":"overlay","size":10,"solidity":0.2}},"type":"bar"}],"carpet":[{"aaxis":{"endlinecolor":"#2a3f5f","gridcolor":"#C8D4E3","linecolor":"#C8D4E3","minorgridcolor":"#C8D4E3","startlinecolor":"#2a3f5f"},"baxis":{"endlinecolor":"#2a3f5f","gridcolor":"#C8D4E3","linecolor":"#C8D4E3","minorgridcolor":"#C8D4E3","startlinecolor":"#2a3f5f"},"type":"carpet"}],"choropleth":[{"colorbar":{"outlinewidth":0,"ticks":""},"type":"choropleth"}],"contourcarpet":[{"colorbar":{"outlinewidth":0,"ticks":""},"type":"contourcarpet"}],"contour":[{"colorbar":{"outlinewidth":0,"ticks":""},"colorscale":[[0.0,"#0d0887"],[0.1111111111111111,"#46039f"],[0.2222222222222222,"#7201a8"],[0.3333333333333333,"#9c179e"],[0.4444444444444444,"#bd3786"],[0.5555555555555556,"#d8576b"],[0.6666666666666666,"#ed7953"],[0.7777777777777778,"#fb9f3a"],[0.8888888888888888,"#fdca26"],[1.0,"#f0f921"]],"type":"contour"}],"heatmapgl":[{"colorbar":{"outlinewidth":0,"ticks":""},"colorscale":[[0.0,"#0d0887"],[0.1111111111111111,"#46039f"],[0.2222222222222222,"#7201a8"],[0.3333333333333333,"#9c179e"],[0.4444444444444444,"#bd3786"],[0.5555555555555556,"#d8576b"],[0.6666666666666666,"#ed7953"],[0.7777777777777778,"#fb9f3a"],[0.8888888888888888,"#fdca26"],[1.0,"#f0f921"]],"type":"heatmapgl"}],"heatmap":[{"colorbar":{"outlinewidth":0,"ticks":""},"colorscale":[[0.0,"#0d0887"],[0.1111111111111111,"#46039f"],[0.2222222222222222,"#7201a8"],[0.3333333333333333,"#9c179e"],[0.4444444444444444,"#bd3786"],[0.5555555555555556,"#d8576b"],[0.6666666666666666,"#ed7953"],[0.7777777777777778,"#fb9f3a"],[0.8888888888888888,"#fdca26"],[1.0,"#f0f921"]],"type":"heatmap"}],"histogram2dcontour":[{"colorbar":{"outlinewidth":0,"ticks":""},"colorscale":[[0.0,"#0d0887"],[0.1111111111111111,"#46039f"],[0.2222222222222222,"#7201a8"],[0.3333333333333333,"#9c179e"],[0.4444444444444444,"#bd3786"],[0.5555555555555556,"#d8576b"],[0.6666666666666666,"#ed7953"],[0.7777777777777778,"#fb9f3a"],[0.8888888888888888,"#fdca26"],[1.0,"#f0f921"]],"type":"histogram2dcontour"}],"histogram2d":[{"colorbar":{"outlinewidth":0,"ticks":""},"colorscale":[[0.0,"#0d0887"],[0.1111111111111111,"#46039f"],[0.2222222222222222,"#7201a8"],[0.3333333333333333,"#9c179e"],[0.4444444444444444,"#bd3786"],[0.5555555555555556,"#d8576b"],[0.6666666666666666,"#ed7953"],[0.7777777777777778,"#fb9f3a"],[0.8888888888888888,"#fdca26"],[1.0,"#f0f921"]],"type":"histogram2d"}],"histogram":[{"marker":{"pattern":{"fillmode":"overlay","size":10,"solidity":0.2}},"type":"histogram"}],"mesh3d":[{"colorbar":{"outlinewidth":0,"ticks":""},"type":"mesh3d"}],"parcoords":[{"line":{"colorbar":{"outlinewidth":0,"ticks":""}},"type":"parcoords"}],"pie":[{"automargin":true,"type":"pie"}],"scatter3d":[{"line":{"colorbar":{"outlinewidth":0,"ticks":""}},"marker":{"colorbar":{"outlinewidth":0,"ticks":""}},"type":"scatter3d"}],"scattercarpet":[{"marker":{"colorbar":{"outlinewidth":0,"ticks":""}},"type":"scattercarpet"}],"scattergeo":[{"marker":{"colorbar":{"outlinewidth":0,"ticks":""}},"type":"scattergeo"}],"scattergl":[{"marker":{"colorbar":{"outlinewidth":0,"ticks":""}},"type":"scattergl"}],"scattermapbox":[{"marker":{"colorbar":{"outlinewidth":0,"ticks":""}},"type":"scattermapbox"}],"scatterpolargl":[{"marker":{"colorbar":{"outlinewidth":0,"ticks":""}},"type":"scatterpolargl"}],"scatterpolar":[{"marker":{"colorbar":{"outlinewidth":0,"ticks":""}},"type":"scatterpolar"}],"scatter":[{"fillpattern":{"fillmode":"overlay","size":10,"solidity":0.2},"type":"scatter"}],"scatterternary":[{"marker":{"colorbar":{"outlinewidth":0,"ticks":""}},"type":"scatterternary"}],"surface":[{"colorbar":{"outlinewidth":0,"ticks":""},"colorscale":[[0.0,"#0d0887"],[0.1111111111111111,"#46039f"],[0.2222222222222222,"#7201a8"],[0.3333333333333333,"#9c179e"],[0.4444444444444444,"#bd3786"],[0.5555555555555556,"#d8576b"],[0.6666666666666666,"#ed7953"],[0.7777777777777778,"#fb9f3a"],[0.8888888888888888,"#fdca26"],[1.0,"#f0f921"]],"type":"surface"}],"table":[{"cells":{"fill":{"color":"#EBF0F8"},"line":{"color":"white"}},"header":{"fill":{"color":"#C8D4E3"},"line":{"color":"white"}},"type":"table"}]},"layout":{"annotationdefaults":{"arrowcolor":"#2a3f5f","arrowhead":0,"arrowwidth":1},"autotypenumbers":"strict","coloraxis":{"colorbar":{"outlinewidth":0,"ticks":""}},"colorscale":{"diverging":[[0,"#8e0152"],[0.1,"#c51b7d"],[0.2,"#de77ae"],[0.3,"#f1b6da"],[0.4,"#fde0ef"],[0.5,"#f7f7f7"],[0.6,"#e6f5d0"],[0.7,"#b8e186"],[0.8,"#7fbc41"],[0.9,"#4d9221"],[1,"#276419"]],"sequential":[[0.0,"#0d0887"],[0.1111111111111111,"#46039f"],[0.2222222222222222,"#7201a8"],[0.3333333333333333,"#9c179e"],[0.4444444444444444,"#bd3786"],[0.5555555555555556,"#d8576b"],[0.6666666666666666,"#ed7953"],[0.7777777777777778,"#fb9f3a"],[0.8888888888888888,"#fdca26"],[1.0,"#f0f921"]],"sequentialminus":[[0.0,"#0d0887"],[0.1111111111111111,"#46039f"],[0.2222222222222222,"#7201a8"],[0.3333333333333333,"#9c179e"],[0.4444444444444444,"#bd3786"],[0.5555555555555556,"#d8576b"],[0.6666666666666666,"#ed7953"],[0.7777777777777778,"#fb9f3a"],[0.8888888888888888,"#fdca26"],[1.0,"#f0f921"]]},"colorway":["#636efa","#EF553B","#00cc96","#ab63fa","#FFA15A","#19d3f3","#FF6692","#B6E880","#FF97FF","#FECB52"],"font":{"color":"#2a3f5f"},"geo":{"bgcolor":"white","lakecolor":"white","landcolor":"white","showlakes":true,"showland":true,"subunitcolor":"#C8D4E3"},"hoverlabel":{"align":"left"},"hovermode":"closest","mapbox":{"style":"light"},"paper_bgcolor":"white","plot_bgcolor":"white","polar":{"angularaxis":{"gridcolor":"#EBF0F8","linecolor":"#EBF0F8","ticks":""},"bgcolor":"white","radialaxis":{"gridcolor":"#EBF0F8","linecolor":"#EBF0F8","ticks":""}},"scene":{"xaxis":{"backgroundcolor":"white","gridcolor":"#DFE8F3","gridwidth":2,"linecolor":"#EBF0F8","showbackground":true,"ticks":"","zerolinecolor":"#EBF0F8"},"yaxis":{"backgroundcolor":"white","gridcolor":"#DFE8F3","gridwidth":2,"linecolor":"#EBF0F8","showbackground":true,"ticks":"","zerolinecolor":"#EBF0F8"},"zaxis":{"backgroundcolor":"white","gridcolor":"#DFE8F3","gridwidth":2,"linecolor":"#EBF0F8","showbackground":true,"ticks":"","zerolinecolor":"#EBF0F8"}},"shapedefaults":{"line":{"color":"#2a3f5f"}},"ternary":{"aaxis":{"gridcolor":"#DFE8F3","linecolor":"#A2B1C6","ticks":""},"baxis":{"gridcolor":"#DFE8F3","linecolor":"#A2B1C6","ticks":""},"bgcolor":"white","caxis":{"gridcolor":"#DFE8F3","linecolor":"#A2B1C6","ticks":""}},"title":{"x":0.05},"xaxis":{"automargin":true,"gridcolor":"#EBF0F8","linecolor":"#EBF0F8","ticks":"","title":{"standoff":15},"zerolinecolor":"#EBF0F8","zerolinewidth":2},"yaxis":{"automargin":true,"gridcolor":"#EBF0F8","linecolor":"#EBF0F8","ticks":"","title":{"standoff":15},"zerolinecolor":"#EBF0F8","zerolinewidth":2}}},"xaxis":{"anchor":"y","domain":[0.0,1.0],"autorange":true,"range":[-49,0],"type":"linear","showticklabels":true},"yaxis":{"anchor":"x","domain":[0.0,0.16666666666666666],"tickfont":{"color":"#ff0789","size":9},"autorange":true,"fixedrange":false,"mirror":true,"showline":true,"side":"left","tickmode":"auto","ticks":"","tickson":"boundaries","type":"linear","zeroline":false,"automargin":false},"xaxis2":{"anchor":"y2","domain":[0.0,1.0],"showticklabels":false},"yaxis2":{"anchor":"x","domain":[0.16666666666666666,0.3333333333333333],"tickfont":{"color":"#966ebd","size":9},"autorange":true,"fixedrange":false,"mirror":true,"showline":true,"side":"left","tickmode":"auto","ticks":"","tickson":"boundaries","type":"linear","zeroline":false},"xaxis3":{"anchor":"y3","domain":[0.0,1.0],"showticklabels":false},"yaxis3":{"anchor":"x","domain":[0.3333333333333333,0.5],"tickfont":{"color":"#ad900d","size":9},"autorange":true,"fixedrange":false,"mirror":true,"showline":true,"side":"left","tickmode":"auto","ticks":"","tickson":"boundaries","type":"linear","zeroline":false},"xaxis4":{"anchor":"y4","domain":[0.0,1.0],"showticklabels":false},"yaxis4":{"anchor":"x","domain":[0.5,0.6666666666666666],"tickfont":{"color":"#009337","size":9},"autorange":true,"fixedrange":false,"mirror":true,"showline":true,"side":"left","tickmode":"auto","ticks":"","tickson":"boundaries","type":"linear","zeroline":false},"xaxis5":{"anchor":"y5","domain":[0.0,1.0],"showticklabels":false},"yaxis5":{"anchor":"x","domain":[0.6666666666666666,0.8333333333333333],"tickfont":{"color":"#850e04","size":9},"autorange":true,"fixedrange":false,"mirror":true,"showline":true,"side":"left","tickmode":"auto","ticks":"","tickson":"boundaries","type":"linear","zeroline":false},"xaxis6":{"anchor":"y6","domain":[0.0,1.0],"showticklabels":false},"yaxis6":{"anchor":"x","domain":[0.8333333333333333,1.0],"tickfont":{"color":"#3e82fc","size":9},"autorange":true,"fixedrange":false,"mirror":true,"showline":true,"side":"left","tickmode":"auto","ticks":"","tickson":"boundaries","type":"linear","zeroline":false},"xaxis7":{"anchor":"y7","domain":[0.0,1.0],"showticklabels":false},"yaxis7":{"anchor":"x","domain":[1,1],"tickfont":{"color":"#fe420f","size":9},"autorange":true,"fixedrange":false,"mirror":true,"showline":true,"side":"left","tickmode":"auto","ticks":"","tickson":"boundaries","type":"linear","zeroline":false},"xaxis8":{"anchor":"y8","domain":[0.0,1.0],"showticklabels":false},"yaxis8":{"anchor":"x","domain":[1,1],"tickfont":{"color":"#fe828c","size":9},"autorange":true,"fixedrange":false,"mirror":true,"showline":true,"side":"left","tickmode":"auto","ticks":"","tickson":"boundaries","type":"linear","zeroline":false},"yaxis9":{"anchor":"x","autorange":true,"fixedrange":false,"domain":[1,1],"mirror":true,"showline":true,"side":"left","tickfont":{"color":"#85a3b2","size":9},"tickmode":"auto","ticks":"","tickson":"boundaries","type":"linear","zeroline":false},"yaxis10":{"anchor":"x","autorange":true,"fixedrange":false,"domain":[1,1],"mirror":true,"showline":true,"side":"left","tickfont":{"color":"#f0833a","size":9},"tickmode":"auto","ticks":"","tickson":"boundaries","type":"linear","zeroline":false},"legend":{"traceorder":"reversed","yanchor":"top","y":0.99,"xanchor":"left"},"margin":{"t":50,"b":50},"title":{"text":"Python = python-3.11, Problem = TestModels_test_uc_20140901_expected"},"dragmode":"zoom","hovermode":"x","height":900},                        {"responsive": true}                    )                };                            </script>        </div>
</body>
</html>