<html>
<head><meta charset="utf-8" /></head>
<body>
    <div>                        <script type="text/javascript">window.PlotlyConfig = {MathJaxConfig: 'local'};</script>
        <script charset="utf-8" src="https://cdn.plot.ly/plotly-2.26.0.min.js"></script>                <div id="5bda231e-6ee0-4a92-abc5-ebf4da9f1411" class="plotly-graph-div" style="height:900px; width:100%;"></div>            <script type="text/javascript">                                    window.PLOTLYENV=window.PLOTLYENV || {};                                    if (document.getElementById("5bda231e-6ee0-4a92-abc5-ebf4da9f1411")) {                    Plotly.newPlot(                        "5bda231e-6ee0-4a92-abc5-ebf4da9f1411",                        [{"line":{"color":"#ff0789","width":0.5},"name":"create_instance","text":["11.54302057158202s, 2023-09-12, 376a2f78","11.448777394369245s, 2023-09-18, c471729e","11.39064230863005s, 2023-09-19, 1f9b35f2","11.305894197896123s, 2023-09-19, 6bdbb5d7","11.54781492240727s, 2023-09-22, caefb87e","11.299155168235302s, 2023-09-24, bdbcb31b","11.376083222217858s, 2023-09-25, ec5c7d02","11.51765587925911s, 2023-10-03, 394e0820","16.758797204121947s, 2023-10-04, eb2628e0","11.550388053059578s, 2023-10-09, 8156fd41","11.410544445738196s, 2023-10-10, f8e234f0","s, , ","s, , ","s, , ","s, , ","s, , ","s, , ","s, , ","s, , ","s, , ","s, , ","s, , ","s, , ","s, , ","s, , ","s, , ","s, , ","s, , ","s, , ","s, , ","s, , ","s, , ","s, , ","s, , ","s, , ","s, , ","s, , ","s, , ","s, , ","s, , ","s, , ","s, , ","s, , ","s, , ","s, , ","s, , ","s, , ","s, , ","s, , ","s, , "],"x":[-49,-48,-47,-46,-45,-44,-43,-42,-41,-40,-39,-38,-37,-36,-35,-34,-33,-32,-31,-30,-29,-28,-27,-26,-25,-24,-23,-22,-21,-20,-19,-18,-17,-16,-15,-14,-13,-12,-11,-10,-9,-8,-7,-6,-5,-4,-3,-2,-1,0],"y":[11.54302057158202,11.448777394369245,11.39064230863005,11.305894197896123,11.54781492240727,11.299155168235302,11.376083222217858,11.51765587925911,16.758797204121947,11.550388053059578,11.410544445738196,"","","","","","","","","","","","","","","","","","","","","","","","","","","","","","","","","","","","","","",""],"yaxis":"y","type":"scatter","xaxis":"x","marker":{"size":8},"hoverinfo":"text+x","mode":"lines+markers","showlegend":true},{"line":{"color":"#966ebd","width":0.5},"name":"nl","text":["9.889212531037629s, 2023-09-12, 376a2f78","9.884126686491072s, 2023-09-18, c471729e","9.830829981714487s, 2023-09-19, 1f9b35f2","9.733448443934321s, 2023-09-19, 6bdbb5d7","9.786505027674139s, 2023-09-22, caefb87e","9.771957704797387s, 2023-09-24, bdbcb31b","9.926680212840438s, 2023-09-25, ec5c7d02","9.855116272345185s, 2023-10-03, 394e0820","14.9211693610996s, 2023-10-04, eb2628e0","9.771014552563429s, 2023-10-09, 8156fd41","9.837846180424094s, 2023-10-10, f8e234f0","s, , ","s, , ","s, , ","s, , ","s, , ","s, , ","s, , ","s, , ","s, , ","s, , ","s, , ","s, , ","s, , ","s, , ","s, , ","s, , ","s, , ","s, , ","s, , ","s, , ","s, , ","s, , ","s, , ","s, , ","s, , ","s, , ","s, , ","s, , ","s, , ","s, , ","s, , ","s, , ","s, , ","s, , ","s, , ","s, , ","s, , ","s, , ","s, , "],"x":[-49,-48,-47,-46,-45,-44,-43,-42,-41,-40,-39,-38,-37,-36,-35,-34,-33,-32,-31,-30,-29,-28,-27,-26,-25,-24,-23,-22,-21,-20,-19,-18,-17,-16,-15,-14,-13,-12,-11,-10,-9,-8,-7,-6,-5,-4,-3,-2,-1,0],"y":[9.889212531037629,9.884126686491072,9.830829981714487,9.733448443934321,9.786505027674139,9.771957704797387,9.926680212840438,9.855116272345185,14.9211693610996,9.771014552563429,9.837846180424094,"","","","","","","","","","","","","","","","","","","","","","","","","","","","","","","","","","","","","","",""],"yaxis":"y2","type":"scatter","xaxis":"x2","marker":{"size":8},"hoverinfo":"text+x","mode":"lines+markers","showlegend":true},{"line":{"color":"#ad900d","width":0.5},"name":"lp","text":["11.12782731372863s, 2023-09-12, 376a2f78","11.090688719414175s, 2023-09-18, c471729e","11.071572767570615s, 2023-09-19, 1f9b35f2","11.054995656013489s, 2023-09-19, 6bdbb5d7","11.225980250164866s, 2023-09-22, caefb87e","11.062383502721786s, 2023-09-24, bdbcb31b","11.121071432717144s, 2023-09-25, ec5c7d02","11.023965569213033s, 2023-10-03, 394e0820","15.900548478588462s, 2023-10-04, eb2628e0","10.943113995715976s, 2023-10-09, 8156fd41","11.017382763326168s, 2023-10-10, f8e234f0","s, , ","s, , ","s, , ","s, , ","s, , ","s, , ","s, , ","s, , ","s, , ","s, , ","s, , ","s, , ","s, , ","s, , ","s, , ","s, , ","s, , ","s, , ","s, , ","s, , ","s, , ","s, , ","s, , ","s, , ","s, , ","s, , ","s, , ","s, , ","s, , ","s, , ","s, , ","s, , ","s, , ","s, , ","s, , ","s, , ","s, , ","s, , ","s, , "],"x":[-49,-48,-47,-46,-45,-44,-43,-42,-41,-40,-39,-38,-37,-36,-35,-34,-33,-32,-31,-30,-29,-28,-27,-26,-25,-24,-23,-22,-21,-20,-19,-18,-17,-16,-15,-14,-13,-12,-11,-10,-9,-8,-7,-6,-5,-4,-3,-2,-1,0],"y":[11.12782731372863,11.090688719414175,11.071572767570615,11.054995656013489,11.225980250164866,11.062383502721786,11.121071432717144,11.023965569213033,15.900548478588462,10.943113995715976,11.017382763326168,"","","","","","","","","","","","","","","","","","","","","","","","","","","","","","","","","","","","","","",""],"yaxis":"y3","type":"scatter","xaxis":"x3","marker":{"size":8},"hoverinfo":"text+x","mode":"lines+markers","showlegend":true},{"line":{"color":"#009337","width":0.5},"name":"bar","text":["16.50401319656521s, 2023-09-12, 376a2f78","16.73550872504711s, 2023-09-18, c471729e","16.557489107362926s, 2023-09-19, 1f9b35f2","16.696023835800588s, 2023-09-19, 6bdbb5d7","16.5519094504416s, 2023-09-22, caefb87e","16.592859713360667s, 2023-09-24, bdbcb31b","16.3727086186409s, 2023-09-25, ec5c7d02","16.525449685752392s, 2023-10-03, 394e0820","23.98675679601729s, 2023-10-04, eb2628e0","16.342730266973376s, 2023-10-09, 8156fd41","16.626452311873436s, 2023-10-10, f8e234f0","s, , ","s, , ","s, , ","s, , ","s, , ","s, , ","s, , ","s, , ","s, , ","s, , ","s, , ","s, , ","s, , ","s, , ","s, , ","s, , ","s, , ","s, , ","s, , ","s, , ","s, , ","s, , ","s, , ","s, , ","s, , ","s, , ","s, , ","s, , ","s, , ","s, , ","s, , ","s, , ","s, , ","s, , ","s, , ","s, , ","s, , ","s, , ","s, , "],"x":[-49,-48,-47,-46,-45,-44,-43,-42,-41,-40,-39,-38,-37,-36,-35,-34,-33,-32,-31,-30,-29,-28,-27,-26,-25,-24,-23,-22,-21,-20,-19,-18,-17,-16,-15,-14,-13,-12,-11,-10,-9,-8,-7,-6,-5,-4,-3,-2,-1,0],"y":[16.50401319656521,16.73550872504711,16.557489107362926,16.696023835800588,16.5519094504416,16.592859713360667,16.3727086186409,16.525449685752392,23.98675679601729,16.342730266973376,16.626452311873436,"","","","","","","","","","","","","","","","","","","","","","","","","","","","","","","","","","","","","","",""],"yaxis":"y4","type":"scatter","xaxis":"x4","marker":{"size":8},"hoverinfo":"text+x","mode":"lines+markers","showlegend":true},{"line":{"color":"#850e04","width":0.5},"name":"gams","text":["19.422025910578668s, 2023-09-12, 376a2f78","19.78301101643592s, 2023-09-18, c471729e","19.472027884796262s, 2023-09-19, 1f9b35f2","19.19685989804566s, 2023-09-19, 6bdbb5d7","19.47480741981417s, 2023-09-22, caefb87e","19.236300668679178s, 2023-09-24, bdbcb31b","19.528689986094832s, 2023-09-25, ec5c7d02","19.352884706109762s, 2023-10-03, 394e0820","28.228695917874575s, 2023-10-04, eb2628e0","19.382945504039526s, 2023-10-09, 8156fd41","19.620798744261265s, 2023-10-10, f8e234f0","s, , ","s, , ","s, , ","s, , ","s, , ","s, , ","s, , ","s, , ","s, , ","s, , ","s, , ","s, , ","s, , ","s, , ","s, , ","s, , ","s, , ","s, , ","s, , ","s, , ","s, , ","s, , ","s, , ","s, , ","s, , ","s, , ","s, , ","s, , ","s, , ","s, , ","s, , ","s, , ","s, , ","s, , ","s, , ","s, , ","s, , ","s, , ","s, , "],"x":[-49,-48,-47,-46,-45,-44,-43,-42,-41,-40,-39,-38,-37,-36,-35,-34,-33,-32,-31,-30,-29,-28,-27,-26,-25,-24,-23,-22,-21,-20,-19,-18,-17,-16,-15,-14,-13,-12,-11,-10,-9,-8,-7,-6,-5,-4,-3,-2,-1,0],"y":[19.422025910578668,19.78301101643592,19.472027884796262,19.19685989804566,19.47480741981417,19.236300668679178,19.528689986094832,19.352884706109762,28.228695917874575,19.382945504039526,19.620798744261265,"","","","","","","","","","","","","","","","","","","","","","","","","","","","","","","","","","","","","","",""],"yaxis":"y5","type":"scatter","xaxis":"x5","marker":{"size":8},"hoverinfo":"text+x","mode":"lines+markers","showlegend":true},{"line":{"color":"#3e82fc","width":0.5},"name":"test_time","text":["74.45019388385117s, 2023-09-12, 376a2f78","74.86497668828815s, 2023-09-18, c471729e","74.19360644370317s, 2023-09-19, 1f9b35f2","73.83201865851879s, 2023-09-19, 6bdbb5d7","74.57924862019718s, 2023-09-22, caefb87e","73.83124184701592s, 2023-09-24, bdbcb31b","74.2184298504144s, 2023-09-25, ec5c7d02","74.1683952677995s, 2023-10-03, 394e0820","106.95748412236571s, 2023-10-04, eb2628e0","73.91559562087059s, 2023-10-09, 8156fd41","74.49771451763809s, 2023-10-10, f8e234f0","s, , ","s, , ","s, , ","s, , ","s, , ","s, , ","s, , ","s, , ","s, , ","s, , ","s, , ","s, , ","s, , ","s, , ","s, , ","s, , ","s, , ","s, , ","s, , ","s, , ","s, , ","s, , ","s, , ","s, , ","s, , ","s, , ","s, , ","s, , ","s, , ","s, , ","s, , ","s, , ","s, , ","s, , ","s, , ","s, , ","s, , ","s, , ","s, , "],"x":[-49,-48,-47,-46,-45,-44,-43,-42,-41,-40,-39,-38,-37,-36,-35,-34,-33,-32,-31,-30,-29,-28,-27,-26,-25,-24,-23,-22,-21,-20,-19,-18,-17,-16,-15,-14,-13,-12,-11,-10,-9,-8,-7,-6,-5,-4,-3,-2,-1,0],"y":[74.45019388385117,74.86497668828815,74.19360644370317,73.83201865851879,74.57924862019718,73.83124184701592,74.2184298504144,74.1683952677995,106.95748412236571,73.91559562087059,74.49771451763809,"","","","","","","","","","","","","","","","","","","","","","","","","","","","","","","","","","","","","","",""],"yaxis":"y6","type":"scatter","xaxis":"x6","marker":{"size":8},"hoverinfo":"text+x","mode":"lines+markers","showlegend":true}],                        {"template":{"data":{"barpolar":[{"marker":{"line":{"color":"white","width":0.5},"pattern":{"fillmode":"overlay","size":10,"solidity":0.2}},"type":"barpolar"}],"bar":[{"error_x":{"color":"#2a3f5f"},"error_y":{"color":"#2a3f5f"},"marker":{"line":{"color":"white","width":0.5},"pattern":{"fillmode":"overlay","size":10,"solidity":0.2}},"type":"bar"}],"carpet":[{"aaxis":{"endlinecolor":"#2a3f5f","gridcolor":"#C8D4E3","linecolor":"#C8D4E3","minorgridcolor":"#C8D4E3","startlinecolor":"#2a3f5f"},"baxis":{"endlinecolor":"#2a3f5f","gridcolor":"#C8D4E3","linecolor":"#C8D4E3","minorgridcolor":"#C8D4E3","startlinecolor":"#2a3f5f"},"type":"carpet"}],"choropleth":[{"colorbar":{"outlinewidth":0,"ticks":""},"type":"choropleth"}],"contourcarpet":[{"colorbar":{"outlinewidth":0,"ticks":""},"type":"contourcarpet"}],"contour":[{"colorbar":{"outlinewidth":0,"ticks":""},"colorscale":[[0.0,"#0d0887"],[0.1111111111111111,"#46039f"],[0.2222222222222222,"#7201a8"],[0.3333333333333333,"#9c179e"],[0.4444444444444444,"#bd3786"],[0.5555555555555556,"#d8576b"],[0.6666666666666666,"#ed7953"],[0.7777777777777778,"#fb9f3a"],[0.8888888888888888,"#fdca26"],[1.0,"#f0f921"]],"type":"contour"}],"heatmapgl":[{"colorbar":{"outlinewidth":0,"ticks":""},"colorscale":[[0.0,"#0d0887"],[0.1111111111111111,"#46039f"],[0.2222222222222222,"#7201a8"],[0.3333333333333333,"#9c179e"],[0.4444444444444444,"#bd3786"],[0.5555555555555556,"#d8576b"],[0.6666666666666666,"#ed7953"],[0.7777777777777778,"#fb9f3a"],[0.8888888888888888,"#fdca26"],[1.0,"#f0f921"]],"type":"heatmapgl"}],"heatmap":[{"colorbar":{"outlinewidth":0,"ticks":""},"colorscale":[[0.0,"#0d0887"],[0.1111111111111111,"#46039f"],[0.2222222222222222,"#7201a8"],[0.3333333333333333,"#9c179e"],[0.4444444444444444,"#bd3786"],[0.5555555555555556,"#d8576b"],[0.6666666666666666,"#ed7953"],[0.7777777777777778,"#fb9f3a"],[0.8888888888888888,"#fdca26"],[1.0,"#f0f921"]],"type":"heatmap"}],"histogram2dcontour":[{"colorbar":{"outlinewidth":0,"ticks":""},"colorscale":[[0.0,"#0d0887"],[0.1111111111111111,"#46039f"],[0.2222222222222222,"#7201a8"],[0.3333333333333333,"#9c179e"],[0.4444444444444444,"#bd3786"],[0.5555555555555556,"#d8576b"],[0.6666666666666666,"#ed7953"],[0.7777777777777778,"#fb9f3a"],[0.8888888888888888,"#fdca26"],[1.0,"#f0f921"]],"type":"histogram2dcontour"}],"histogram2d":[{"colorbar":{"outlinewidth":0,"ticks":""},"colorscale":[[0.0,"#0d0887"],[0.1111111111111111,"#46039f"],[0.2222222222222222,"#7201a8"],[0.3333333333333333,"#9c179e"],[0.4444444444444444,"#bd3786"],[0.5555555555555556,"#d8576b"],[0.6666666666666666,"#ed7953"],[0.7777777777777778,"#fb9f3a"],[0.8888888888888888,"#fdca26"],[1.0,"#f0f921"]],"type":"histogram2d"}],"histogram":[{"marker":{"pattern":{"fillmode":"overlay","size":10,"solidity":0.2}},"type":"histogram"}],"mesh3d":[{"colorbar":{"outlinewidth":0,"ticks":""},"type":"mesh3d"}],"parcoords":[{"line":{"colorbar":{"outlinewidth":0,"ticks":""}},"type":"parcoords"}],"pie":[{"automargin":true,"type":"pie"}],"scatter3d":[{"line":{"colorbar":{"outlinewidth":0,"ticks":""}},"marker":{"colorbar":{"outlinewidth":0,"ticks":""}},"type":"scatter3d"}],"scattercarpet":[{"marker":{"colorbar":{"outlinewidth":0,"ticks":""}},"type":"scattercarpet"}],"scattergeo":[{"marker":{"colorbar":{"outlinewidth":0,"ticks":""}},"type":"scattergeo"}],"scattergl":[{"marker":{"colorbar":{"outlinewidth":0,"ticks":""}},"type":"scattergl"}],"scattermapbox":[{"marker":{"colorbar":{"outlinewidth":0,"ticks":""}},"type":"scattermapbox"}],"scatterpolargl":[{"marker":{"colorbar":{"outlinewidth":0,"ticks":""}},"type":"scatterpolargl"}],"scatterpolar":[{"marker":{"colorbar":{"outlinewidth":0,"ticks":""}},"type":"scatterpolar"}],"scatter":[{"fillpattern":{"fillmode":"overlay","size":10,"solidity":0.2},"type":"scatter"}],"scatterternary":[{"marker":{"colorbar":{"outlinewidth":0,"ticks":""}},"type":"scatterternary"}],"surface":[{"colorbar":{"outlinewidth":0,"ticks":""},"colorscale":[[0.0,"#0d0887"],[0.1111111111111111,"#46039f"],[0.2222222222222222,"#7201a8"],[0.3333333333333333,"#9c179e"],[0.4444444444444444,"#bd3786"],[0.5555555555555556,"#d8576b"],[0.6666666666666666,"#ed7953"],[0.7777777777777778,"#fb9f3a"],[0.8888888888888888,"#fdca26"],[1.0,"#f0f921"]],"type":"surface"}],"table":[{"cells":{"fill":{"color":"#EBF0F8"},"line":{"color":"white"}},"header":{"fill":{"color":"#C8D4E3"},"line":{"color":"white"}},"type":"table"}]},"layout":{"annotationdefaults":{"arrowcolor":"#2a3f5f","arrowhead":0,"arrowwidth":1},"autotypenumbers":"strict","coloraxis":{"colorbar":{"outlinewidth":0,"ticks":""}},"colorscale":{"diverging":[[0,"#8e0152"],[0.1,"#c51b7d"],[0.2,"#de77ae"],[0.3,"#f1b6da"],[0.4,"#fde0ef"],[0.5,"#f7f7f7"],[0.6,"#e6f5d0"],[0.7,"#b8e186"],[0.8,"#7fbc41"],[0.9,"#4d9221"],[1,"#276419"]],"sequential":[[0.0,"#0d0887"],[0.1111111111111111,"#46039f"],[0.2222222222222222,"#7201a8"],[0.3333333333333333,"#9c179e"],[0.4444444444444444,"#bd3786"],[0.5555555555555556,"#d8576b"],[0.6666666666666666,"#ed7953"],[0.7777777777777778,"#fb9f3a"],[0.8888888888888888,"#fdca26"],[1.0,"#f0f921"]],"sequentialminus":[[0.0,"#0d0887"],[0.1111111111111111,"#46039f"],[0.2222222222222222,"#7201a8"],[0.3333333333333333,"#9c179e"],[0.4444444444444444,"#bd3786"],[0.5555555555555556,"#d8576b"],[0.6666666666666666,"#ed7953"],[0.7777777777777778,"#fb9f3a"],[0.8888888888888888,"#fdca26"],[1.0,"#f0f921"]]},"colorway":["#636efa","#EF553B","#00cc96","#ab63fa","#FFA15A","#19d3f3","#FF6692","#B6E880","#FF97FF","#FECB52"],"font":{"color":"#2a3f5f"},"geo":{"bgcolor":"white","lakecolor":"white","landcolor":"white","showlakes":true,"showland":true,"subunitcolor":"#C8D4E3"},"hoverlabel":{"align":"left"},"hovermode":"closest","mapbox":{"style":"light"},"paper_bgcolor":"white","plot_bgcolor":"white","polar":{"angularaxis":{"gridcolor":"#EBF0F8","linecolor":"#EBF0F8","ticks":""},"bgcolor":"white","radialaxis":{"gridcolor":"#EBF0F8","linecolor":"#EBF0F8","ticks":""}},"scene":{"xaxis":{"backgroundcolor":"white","gridcolor":"#DFE8F3","gridwidth":2,"linecolor":"#EBF0F8","showbackground":true,"ticks":"","zerolinecolor":"#EBF0F8"},"yaxis":{"backgroundcolor":"white","gridcolor":"#DFE8F3","gridwidth":2,"linecolor":"#EBF0F8","showbackground":true,"ticks":"","zerolinecolor":"#EBF0F8"},"zaxis":{"backgroundcolor":"white","gridcolor":"#DFE8F3","gridwidth":2,"linecolor":"#EBF0F8","showbackground":true,"ticks":"","zerolinecolor":"#EBF0F8"}},"shapedefaults":{"line":{"color":"#2a3f5f"}},"ternary":{"aaxis":{"gridcolor":"#DFE8F3","linecolor":"#A2B1C6","ticks":""},"baxis":{"gridcolor":"#DFE8F3","linecolor":"#A2B1C6","ticks":""},"bgcolor":"white","caxis":{"gridcolor":"#DFE8F3","linecolor":"#A2B1C6","ticks":""}},"title":{"x":0.05},"xaxis":{"automargin":true,"gridcolor":"#EBF0F8","linecolor":"#EBF0F8","ticks":"","title":{"standoff":15},"zerolinecolor":"#EBF0F8","zerolinewidth":2},"yaxis":{"automargin":true,"gridcolor":"#EBF0F8","linecolor":"#EBF0F8","ticks":"","title":{"standoff":15},"zerolinecolor":"#EBF0F8","zerolinewidth":2}}},"xaxis":{"anchor":"y","domain":[0.0,1.0],"autorange":true,"range":[-49,0],"type":"linear","showticklabels":true},"yaxis":{"anchor":"x","domain":[0.0,0.16666666666666666],"tickfont":{"color":"#ff0789","size":9},"autorange":true,"fixedrange":false,"mirror":true,"showline":true,"side":"left","tickmode":"auto","ticks":"","tickson":"boundaries","type":"linear","zeroline":false,"automargin":false},"xaxis2":{"anchor":"y2","domain":[0.0,1.0],"showticklabels":false},"yaxis2":{"anchor":"x","domain":[0.16666666666666666,0.3333333333333333],"tickfont":{"color":"#966ebd","size":9},"autorange":true,"fixedrange":false,"mirror":true,"showline":true,"side":"left","tickmode":"auto","ticks":"","tickson":"boundaries","type":"linear","zeroline":false},"xaxis3":{"anchor":"y3","domain":[0.0,1.0],"showticklabels":false},"yaxis3":{"anchor":"x","domain":[0.3333333333333333,0.5],"tickfont":{"color":"#ad900d","size":9},"autorange":true,"fixedrange":false,"mirror":true,"showline":true,"side":"left","tickmode":"auto","ticks":"","tickson":"boundaries","type":"linear","zeroline":false},"xaxis4":{"anchor":"y4","domain":[0.0,1.0],"showticklabels":false},"yaxis4":{"anchor":"x","domain":[0.5,0.6666666666666666],"tickfont":{"color":"#009337","size":9},"autorange":true,"fixedrange":false,"mirror":true,"showline":true,"side":"left","tickmode":"auto","ticks":"","tickson":"boundaries","type":"linear","zeroline":false},"xaxis5":{"anchor":"y5","domain":[0.0,1.0],"showticklabels":false},"yaxis5":{"anchor":"x","domain":[0.6666666666666666,0.8333333333333333],"tickfont":{"color":"#850e04","size":9},"autorange":true,"fixedrange":false,"mirror":true,"showline":true,"side":"left","tickmode":"auto","ticks":"","tickson":"boundaries","type":"linear","zeroline":false},"xaxis6":{"anchor":"y6","domain":[0.0,1.0],"showticklabels":false},"yaxis6":{"anchor":"x","domain":[0.8333333333333333,1.0],"tickfont":{"color":"#3e82fc","size":9},"autorange":true,"fixedrange":false,"mirror":true,"showline":true,"side":"left","tickmode":"auto","ticks":"","tickson":"boundaries","type":"linear","zeroline":false},"xaxis7":{"anchor":"y7","domain":[0.0,1.0],"showticklabels":false},"yaxis7":{"anchor":"x","domain":[1,1],"tickfont":{"color":"#fe420f","size":9},"autorange":true,"fixedrange":false,"mirror":true,"showline":true,"side":"left","tickmode":"auto","ticks":"","tickson":"boundaries","type":"linear","zeroline":false},"xaxis8":{"anchor":"y8","domain":[0.0,1.0],"showticklabels":false},"yaxis8":{"anchor":"x","domain":[1,1],"tickfont":{"color":"#fe828c","size":9},"autorange":true,"fixedrange":false,"mirror":true,"showline":true,"side":"left","tickmode":"auto","ticks":"","tickson":"boundaries","type":"linear","zeroline":false},"yaxis9":{"anchor":"x","autorange":true,"fixedrange":false,"domain":[1,1],"mirror":true,"showline":true,"side":"left","tickfont":{"color":"#85a3b2","size":9},"tickmode":"auto","ticks":"","tickson":"boundaries","type":"linear","zeroline":false},"yaxis10":{"anchor":"x","autorange":true,"fixedrange":false,"domain":[1,1],"mirror":true,"showline":true,"side":"left","tickfont":{"color":"#f0833a","size":9},"tickmode":"auto","ticks":"","tickson":"boundaries","type":"linear","zeroline":false},"legend":{"traceorder":"reversed","yanchor":"top","y":0.99,"xanchor":"left"},"margin":{"t":50,"b":50},"title":{"text":"Python = python-3.7, Problem = TestModels_test_uc_20140901_expected"},"dragmode":"zoom","hovermode":"x","height":900},                        {"responsive": true}                    )                };                            </script>        </div>
</body>
</html>