<html>
<head><meta charset="utf-8" /></head>
<body>
    <div>                        <script type="text/javascript">window.PlotlyConfig = {MathJaxConfig: 'local'};</script>
        <script charset="utf-8" src="https://cdn.plot.ly/plotly-2.35.2.min.js"></script>                <div id="1c6643bd-9ff9-43a2-886a-7fb40a358d52" class="plotly-graph-div" style="height:900px; width:100%;"></div>            <script type="text/javascript">                                    window.PLOTLYENV=window.PLOTLYENV || {};                                    if (document.getElementById("1c6643bd-9ff9-43a2-886a-7fb40a358d52")) {                    Plotly.newPlot(                        "1c6643bd-9ff9-43a2-886a-7fb40a358d52",                        [{"line":{"color":"#ff0789","width":0.5},"name":"create_instance","text":["4.086271142004989s, 2025-03-19, 2d05305b","4.114108299021609s, 2025-03-20, f55b042a","4.124597710091621s, 2025-03-20, f93501c0","4.0809645359404385s, 2025-03-24, a9d673d8","3.910838128067553s, 2025-03-27, fc9559fc","4.17533926689066s, 2025-03-27, 6e71dec2","4.0749702451284975s, 2025-03-28, adb0ab16","4.143437288934365s, 2025-03-28, b524a24e","4.056788868969306s, 2025-03-31, 3c06a2ec","4.075557988137007s, 2025-03-31, 11fa6749","4.141323029994965s, 2025-04-01, 8f07dc91","4.170932980021462s, 2025-04-01, 8f07dc91","4.213564264820889s, 2025-04-01, fa15cc7d","4.135191930923611s, 2025-04-02, f592b945","4.242934040026739s, 2025-04-03, cfc08502","4.025118937948719s, 2025-04-04, 166119ab","3.86188876722008s, 2025-04-08, d329ee1d","3.968052098993212s, 2025-04-08, 5e49df7e","4.036165567999888s, 2025-04-09, d2dc334f","4.010688296999433s, 2025-04-09, a3a0f7d6","4.028289331999986s, 2025-04-09, d1a507f3","4.487149879976641s, 2025-04-11, a70451d0","4.004860430955887s, 2025-04-14, c1625b9c","4.837618192017544s, 2025-04-14, 0b582943","4.915062379965093s, 2025-04-15, 5ae07c8e","3.972900455002673s, 2025-04-15, c5a50b76","4.127261038054712s, 2025-04-16, dceceb11","4.000901357037947s, 2025-04-16, 6f2a50ed","4.638279832084663s, 2025-04-16, ae2750ec","3.9600713290274143s, 2025-04-16, 0c65644b","3.9737288920441642s, 2025-04-16, b7ea8ce5","3.945530761964619s, 2025-04-24, 79e2acb5","3.931123279966414s, 2025-04-28, 1f46931f","3.9500496808905154s, 2025-04-29, 55d55a68","3.887908892938867s, 2025-04-30, 175353ce","4.052394186845049s, 2025-05-01, 32591c15","3.922070535365492s, 2025-05-06, d82b87fe","3.9274621880613267s, 2025-05-06, 5df0a000","3.9315536860376596s, 2025-05-06, 86f5f05e","3.9284708527848125s, 2025-05-07, 457f436b","3.931529159191996s, 2025-05-13, 5bd2849b","3.9316741910006385s, 2025-05-14, f680e049","3.9570376169867814s, 2025-05-19, 49bfc6b3","3.94357648701407s, 2025-05-20, 18def950","s, , ","3.9294675400014967s, 2025-05-21, 7d8e6312","3.97302779101301s, 2025-05-21, d7917b77","4.042023466899991s, 2025-05-21, 06452a9a","3.961672726087272s, 2025-06-02, 9609708c","3.9537734349723905s, 2025-06-02, 1344a646"],"x":[-49,-48,-47,-46,-45,-44,-43,-42,-41,-40,-39,-38,-37,-36,-35,-34,-33,-32,-31,-30,-29,-28,-27,-26,-25,-24,-23,-22,-21,-20,-19,-18,-17,-16,-15,-14,-13,-12,-11,-10,-9,-8,-7,-6,-5,-4,-3,-2,-1,0],"y":[4.086271142004989,4.114108299021609,4.124597710091621,4.0809645359404385,3.910838128067553,4.17533926689066,4.0749702451284975,4.143437288934365,4.056788868969306,4.075557988137007,4.141323029994965,4.170932980021462,4.213564264820889,4.135191930923611,4.242934040026739,4.025118937948719,3.86188876722008,3.968052098993212,4.036165567999888,4.010688296999433,4.028289331999986,4.487149879976641,4.004860430955887,4.837618192017544,4.915062379965093,3.972900455002673,4.127261038054712,4.000901357037947,4.638279832084663,3.9600713290274143,3.9737288920441642,3.945530761964619,3.931123279966414,3.9500496808905154,3.887908892938867,4.052394186845049,3.922070535365492,3.9274621880613267,3.9315536860376596,3.9284708527848125,3.931529159191996,3.9316741910006385,3.9570376169867814,3.94357648701407,"",3.9294675400014967,3.97302779101301,4.042023466899991,3.961672726087272,3.9537734349723905],"yaxis":"y","type":"scatter","xaxis":"x","marker":{"size":8},"hoverinfo":"text+x","mode":"lines+markers","showlegend":true},{"line":{"color":"#966ebd","width":0.5},"name":"test_time","text":["29.3227833409328s, 2025-03-19, 2d05305b","29.14334529300686s, 2025-03-20, f55b042a","28.892173780011944s, 2025-03-20, f93501c0","28.839240251109004s, 2025-03-24, a9d673d8","28.335521075176075s, 2025-03-27, fc9559fc","29.496094241039827s, 2025-03-27, 6e71dec2","28.763196798041463s, 2025-03-28, adb0ab16","29.028335829032585s, 2025-03-28, b524a24e","28.982830049004406s, 2025-03-31, 3c06a2ec","28.864220211049542s, 2025-03-31, 11fa6749","29.06764040980488s, 2025-04-01, 8f07dc91","29.315100554842502s, 2025-04-01, 8f07dc91","29.44556768797338s, 2025-04-01, fa15cc7d","29.751272831112146s, 2025-04-02, f592b945","29.24596763914451s, 2025-04-03, cfc08502","28.240654994966462s, 2025-04-04, 166119ab","28.318263347260654s, 2025-04-08, d329ee1d","28.93105350388214s, 2025-04-08, 5e49df7e","29.710434937999707s, 2025-04-09, d2dc334f","29.143255198003317s, 2025-04-09, a3a0f7d6","29.68280504699942s, 2025-04-09, d1a507f3","29.232475816010265s, 2025-04-11, a70451d0","29.525490957021248s, 2025-04-14, c1625b9c","30.984755154000595s, 2025-04-14, 0b582943","31.541354360000696s, 2025-04-15, 5ae07c8e","29.922428085003048s, 2025-04-15, c5a50b76","30.40741133701522s, 2025-04-16, dceceb11","29.56372388091404s, 2025-04-16, 6f2a50ed","30.215771096060053s, 2025-04-16, ae2750ec","29.665826283977367s, 2025-04-16, 0c65644b","29.460119885974564s, 2025-04-16, b7ea8ce5","29.7777800289914s, 2025-04-24, 79e2acb5","29.40451498492621s, 2025-04-28, 1f46931f","29.615089976927266s, 2025-04-29, 55d55a68","29.484189044917002s, 2025-04-30, 175353ce","29.81662730500102s, 2025-05-01, 32591c15","29.56094806594774s, 2025-05-06, d82b87fe","29.336431405041367s, 2025-05-06, 5df0a000","29.646262281108648s, 2025-05-06, 86f5f05e","29.75566451298073s, 2025-05-07, 457f436b","29.52844924107194s, 2025-05-13, 5bd2849b","29.484776892997616s, 2025-05-14, f680e049","29.69270851300098s, 2025-05-19, 49bfc6b3","29.87872275803238s, 2025-05-20, 18def950","s, , ","29.904220591066405s, 2025-05-21, 7d8e6312","29.981388748972677s, 2025-05-21, d7917b77","29.47350359300617s, 2025-05-21, 06452a9a","29.191344026010484s, 2025-06-02, 9609708c","29.570334892021492s, 2025-06-02, 1344a646"],"x":[-49,-48,-47,-46,-45,-44,-43,-42,-41,-40,-39,-38,-37,-36,-35,-34,-33,-32,-31,-30,-29,-28,-27,-26,-25,-24,-23,-22,-21,-20,-19,-18,-17,-16,-15,-14,-13,-12,-11,-10,-9,-8,-7,-6,-5,-4,-3,-2,-1,0],"y":[29.3227833409328,29.14334529300686,28.892173780011944,28.839240251109004,28.335521075176075,29.496094241039827,28.763196798041463,29.028335829032585,28.982830049004406,28.864220211049542,29.06764040980488,29.315100554842502,29.44556768797338,29.751272831112146,29.24596763914451,28.240654994966462,28.318263347260654,28.93105350388214,29.710434937999707,29.143255198003317,29.68280504699942,29.232475816010265,29.525490957021248,30.984755154000595,31.541354360000696,29.922428085003048,30.40741133701522,29.56372388091404,30.215771096060053,29.665826283977367,29.460119885974564,29.7777800289914,29.40451498492621,29.615089976927266,29.484189044917002,29.81662730500102,29.56094806594774,29.336431405041367,29.646262281108648,29.75566451298073,29.52844924107194,29.484776892997616,29.69270851300098,29.87872275803238,"",29.904220591066405,29.981388748972677,29.47350359300617,29.191344026010484,29.570334892021492],"yaxis":"y2","type":"scatter","xaxis":"x2","marker":{"size":8},"hoverinfo":"text+x","mode":"lines+markers","showlegend":true},{"line":{"color":"#ad900d","width":0.5},"name":"nl","text":["4.451567260082811s, 2025-03-19, 2d05305b","4.388100469950587s, 2025-03-20, f55b042a","4.293880151002668s, 2025-03-20, f93501c0","4.300297272857279s, 2025-03-24, a9d673d8","4.276427174219862s, 2025-03-27, fc9559fc","4.4407968539744616s, 2025-03-27, 6e71dec2","4.337954382877797s, 2025-03-28, adb0ab16","4.394923842977732s, 2025-03-28, b524a24e","4.395674654981121s, 2025-03-31, 3c06a2ec","4.309669705107808s, 2025-03-31, 11fa6749","4.321945417206734s, 2025-04-01, 8f07dc91","4.451961690094322s, 2025-04-01, 8f07dc91","4.351543820928782s, 2025-04-01, fa15cc7d","4.4444814620073885s, 2025-04-02, f592b945","4.341756867012009s, 2025-04-03, cfc08502","4.264568243175745s, 2025-04-04, 166119ab","4.306085001677275s, 2025-04-08, d329ee1d","4.354159013368189s, 2025-04-08, 5e49df7e","4.399214414999733s, 2025-04-09, d2dc334f","4.277162300997588s, 2025-04-09, a3a0f7d6","4.370530408999912s, 2025-04-09, d1a507f3","4.227385126025183s, 2025-04-11, a70451d0","4.325698031054344s, 2025-04-14, c1625b9c","4.391541366989259s, 2025-04-14, 0b582943","4.45004083000822s, 2025-04-15, 5ae07c8e","4.330777144990861s, 2025-04-15, c5a50b76","4.6555216669803485s, 2025-04-16, dceceb11","4.339011359028518s, 2025-04-16, 6f2a50ed","4.341144465957768s, 2025-04-16, ae2750ec","4.364200568059459s, 2025-04-16, 0c65644b","4.34399897698313s, 2025-04-16, b7ea8ce5","4.35803481284529s, 2025-04-24, 79e2acb5","4.339092819951475s, 2025-04-28, 1f46931f","4.935879042139277s, 2025-04-29, 55d55a68","4.83375127799809s, 2025-04-30, 175353ce","4.427647344069555s, 2025-05-01, 32591c15","4.995547738391906s, 2025-05-06, d82b87fe","4.348097619134933s, 2025-05-06, 5df0a000","4.439177758991718s, 2025-05-06, 86f5f05e","4.405000302940607s, 2025-05-07, 457f436b","4.346146683208644s, 2025-05-13, 5bd2849b","4.34894469199935s, 2025-05-14, f680e049","4.39497087203199s, 2025-05-19, 49bfc6b3","4.345020793029107s, 2025-05-20, 18def950","s, , ","4.40042978792917s, 2025-05-21, 7d8e6312","4.485787746030837s, 2025-05-21, d7917b77","4.390426002093591s, 2025-05-21, 06452a9a","4.3442017789930105s, 2025-06-02, 9609708c","5.102794812992215s, 2025-06-02, 1344a646"],"x":[-49,-48,-47,-46,-45,-44,-43,-42,-41,-40,-39,-38,-37,-36,-35,-34,-33,-32,-31,-30,-29,-28,-27,-26,-25,-24,-23,-22,-21,-20,-19,-18,-17,-16,-15,-14,-13,-12,-11,-10,-9,-8,-7,-6,-5,-4,-3,-2,-1,0],"y":[4.451567260082811,4.388100469950587,4.293880151002668,4.300297272857279,4.276427174219862,4.4407968539744616,4.337954382877797,4.394923842977732,4.395674654981121,4.309669705107808,4.321945417206734,4.451961690094322,4.351543820928782,4.4444814620073885,4.341756867012009,4.264568243175745,4.306085001677275,4.354159013368189,4.399214414999733,4.277162300997588,4.370530408999912,4.227385126025183,4.325698031054344,4.391541366989259,4.45004083000822,4.330777144990861,4.6555216669803485,4.339011359028518,4.341144465957768,4.364200568059459,4.34399897698313,4.35803481284529,4.339092819951475,4.935879042139277,4.83375127799809,4.427647344069555,4.995547738391906,4.348097619134933,4.439177758991718,4.405000302940607,4.346146683208644,4.34894469199935,4.39497087203199,4.345020793029107,"",4.40042978792917,4.485787746030837,4.390426002093591,4.3442017789930105,5.102794812992215],"yaxis":"y3","type":"scatter","xaxis":"x3","marker":{"size":8},"hoverinfo":"text+x","mode":"lines+markers","showlegend":true},{"line":{"color":"#009337","width":0.5},"name":"lp","text":["4.535511962953024s, 2025-03-19, 2d05305b","4.529870497062802s, 2025-03-20, f55b042a","4.472667324007489s, 2025-03-20, f93501c0","4.500546529190615s, 2025-03-24, a9d673d8","4.370414854027331s, 2025-03-27, fc9559fc","4.632125597214326s, 2025-03-27, 6e71dec2","4.480805493891239s, 2025-03-28, adb0ab16","4.4521023370325565s, 2025-03-28, b524a24e","4.429210896138102s, 2025-03-31, 3c06a2ec","4.493899004999548s, 2025-03-31, 11fa6749","4.5288722950499505s, 2025-04-01, 8f07dc91","4.520770179806277s, 2025-04-01, 8f07dc91","4.490472841076553s, 2025-04-01, fa15cc7d","4.554016591049731s, 2025-04-02, f592b945","4.5004154378548265s, 2025-04-03, cfc08502","4.4403215299826115s, 2025-04-04, 166119ab","4.412627276964486s, 2025-04-08, d329ee1d","4.487754358910024s, 2025-04-08, 5e49df7e","4.529725679999501s, 2025-04-09, d2dc334f","4.389611012000387s, 2025-04-09, a3a0f7d6","4.527582610997342s, 2025-04-09, d1a507f3","4.37040147400694s, 2025-04-11, a70451d0","4.524750364013016s, 2025-04-14, c1625b9c","4.562748281052336s, 2025-04-14, 0b582943","4.674722518015187s, 2025-04-15, 5ae07c8e","5.216169061022811s, 2025-04-15, c5a50b76","4.587768216966651s, 2025-04-16, dceceb11","5.173779370030388s, 2025-04-16, 6f2a50ed","4.557493246044032s, 2025-04-16, ae2750ec","4.542774027097039s, 2025-04-16, 0c65644b","4.4940492489840835s, 2025-04-16, b7ea8ce5","5.120944136055186s, 2025-04-24, 79e2acb5","4.523321819026023s, 2025-04-28, 1f46931f","4.58156371396035s, 2025-04-29, 55d55a68","4.610508849145845s, 2025-04-30, 175353ce","4.5814435090869665s, 2025-05-01, 32591c15","4.530239239800721s, 2025-05-06, d82b87fe","4.517167489975691s, 2025-05-06, 5df0a000","4.994962796103209s, 2025-05-06, 86f5f05e","4.592028171289712s, 2025-05-07, 457f436b","4.487462799064815s, 2025-05-13, 5bd2849b","4.606149439998262s, 2025-05-14, f680e049","4.501649320998695s, 2025-05-19, 49bfc6b3","4.5226283490192145s, 2025-05-20, 18def950","s, , ","5.168155724997632s, 2025-05-21, 7d8e6312","4.516960620996542s, 2025-05-21, d7917b77","4.586569819948636s, 2025-05-21, 06452a9a","4.5046832910738885s, 2025-06-02, 9609708c","4.485669670859352s, 2025-06-02, 1344a646"],"x":[-49,-48,-47,-46,-45,-44,-43,-42,-41,-40,-39,-38,-37,-36,-35,-34,-33,-32,-31,-30,-29,-28,-27,-26,-25,-24,-23,-22,-21,-20,-19,-18,-17,-16,-15,-14,-13,-12,-11,-10,-9,-8,-7,-6,-5,-4,-3,-2,-1,0],"y":[4.535511962953024,4.529870497062802,4.472667324007489,4.500546529190615,4.370414854027331,4.632125597214326,4.480805493891239,4.4521023370325565,4.429210896138102,4.493899004999548,4.5288722950499505,4.520770179806277,4.490472841076553,4.554016591049731,4.5004154378548265,4.4403215299826115,4.412627276964486,4.487754358910024,4.529725679999501,4.389611012000387,4.527582610997342,4.37040147400694,4.524750364013016,4.562748281052336,4.674722518015187,5.216169061022811,4.587768216966651,5.173779370030388,4.557493246044032,4.542774027097039,4.4940492489840835,5.120944136055186,4.523321819026023,4.58156371396035,4.610508849145845,4.5814435090869665,4.530239239800721,4.517167489975691,4.994962796103209,4.592028171289712,4.487462799064815,4.606149439998262,4.501649320998695,4.5226283490192145,"",5.168155724997632,4.516960620996542,4.586569819948636,4.5046832910738885,4.485669670859352],"yaxis":"y4","type":"scatter","xaxis":"x4","marker":{"size":8},"hoverinfo":"text+x","mode":"lines+markers","showlegend":true},{"line":{"color":"#850e04","width":0.5},"name":"bar","text":["6.710553874028847s, 2025-03-19, 2d05305b","6.722871079924516s, 2025-03-20, f55b042a","6.6437607809202746s, 2025-03-20, f93501c0","6.689075947040692s, 2025-03-24, a9d673d8","6.592129901051521s, 2025-03-27, fc9559fc","6.881659247213975s, 2025-03-27, 6e71dec2","6.62692004092969s, 2025-03-28, adb0ab16","6.764825297985226s, 2025-03-28, b524a24e","6.8261815591249615s, 2025-03-31, 3c06a2ec","6.649814405012876s, 2025-03-31, 11fa6749","6.706787232076749s, 2025-04-01, 8f07dc91","6.73005017102696s, 2025-04-01, 8f07dc91","6.783106487011537s, 2025-04-01, fa15cc7d","6.886064819991589s, 2025-04-02, f592b945","6.792044647037983s, 2025-04-03, cfc08502","6.499179117148742s, 2025-04-04, 166119ab","6.654734753072262s, 2025-04-08, d329ee1d","6.76932491408661s, 2025-04-08, 5e49df7e","7.343777815000067s, 2025-04-09, d2dc334f","6.62197998999909s, 2025-04-09, a3a0f7d6","6.8502239439985715s, 2025-04-09, d1a507f3","6.547774606005987s, 2025-04-11, a70451d0","7.304484068998136s, 2025-04-14, c1625b9c","6.8575253339949995s, 2025-04-14, 0b582943","6.9805148909799755s, 2025-04-15, 5ae07c8e","6.80559635697864s, 2025-04-15, c5a50b76","6.769635588978417s, 2025-04-16, dceceb11","6.770694597973488s, 2025-04-16, 6f2a50ed","6.734124870039523s, 2025-04-16, ae2750ec","7.4380198690341786s, 2025-04-16, 0c65644b","6.978058427921496s, 2025-04-16, b7ea8ce5","6.907580522121862s, 2025-04-24, 79e2acb5","7.207153149880469s, 2025-04-28, 1f46931f","6.741155608789995s, 2025-04-29, 55d55a68","6.7500985939987s, 2025-04-30, 175353ce","7.3360783769749105s, 2025-05-01, 32591c15","6.78783421497792s, 2025-05-06, d82b87fe","7.217771300114691s, 2025-05-06, 5df0a000","6.762652863748372s, 2025-05-06, 86f5f05e","7.350161326117814s, 2025-05-07, 457f436b","7.216345766093582s, 2025-05-13, 5bd2849b","7.224685596003837s, 2025-05-14, f680e049","6.993671212054323s, 2025-05-19, 49bfc6b3","7.269872057950124s, 2025-05-20, 18def950","s, , ","6.809002315043472s, 2025-05-21, 7d8e6312","7.364382351981476s, 2025-05-21, d7917b77","6.883375123026781s, 2025-05-21, 06452a9a","6.764198002871126s, 2025-06-02, 9609708c","6.720886880066246s, 2025-06-02, 1344a646"],"x":[-49,-48,-47,-46,-45,-44,-43,-42,-41,-40,-39,-38,-37,-36,-35,-34,-33,-32,-31,-30,-29,-28,-27,-26,-25,-24,-23,-22,-21,-20,-19,-18,-17,-16,-15,-14,-13,-12,-11,-10,-9,-8,-7,-6,-5,-4,-3,-2,-1,0],"y":[6.710553874028847,6.722871079924516,6.6437607809202746,6.689075947040692,6.592129901051521,6.881659247213975,6.62692004092969,6.764825297985226,6.8261815591249615,6.649814405012876,6.706787232076749,6.73005017102696,6.783106487011537,6.886064819991589,6.792044647037983,6.499179117148742,6.654734753072262,6.76932491408661,7.343777815000067,6.62197998999909,6.8502239439985715,6.547774606005987,7.304484068998136,6.8575253339949995,6.9805148909799755,6.80559635697864,6.769635588978417,6.770694597973488,6.734124870039523,7.4380198690341786,6.978058427921496,6.907580522121862,7.207153149880469,6.741155608789995,6.7500985939987,7.3360783769749105,6.78783421497792,7.217771300114691,6.762652863748372,7.350161326117814,7.216345766093582,7.224685596003837,6.993671212054323,7.269872057950124,"",6.809002315043472,7.364382351981476,6.883375123026781,6.764198002871126,6.720886880066246],"yaxis":"y5","type":"scatter","xaxis":"x5","marker":{"size":8},"hoverinfo":"text+x","mode":"lines+markers","showlegend":true},{"line":{"color":"#3e82fc","width":0.5},"name":"gams","text":["7.325712001998909s, 2025-03-19, 2d05305b","7.3546760850586s, 2025-03-20, f55b042a","7.302404467947781s, 2025-03-20, f93501c0","7.2407473300118s, 2025-03-24, a9d673d8","7.017590967938304s, 2025-03-27, fc9559fc","7.254327546106651s, 2025-03-27, 6e71dec2","7.1977054248563945s, 2025-03-28, adb0ab16","7.190689421026036s, 2025-03-28, b524a24e","7.223173003876582s, 2025-03-31, 3c06a2ec","7.157805600902066s, 2025-03-31, 11fa6749","7.343531377846375s, 2025-04-01, 8f07dc91","7.402327521005645s, 2025-04-01, 8f07dc91","7.345210697967559s, 2025-04-01, fa15cc7d","7.571250985842198s, 2025-04-02, f592b945","7.303474693791941s, 2025-04-03, cfc08502","6.968816648004577s, 2025-04-04, 166119ab","7.055840485729277s, 2025-04-08, d329ee1d","7.30882101226598s, 2025-04-08, 5e49df7e","7.331604298999991s, 2025-04-09, d2dc334f","7.809881215001951s, 2025-04-09, a3a0f7d6","7.815775745002611s, 2025-04-09, d1a507f3","7.552841107011773s, 2025-04-11, a70451d0","7.335185653006192s, 2025-04-14, c1625b9c","7.820254377031233s, 2025-04-14, 0b582943","8.274545736028813s, 2025-04-15, 5ae07c8e","7.283692880999297s, 2025-04-15, c5a50b76","7.829539046040736s, 2025-04-16, dceceb11","7.222802342963405s, 2025-04-16, 6f2a50ed","7.731931146932766s, 2025-04-16, ae2750ec","7.319839432951994s, 2025-04-16, 0c65644b","7.5637619129847735s, 2025-04-16, b7ea8ce5","7.245851509971544s, 2025-04-24, 79e2acb5","7.356228509917855s, 2025-04-28, 1f46931f","7.280855898046866s, 2025-04-29, 55d55a68","7.2556247459724545s, 2025-04-30, 175353ce","7.374318931950256s, 2025-05-01, 32591c15","7.326566653326154s, 2025-05-06, d82b87fe","7.268522053025663s, 2025-05-06, 5df0a000","7.304895467124879s, 2025-05-06, 86f5f05e","7.3725456818938255s, 2025-05-07, 457f436b","7.2339771571569145s, 2025-05-13, 5bd2849b","7.301801736000925s, 2025-05-14, f680e049","7.632789695984684s, 2025-05-19, 49bfc6b3","7.552104098955169s, 2025-05-20, 18def950","s, , ","7.552394975908101s, 2025-05-21, 7d8e6312","7.268925055977888s, 2025-05-21, d7917b77","7.5393306779442355s, 2025-05-21, 06452a9a","7.281828878913075s, 2025-06-02, 9609708c","7.265105115948245s, 2025-06-02, 1344a646"],"x":[-49,-48,-47,-46,-45,-44,-43,-42,-41,-40,-39,-38,-37,-36,-35,-34,-33,-32,-31,-30,-29,-28,-27,-26,-25,-24,-23,-22,-21,-20,-19,-18,-17,-16,-15,-14,-13,-12,-11,-10,-9,-8,-7,-6,-5,-4,-3,-2,-1,0],"y":[7.325712001998909,7.3546760850586,7.302404467947781,7.2407473300118,7.017590967938304,7.254327546106651,7.1977054248563945,7.190689421026036,7.223173003876582,7.157805600902066,7.343531377846375,7.402327521005645,7.345210697967559,7.571250985842198,7.303474693791941,6.968816648004577,7.055840485729277,7.30882101226598,7.331604298999991,7.809881215001951,7.815775745002611,7.552841107011773,7.335185653006192,7.820254377031233,8.274545736028813,7.283692880999297,7.829539046040736,7.222802342963405,7.731931146932766,7.319839432951994,7.5637619129847735,7.245851509971544,7.356228509917855,7.280855898046866,7.2556247459724545,7.374318931950256,7.326566653326154,7.268522053025663,7.304895467124879,7.3725456818938255,7.2339771571569145,7.301801736000925,7.632789695984684,7.552104098955169,"",7.552394975908101,7.268925055977888,7.5393306779442355,7.281828878913075,7.265105115948245],"yaxis":"y6","type":"scatter","xaxis":"x6","marker":{"size":8},"hoverinfo":"text+x","mode":"lines+markers","showlegend":true}],                        {"template":{"data":{"barpolar":[{"marker":{"line":{"color":"white","width":0.5},"pattern":{"fillmode":"overlay","size":10,"solidity":0.2}},"type":"barpolar"}],"bar":[{"error_x":{"color":"#2a3f5f"},"error_y":{"color":"#2a3f5f"},"marker":{"line":{"color":"white","width":0.5},"pattern":{"fillmode":"overlay","size":10,"solidity":0.2}},"type":"bar"}],"carpet":[{"aaxis":{"endlinecolor":"#2a3f5f","gridcolor":"#C8D4E3","linecolor":"#C8D4E3","minorgridcolor":"#C8D4E3","startlinecolor":"#2a3f5f"},"baxis":{"endlinecolor":"#2a3f5f","gridcolor":"#C8D4E3","linecolor":"#C8D4E3","minorgridcolor":"#C8D4E3","startlinecolor":"#2a3f5f"},"type":"carpet"}],"choropleth":[{"colorbar":{"outlinewidth":0,"ticks":""},"type":"choropleth"}],"contourcarpet":[{"colorbar":{"outlinewidth":0,"ticks":""},"type":"contourcarpet"}],"contour":[{"colorbar":{"outlinewidth":0,"ticks":""},"colorscale":[[0.0,"#0d0887"],[0.1111111111111111,"#46039f"],[0.2222222222222222,"#7201a8"],[0.3333333333333333,"#9c179e"],[0.4444444444444444,"#bd3786"],[0.5555555555555556,"#d8576b"],[0.6666666666666666,"#ed7953"],[0.7777777777777778,"#fb9f3a"],[0.8888888888888888,"#fdca26"],[1.0,"#f0f921"]],"type":"contour"}],"heatmapgl":[{"colorbar":{"outlinewidth":0,"ticks":""},"colorscale":[[0.0,"#0d0887"],[0.1111111111111111,"#46039f"],[0.2222222222222222,"#7201a8"],[0.3333333333333333,"#9c179e"],[0.4444444444444444,"#bd3786"],[0.5555555555555556,"#d8576b"],[0.6666666666666666,"#ed7953"],[0.7777777777777778,"#fb9f3a"],[0.8888888888888888,"#fdca26"],[1.0,"#f0f921"]],"type":"heatmapgl"}],"heatmap":[{"colorbar":{"outlinewidth":0,"ticks":""},"colorscale":[[0.0,"#0d0887"],[0.1111111111111111,"#46039f"],[0.2222222222222222,"#7201a8"],[0.3333333333333333,"#9c179e"],[0.4444444444444444,"#bd3786"],[0.5555555555555556,"#d8576b"],[0.6666666666666666,"#ed7953"],[0.7777777777777778,"#fb9f3a"],[0.8888888888888888,"#fdca26"],[1.0,"#f0f921"]],"type":"heatmap"}],"histogram2dcontour":[{"colorbar":{"outlinewidth":0,"ticks":""},"colorscale":[[0.0,"#0d0887"],[0.1111111111111111,"#46039f"],[0.2222222222222222,"#7201a8"],[0.3333333333333333,"#9c179e"],[0.4444444444444444,"#bd3786"],[0.5555555555555556,"#d8576b"],[0.6666666666666666,"#ed7953"],[0.7777777777777778,"#fb9f3a"],[0.8888888888888888,"#fdca26"],[1.0,"#f0f921"]],"type":"histogram2dcontour"}],"histogram2d":[{"colorbar":{"outlinewidth":0,"ticks":""},"colorscale":[[0.0,"#0d0887"],[0.1111111111111111,"#46039f"],[0.2222222222222222,"#7201a8"],[0.3333333333333333,"#9c179e"],[0.4444444444444444,"#bd3786"],[0.5555555555555556,"#d8576b"],[0.6666666666666666,"#ed7953"],[0.7777777777777778,"#fb9f3a"],[0.8888888888888888,"#fdca26"],[1.0,"#f0f921"]],"type":"histogram2d"}],"histogram":[{"marker":{"pattern":{"fillmode":"overlay","size":10,"solidity":0.2}},"type":"histogram"}],"mesh3d":[{"colorbar":{"outlinewidth":0,"ticks":""},"type":"mesh3d"}],"parcoords":[{"line":{"colorbar":{"outlinewidth":0,"ticks":""}},"type":"parcoords"}],"pie":[{"automargin":true,"type":"pie"}],"scatter3d":[{"line":{"colorbar":{"outlinewidth":0,"ticks":""}},"marker":{"colorbar":{"outlinewidth":0,"ticks":""}},"type":"scatter3d"}],"scattercarpet":[{"marker":{"colorbar":{"outlinewidth":0,"ticks":""}},"type":"scattercarpet"}],"scattergeo":[{"marker":{"colorbar":{"outlinewidth":0,"ticks":""}},"type":"scattergeo"}],"scattergl":[{"marker":{"colorbar":{"outlinewidth":0,"ticks":""}},"type":"scattergl"}],"scattermapbox":[{"marker":{"colorbar":{"outlinewidth":0,"ticks":""}},"type":"scattermapbox"}],"scatterpolargl":[{"marker":{"colorbar":{"outlinewidth":0,"ticks":""}},"type":"scatterpolargl"}],"scatterpolar":[{"marker":{"colorbar":{"outlinewidth":0,"ticks":""}},"type":"scatterpolar"}],"scatter":[{"fillpattern":{"fillmode":"overlay","size":10,"solidity":0.2},"type":"scatter"}],"scatterternary":[{"marker":{"colorbar":{"outlinewidth":0,"ticks":""}},"type":"scatterternary"}],"surface":[{"colorbar":{"outlinewidth":0,"ticks":""},"colorscale":[[0.0,"#0d0887"],[0.1111111111111111,"#46039f"],[0.2222222222222222,"#7201a8"],[0.3333333333333333,"#9c179e"],[0.4444444444444444,"#bd3786"],[0.5555555555555556,"#d8576b"],[0.6666666666666666,"#ed7953"],[0.7777777777777778,"#fb9f3a"],[0.8888888888888888,"#fdca26"],[1.0,"#f0f921"]],"type":"surface"}],"table":[{"cells":{"fill":{"color":"#EBF0F8"},"line":{"color":"white"}},"header":{"fill":{"color":"#C8D4E3"},"line":{"color":"white"}},"type":"table"}]},"layout":{"annotationdefaults":{"arrowcolor":"#2a3f5f","arrowhead":0,"arrowwidth":1},"autotypenumbers":"strict","coloraxis":{"colorbar":{"outlinewidth":0,"ticks":""}},"colorscale":{"diverging":[[0,"#8e0152"],[0.1,"#c51b7d"],[0.2,"#de77ae"],[0.3,"#f1b6da"],[0.4,"#fde0ef"],[0.5,"#f7f7f7"],[0.6,"#e6f5d0"],[0.7,"#b8e186"],[0.8,"#7fbc41"],[0.9,"#4d9221"],[1,"#276419"]],"sequential":[[0.0,"#0d0887"],[0.1111111111111111,"#46039f"],[0.2222222222222222,"#7201a8"],[0.3333333333333333,"#9c179e"],[0.4444444444444444,"#bd3786"],[0.5555555555555556,"#d8576b"],[0.6666666666666666,"#ed7953"],[0.7777777777777778,"#fb9f3a"],[0.8888888888888888,"#fdca26"],[1.0,"#f0f921"]],"sequentialminus":[[0.0,"#0d0887"],[0.1111111111111111,"#46039f"],[0.2222222222222222,"#7201a8"],[0.3333333333333333,"#9c179e"],[0.4444444444444444,"#bd3786"],[0.5555555555555556,"#d8576b"],[0.6666666666666666,"#ed7953"],[0.7777777777777778,"#fb9f3a"],[0.8888888888888888,"#fdca26"],[1.0,"#f0f921"]]},"colorway":["#636efa","#EF553B","#00cc96","#ab63fa","#FFA15A","#19d3f3","#FF6692","#B6E880","#FF97FF","#FECB52"],"font":{"color":"#2a3f5f"},"geo":{"bgcolor":"white","lakecolor":"white","landcolor":"white","showlakes":true,"showland":true,"subunitcolor":"#C8D4E3"},"hoverlabel":{"align":"left"},"hovermode":"closest","mapbox":{"style":"light"},"paper_bgcolor":"white","plot_bgcolor":"white","polar":{"angularaxis":{"gridcolor":"#EBF0F8","linecolor":"#EBF0F8","ticks":""},"bgcolor":"white","radialaxis":{"gridcolor":"#EBF0F8","linecolor":"#EBF0F8","ticks":""}},"scene":{"xaxis":{"backgroundcolor":"white","gridcolor":"#DFE8F3","gridwidth":2,"linecolor":"#EBF0F8","showbackground":true,"ticks":"","zerolinecolor":"#EBF0F8"},"yaxis":{"backgroundcolor":"white","gridcolor":"#DFE8F3","gridwidth":2,"linecolor":"#EBF0F8","showbackground":true,"ticks":"","zerolinecolor":"#EBF0F8"},"zaxis":{"backgroundcolor":"white","gridcolor":"#DFE8F3","gridwidth":2,"linecolor":"#EBF0F8","showbackground":true,"ticks":"","zerolinecolor":"#EBF0F8"}},"shapedefaults":{"line":{"color":"#2a3f5f"}},"ternary":{"aaxis":{"gridcolor":"#DFE8F3","linecolor":"#A2B1C6","ticks":""},"baxis":{"gridcolor":"#DFE8F3","linecolor":"#A2B1C6","ticks":""},"bgcolor":"white","caxis":{"gridcolor":"#DFE8F3","linecolor":"#A2B1C6","ticks":""}},"title":{"x":0.05},"xaxis":{"automargin":true,"gridcolor":"#EBF0F8","linecolor":"#EBF0F8","ticks":"","title":{"standoff":15},"zerolinecolor":"#EBF0F8","zerolinewidth":2},"yaxis":{"automargin":true,"gridcolor":"#EBF0F8","linecolor":"#EBF0F8","ticks":"","title":{"standoff":15},"zerolinecolor":"#EBF0F8","zerolinewidth":2}}},"xaxis":{"anchor":"y","domain":[0.0,1.0],"autorange":true,"range":[-49,0],"type":"linear","showticklabels":true},"yaxis":{"anchor":"x","domain":[0.0,0.16666666666666666],"tickfont":{"color":"#ff0789","size":9},"autorange":true,"fixedrange":false,"mirror":true,"showline":true,"side":"left","tickmode":"auto","ticks":"","tickson":"boundaries","type":"linear","zeroline":false,"automargin":false},"xaxis2":{"anchor":"y2","domain":[0.0,1.0],"showticklabels":false},"yaxis2":{"anchor":"x","domain":[0.16666666666666666,0.3333333333333333],"tickfont":{"color":"#966ebd","size":9},"autorange":true,"fixedrange":false,"mirror":true,"showline":true,"side":"left","tickmode":"auto","ticks":"","tickson":"boundaries","type":"linear","zeroline":false},"xaxis3":{"anchor":"y3","domain":[0.0,1.0],"showticklabels":false},"yaxis3":{"anchor":"x","domain":[0.3333333333333333,0.5],"tickfont":{"color":"#ad900d","size":9},"autorange":true,"fixedrange":false,"mirror":true,"showline":true,"side":"left","tickmode":"auto","ticks":"","tickson":"boundaries","type":"linear","zeroline":false},"xaxis4":{"anchor":"y4","domain":[0.0,1.0],"showticklabels":false},"yaxis4":{"anchor":"x","domain":[0.5,0.6666666666666666],"tickfont":{"color":"#009337","size":9},"autorange":true,"fixedrange":false,"mirror":true,"showline":true,"side":"left","tickmode":"auto","ticks":"","tickson":"boundaries","type":"linear","zeroline":false},"xaxis5":{"anchor":"y5","domain":[0.0,1.0],"showticklabels":false},"yaxis5":{"anchor":"x","domain":[0.6666666666666666,0.8333333333333333],"tickfont":{"color":"#850e04","size":9},"autorange":true,"fixedrange":false,"mirror":true,"showline":true,"side":"left","tickmode":"auto","ticks":"","tickson":"boundaries","type":"linear","zeroline":false},"xaxis6":{"anchor":"y6","domain":[0.0,1.0],"showticklabels":false},"yaxis6":{"anchor":"x","domain":[0.8333333333333333,1.0],"tickfont":{"color":"#3e82fc","size":9},"autorange":true,"fixedrange":false,"mirror":true,"showline":true,"side":"left","tickmode":"auto","ticks":"","tickson":"boundaries","type":"linear","zeroline":false},"xaxis7":{"anchor":"y7","domain":[0.0,1.0],"showticklabels":false},"yaxis7":{"anchor":"x","domain":[1,1],"tickfont":{"color":"#fe420f","size":9},"autorange":true,"fixedrange":false,"mirror":true,"showline":true,"side":"left","tickmode":"auto","ticks":"","tickson":"boundaries","type":"linear","zeroline":false},"xaxis8":{"anchor":"y8","domain":[0.0,1.0],"showticklabels":false},"yaxis8":{"anchor":"x","domain":[1,1],"tickfont":{"color":"#fe828c","size":9},"autorange":true,"fixedrange":false,"mirror":true,"showline":true,"side":"left","tickmode":"auto","ticks":"","tickson":"boundaries","type":"linear","zeroline":false},"yaxis9":{"anchor":"x","autorange":true,"fixedrange":false,"domain":[1,1],"mirror":true,"showline":true,"side":"left","tickfont":{"color":"#85a3b2","size":9},"tickmode":"auto","ticks":"","tickson":"boundaries","type":"linear","zeroline":false},"yaxis10":{"anchor":"x","autorange":true,"fixedrange":false,"domain":[1,1],"mirror":true,"showline":true,"side":"left","tickfont":{"color":"#f0833a","size":9},"tickmode":"auto","ticks":"","tickson":"boundaries","type":"linear","zeroline":false},"legend":{"traceorder":"reversed","yanchor":"top","y":0.99,"xanchor":"left"},"margin":{"t":50,"b":50},"title":{"text":"Python = python-3.10, Problem = TestModels_test_uc_20140901_expected"},"dragmode":"zoom","hovermode":"x","height":900},                        {"responsive": true}                    )                };                            </script>        </div>
</body>
</html>