<html>
<head><meta charset="utf-8" /></head>
<body>
    <div>                        <script type="text/javascript">window.PlotlyConfig = {MathJaxConfig: 'local'};</script>
        <script charset="utf-8" src="https://cdn.plot.ly/plotly-2.26.0.min.js"></script>                <div id="90dc6192-d1cc-410a-9e2c-7447c471e363" class="plotly-graph-div" style="height:900px; width:100%;"></div>            <script type="text/javascript">                                    window.PLOTLYENV=window.PLOTLYENV || {};                                    if (document.getElementById("90dc6192-d1cc-410a-9e2c-7447c471e363")) {                    Plotly.newPlot(                        "90dc6192-d1cc-410a-9e2c-7447c471e363",                        [{"line":{"color":"#ff0789","width":0.5},"name":"create_instance","text":["12.052819857373834s, 2023-11-03, 70ef6e48","11.644239719957113s, 2023-11-06, 2709a6df","11.578130707144737s, 2023-11-08, 670d8a1f","11.721040153875947s, 2023-11-08, 555c10cf","11.60529800876975s, 2023-11-09, 71787b72","11.494181023910642s, 2023-11-15, 15a7bff8","11.892359249293804s, 2023-11-20, 061571bf","11.555212376639247s, 2023-11-20, 05ac00c9","11.614700788632035s, 2023-11-27, 4a490392","11.734080206602812s, 2023-11-27, 90291b06","11.881549784913659s, 2023-11-27, 1be704c4","11.547641785815358s, 2023-11-27, ae85c0c9","11.536515874788165s, 2023-11-27, d960c576","11.605832464993s, 2023-11-27, ac40ca33","11.50982061587274s, 2023-11-28, 7c18cdd4","11.648697150871158s, 2023-11-28, 500fbc74","11.669735979288816s, 2023-11-28, 91729ba4","12.075041506439447s, 2023-11-30, c6964300","11.83067773655057s, 2023-11-30, 3b0edaff","11.637790584936738s, 2023-11-30, c2475d8e","11.659162648022175s, 2023-12-01, c1e3d846","s, , ","s, , ","s, , ","11.900564409792423s, 2023-12-08, 3449d04b","12.502134012058377s, 2023-12-11, 4e5121a5","s, , ","s, , ","12.23555404700005s, 2023-12-15, 3bab26c6","10.771395898016635s, 2023-12-19, d5b53d5e","10.3783024889417s, 2024-01-08, 13a32346","10.507385866949335s, 2024-01-08, ea3e3ee7","11.055074373958632s, 2024-01-09, c5384ed6","11.182903653010726s, 2024-01-09, d04f6bbe","11.022682077717036s, 2024-01-11, a53bebcf","11.19658644264564s, 2024-01-13, 98537e0d","11.105597796849906s, 2024-01-16, ff3c4716","11.352990949060768s, 2024-01-16, 306bb69c","s, , ","s, , ","11.045246443999986s, 2024-01-17, 6d392a89","10.869255434998195s, 2024-01-18, 74f18cfd","s, , ","11.066265838977415s, 2024-01-22, 74f18cfd","11.214624247979373s, 2024-01-23, 6638839c","11.105467278975993s, 2024-01-24, 85b63ab6","11.051506091025658s, 2024-01-24, 4d1a4edb","11.035640690010041s, 2024-01-24, 6b36613d","11.175857839058153s, 2024-01-26, 00748f48","11.127108101034537s, 2024-01-26, f7fa2239"],"x":[-49,-48,-47,-46,-45,-44,-43,-42,-41,-40,-39,-38,-37,-36,-35,-34,-33,-32,-31,-30,-29,-28,-27,-26,-25,-24,-23,-22,-21,-20,-19,-18,-17,-16,-15,-14,-13,-12,-11,-10,-9,-8,-7,-6,-5,-4,-3,-2,-1,0],"y":[12.052819857373834,11.644239719957113,11.578130707144737,11.721040153875947,11.60529800876975,11.494181023910642,11.892359249293804,11.555212376639247,11.614700788632035,11.734080206602812,11.881549784913659,11.547641785815358,11.536515874788165,11.605832464993,11.50982061587274,11.648697150871158,11.669735979288816,12.075041506439447,11.83067773655057,11.637790584936738,11.659162648022175,"","","",11.900564409792423,12.502134012058377,"","",12.23555404700005,10.771395898016635,10.3783024889417,10.507385866949335,11.055074373958632,11.182903653010726,11.022682077717036,11.19658644264564,11.105597796849906,11.352990949060768,"","",11.045246443999986,10.869255434998195,"",11.066265838977415,11.214624247979373,11.105467278975993,11.051506091025658,11.035640690010041,11.175857839058153,11.127108101034537],"yaxis":"y","type":"scatter","xaxis":"x","marker":{"size":8},"hoverinfo":"text+x","mode":"lines+markers","showlegend":true},{"line":{"color":"#966ebd","width":0.5},"name":"nl","text":["9.393300991505384s, 2023-11-03, 70ef6e48","9.327336994931102s, 2023-11-06, 2709a6df","9.440312257036567s, 2023-11-08, 670d8a1f","9.415260571986437s, 2023-11-08, 555c10cf","9.180129958316684s, 2023-11-09, 71787b72","9.09175106137991s, 2023-11-15, 15a7bff8","9.056058207526803s, 2023-11-20, 061571bf","9.044917341321707s, 2023-11-20, 05ac00c9","9.19904139265418s, 2023-11-27, 4a490392","9.213418556377292s, 2023-11-27, 90291b06","9.110262859612703s, 2023-11-27, 1be704c4","9.01290824264288s, 2023-11-27, ae85c0c9","8.965630281716585s, 2023-11-27, d960c576","9.021612625569105s, 2023-11-27, ac40ca33","9.062407664954662s, 2023-11-28, 7c18cdd4","9.12129426188767s, 2023-11-28, 500fbc74","9.046854251995683s, 2023-11-28, 91729ba4","9.365790899842978s, 2023-11-30, c6964300","9.158885728567839s, 2023-11-30, 3b0edaff","9.193760400637984s, 2023-11-30, c2475d8e","9.192514089867473s, 2023-12-01, c1e3d846","s, , ","s, , ","s, , ","9.230314368382096s, 2023-12-08, 3449d04b","9.256794724613428s, 2023-12-11, 4e5121a5","s, , ","s, , ","9.048854062999908s, 2023-12-15, 3bab26c6","8.797386105987243s, 2023-12-19, d5b53d5e","8.742798760998994s, 2024-01-08, 13a32346","8.76896307291463s, 2024-01-08, ea3e3ee7","9.00833261013031s, 2024-01-09, c5384ed6","8.87108444981277s, 2024-01-09, d04f6bbe","8.998246686067432s, 2024-01-11, a53bebcf","8.998589735012501s, 2024-01-13, 98537e0d","9.123384311795235s, 2024-01-16, ff3c4716","9.009913053829223s, 2024-01-16, 306bb69c","s, , ","s, , ","8.923357416000272s, 2024-01-17, 6d392a89","8.893013641005382s, 2024-01-18, 74f18cfd","s, , ","9.047558742982801s, 2024-01-22, 74f18cfd","9.093754239962436s, 2024-01-23, 6638839c","9.055929166963324s, 2024-01-24, 85b63ab6","8.924243339919485s, 2024-01-24, 4d1a4edb","8.993197071016766s, 2024-01-24, 6b36613d","9.524711339967325s, 2024-01-26, 00748f48","8.98938190494664s, 2024-01-26, f7fa2239"],"x":[-49,-48,-47,-46,-45,-44,-43,-42,-41,-40,-39,-38,-37,-36,-35,-34,-33,-32,-31,-30,-29,-28,-27,-26,-25,-24,-23,-22,-21,-20,-19,-18,-17,-16,-15,-14,-13,-12,-11,-10,-9,-8,-7,-6,-5,-4,-3,-2,-1,0],"y":[9.393300991505384,9.327336994931102,9.440312257036567,9.415260571986437,9.180129958316684,9.09175106137991,9.056058207526803,9.044917341321707,9.19904139265418,9.213418556377292,9.110262859612703,9.01290824264288,8.965630281716585,9.021612625569105,9.062407664954662,9.12129426188767,9.046854251995683,9.365790899842978,9.158885728567839,9.193760400637984,9.192514089867473,"","","",9.230314368382096,9.256794724613428,"","",9.048854062999908,8.797386105987243,8.742798760998994,8.76896307291463,9.00833261013031,8.87108444981277,8.998246686067432,8.998589735012501,9.123384311795235,9.009913053829223,"","",8.923357416000272,8.893013641005382,"",9.047558742982801,9.093754239962436,9.055929166963324,8.924243339919485,8.993197071016766,9.524711339967325,8.98938190494664],"yaxis":"y2","type":"scatter","xaxis":"x2","marker":{"size":8},"hoverinfo":"text+x","mode":"lines+markers","showlegend":true},{"line":{"color":"#ad900d","width":0.5},"name":"lp","text":["10.5112882591784s, 2023-11-03, 70ef6e48","10.408347945660353s, 2023-11-06, 2709a6df","10.537462772801518s, 2023-11-08, 670d8a1f","10.414289465174079s, 2023-11-08, 555c10cf","10.246304016560316s, 2023-11-09, 71787b72","10.585300451144576s, 2023-11-15, 15a7bff8","10.566068211570382s, 2023-11-20, 061571bf","10.490497831255198s, 2023-11-20, 05ac00c9","10.387581255286932s, 2023-11-27, 4a490392","10.428738936781883s, 2023-11-27, 90291b06","10.404330905526876s, 2023-11-27, 1be704c4","10.283791506662965s, 2023-11-27, ae85c0c9","10.372321462258697s, 2023-11-27, d960c576","10.365895368158817s, 2023-11-27, ac40ca33","10.46038798801601s, 2023-11-28, 7c18cdd4","10.391366513445973s, 2023-11-28, 500fbc74","10.529584668576717s, 2023-11-28, 91729ba4","10.444969983771443s, 2023-11-30, c6964300","10.593644008040428s, 2023-11-30, 3b0edaff","10.599355539306998s, 2023-11-30, c2475d8e","10.734726199880242s, 2023-12-01, c1e3d846","s, , ","s, , ","s, , ","10.642694337293506s, 2023-12-08, 3449d04b","10.387631943449378s, 2023-12-11, 4e5121a5","s, , ","s, , ","10.34056621600007s, 2023-12-15, 3bab26c6","10.10262010700535s, 2023-12-19, d5b53d5e","9.984921362949535s, 2024-01-08, 13a32346","9.865440362831578s, 2024-01-08, ea3e3ee7","10.46113135991618s, 2024-01-09, c5384ed6","10.125413414090872s, 2024-01-09, d04f6bbe","10.207206972874701s, 2024-01-11, a53bebcf","10.287768146023154s, 2024-01-13, 98537e0d","10.475314740091562s, 2024-01-16, ff3c4716","10.401382131967694s, 2024-01-16, 306bb69c","s, , ","s, , ","10.260426562999783s, 2024-01-17, 6d392a89","10.352700307004852s, 2024-01-18, 74f18cfd","s, , ","10.508793808985502s, 2024-01-22, 74f18cfd","10.335463760071434s, 2024-01-23, 6638839c","10.292744708014652s, 2024-01-24, 85b63ab6","10.244036031072028s, 2024-01-24, 4d1a4edb","10.564109136001207s, 2024-01-24, 6b36613d","10.613808964961208s, 2024-01-26, 00748f48","10.295220267958939s, 2024-01-26, f7fa2239"],"x":[-49,-48,-47,-46,-45,-44,-43,-42,-41,-40,-39,-38,-37,-36,-35,-34,-33,-32,-31,-30,-29,-28,-27,-26,-25,-24,-23,-22,-21,-20,-19,-18,-17,-16,-15,-14,-13,-12,-11,-10,-9,-8,-7,-6,-5,-4,-3,-2,-1,0],"y":[10.5112882591784,10.408347945660353,10.537462772801518,10.414289465174079,10.246304016560316,10.585300451144576,10.566068211570382,10.490497831255198,10.387581255286932,10.428738936781883,10.404330905526876,10.283791506662965,10.372321462258697,10.365895368158817,10.46038798801601,10.391366513445973,10.529584668576717,10.444969983771443,10.593644008040428,10.599355539306998,10.734726199880242,"","","",10.642694337293506,10.387631943449378,"","",10.34056621600007,10.10262010700535,9.984921362949535,9.865440362831578,10.46113135991618,10.125413414090872,10.207206972874701,10.287768146023154,10.475314740091562,10.401382131967694,"","",10.260426562999783,10.352700307004852,"",10.508793808985502,10.335463760071434,10.292744708014652,10.244036031072028,10.564109136001207,10.613808964961208,10.295220267958939],"yaxis":"y3","type":"scatter","xaxis":"x3","marker":{"size":8},"hoverinfo":"text+x","mode":"lines+markers","showlegend":true},{"line":{"color":"#009337","width":0.5},"name":"bar","text":["16.056924134492874s, 2023-11-03, 70ef6e48","16.031674843281507s, 2023-11-06, 2709a6df","16.080985635519028s, 2023-11-08, 670d8a1f","15.980758845806122s, 2023-11-08, 555c10cf","16.01717738248408s, 2023-11-09, 71787b72","15.915786439552903s, 2023-11-15, 15a7bff8","16.055140832439065s, 2023-11-20, 061571bf","16.08324498310685s, 2023-11-20, 05ac00c9","16.21286205202341s, 2023-11-27, 4a490392","15.926905531436205s, 2023-11-27, 90291b06","15.942338528111577s, 2023-11-27, 1be704c4","15.85137615352869s, 2023-11-27, ae85c0c9","16.061377588659525s, 2023-11-27, d960c576","16.141890881583095s, 2023-11-27, ac40ca33","15.923908527940512s, 2023-11-28, 7c18cdd4","16.211880680173635s, 2023-11-28, 500fbc74","16.0616933144629s, 2023-11-28, 91729ba4","15.98768182657659s, 2023-11-30, c6964300","16.439111666753888s, 2023-11-30, 3b0edaff","16.15487114340067s, 2023-11-30, c2475d8e","16.150593085214496s, 2023-12-01, c1e3d846","s, , ","s, , ","s, , ","15.994256203994155s, 2023-12-08, 3449d04b","16.031563315540552s, 2023-12-11, 4e5121a5","s, , ","s, , ","15.933775533000016s, 2023-12-15, 3bab26c6","15.484317331050988s, 2023-12-19, d5b53d5e","15.040122644044459s, 2024-01-08, 13a32346","15.046354067977518s, 2024-01-08, ea3e3ee7","15.78528604703024s, 2024-01-09, c5384ed6","15.671227525919676s, 2024-01-09, d04f6bbe","15.736422633752227s, 2024-01-11, a53bebcf","15.76680399896577s, 2024-01-13, 98537e0d","15.915028448682278s, 2024-01-16, ff3c4716","15.909990727901459s, 2024-01-16, 306bb69c","s, , ","s, , ","15.629262669000127s, 2024-01-17, 6d392a89","15.717228673005593s, 2024-01-18, 74f18cfd","s, , ","15.898372043040581s, 2024-01-22, 74f18cfd","15.943974954076111s, 2024-01-23, 6638839c","15.860600971034728s, 2024-01-24, 85b63ab6","15.86866736097727s, 2024-01-24, 4d1a4edb","15.797443290008232s, 2024-01-24, 6b36613d","16.172185717965476s, 2024-01-26, 00748f48","15.82418581400998s, 2024-01-26, f7fa2239"],"x":[-49,-48,-47,-46,-45,-44,-43,-42,-41,-40,-39,-38,-37,-36,-35,-34,-33,-32,-31,-30,-29,-28,-27,-26,-25,-24,-23,-22,-21,-20,-19,-18,-17,-16,-15,-14,-13,-12,-11,-10,-9,-8,-7,-6,-5,-4,-3,-2,-1,0],"y":[16.056924134492874,16.031674843281507,16.080985635519028,15.980758845806122,16.01717738248408,15.915786439552903,16.055140832439065,16.08324498310685,16.21286205202341,15.926905531436205,15.942338528111577,15.85137615352869,16.061377588659525,16.141890881583095,15.923908527940512,16.211880680173635,16.0616933144629,15.98768182657659,16.439111666753888,16.15487114340067,16.150593085214496,"","","",15.994256203994155,16.031563315540552,"","",15.933775533000016,15.484317331050988,15.040122644044459,15.046354067977518,15.78528604703024,15.671227525919676,15.736422633752227,15.76680399896577,15.915028448682278,15.909990727901459,"","",15.629262669000127,15.717228673005593,"",15.898372043040581,15.943974954076111,15.860600971034728,15.86866736097727,15.797443290008232,16.172185717965476,15.82418581400998],"yaxis":"y4","type":"scatter","xaxis":"x4","marker":{"size":8},"hoverinfo":"text+x","mode":"lines+markers","showlegend":true},{"line":{"color":"#850e04","width":0.5},"name":"gams","text":["18.96120090968907s, 2023-11-03, 70ef6e48","18.953744176775217s, 2023-11-06, 2709a6df","19.029834942892194s, 2023-11-08, 670d8a1f","18.948329029604793s, 2023-11-08, 555c10cf","18.658905947580934s, 2023-11-09, 71787b72","19.111859411001205s, 2023-11-15, 15a7bff8","19.09792961925268s, 2023-11-20, 061571bf","18.941545641049743s, 2023-11-20, 05ac00c9","18.965608455240726s, 2023-11-27, 4a490392","19.241311376914382s, 2023-11-27, 90291b06","18.941814180463552s, 2023-11-27, 1be704c4","18.5989913251251s, 2023-11-27, ae85c0c9","18.7501241248101s, 2023-11-27, d960c576","18.85590185597539s, 2023-11-27, ac40ca33","18.902768336236477s, 2023-11-28, 7c18cdd4","18.992243265733123s, 2023-11-28, 500fbc74","18.93323373608291s, 2023-11-28, 91729ba4","18.99961750023067s, 2023-11-30, c6964300","19.11962376907468s, 2023-11-30, 3b0edaff","18.890921223908663s, 2023-11-30, c2475d8e","18.96134365722537s, 2023-12-01, c1e3d846","s, , ","s, , ","s, , ","19.128398710861802s, 2023-12-08, 3449d04b","18.86784121952951s, 2023-12-11, 4e5121a5","s, , ","s, , ","19.033077450999826s, 2023-12-15, 3bab26c6","18.467504069034476s, 2023-12-19, d5b53d5e","17.894471740117297s, 2024-01-08, 13a32346","17.84304012893699s, 2024-01-08, ea3e3ee7","18.680319997947663s, 2024-01-09, c5384ed6","18.664727047085762s, 2024-01-09, d04f6bbe","18.64551162207499s, 2024-01-11, a53bebcf","18.67034689988941s, 2024-01-13, 98537e0d","18.644008482806385s, 2024-01-16, ff3c4716","18.611414331942797s, 2024-01-16, 306bb69c","s, , ","s, , ","18.451158311999734s, 2024-01-17, 6d392a89","18.91319515199575s, 2024-01-18, 74f18cfd","s, , ","18.907116532034706s, 2024-01-22, 74f18cfd","18.925490890047513s, 2024-01-23, 6638839c","18.642779923044145s, 2024-01-24, 85b63ab6","19.02914718410466s, 2024-01-24, 4d1a4edb","19.15645071095787s, 2024-01-24, 6b36613d","18.890392643981613s, 2024-01-26, 00748f48","18.67356107593514s, 2024-01-26, f7fa2239"],"x":[-49,-48,-47,-46,-45,-44,-43,-42,-41,-40,-39,-38,-37,-36,-35,-34,-33,-32,-31,-30,-29,-28,-27,-26,-25,-24,-23,-22,-21,-20,-19,-18,-17,-16,-15,-14,-13,-12,-11,-10,-9,-8,-7,-6,-5,-4,-3,-2,-1,0],"y":[18.96120090968907,18.953744176775217,19.029834942892194,18.948329029604793,18.658905947580934,19.111859411001205,19.09792961925268,18.941545641049743,18.965608455240726,19.241311376914382,18.941814180463552,18.5989913251251,18.7501241248101,18.85590185597539,18.902768336236477,18.992243265733123,18.93323373608291,18.99961750023067,19.11962376907468,18.890921223908663,18.96134365722537,"","","",19.128398710861802,18.86784121952951,"","",19.033077450999826,18.467504069034476,17.894471740117297,17.84304012893699,18.680319997947663,18.664727047085762,18.64551162207499,18.67034689988941,18.644008482806385,18.611414331942797,"","",18.451158311999734,18.91319515199575,"",18.907116532034706,18.925490890047513,18.642779923044145,19.02914718410466,19.15645071095787,18.890392643981613,18.67356107593514],"yaxis":"y5","type":"scatter","xaxis":"x5","marker":{"size":8},"hoverinfo":"text+x","mode":"lines+markers","showlegend":true},{"line":{"color":"#3e82fc","width":0.5},"name":"test_time","text":["72.59877336397767s, 2023-11-03, 70ef6e48","71.95088250935078s, 2023-11-06, 2709a6df","72.33147704415023s, 2023-11-08, 670d8a1f","72.10101534985006s, 2023-11-08, 555c10cf","71.26259502954781s, 2023-11-09, 71787b72","71.73640991561115s, 2023-11-15, 15a7bff8","72.19856580719352s, 2023-11-20, 061571bf","71.63938655145466s, 2023-11-20, 05ac00c9","71.94824804924428s, 2023-11-27, 4a490392","72.14224369078875s, 2023-11-27, 90291b06","71.88866812549531s, 2023-11-27, 1be704c4","70.85759924165905s, 2023-11-27, ae85c0c9","71.21748336404562s, 2023-11-27, d960c576","71.5682559479028s, 2023-11-27, ac40ca33","71.43684763647616s, 2023-11-28, 7c18cdd4","71.88982786424458s, 2023-11-28, 500fbc74","71.71975262276828s, 2023-11-28, 91729ba4","72.48417890071869s, 2023-11-30, c6964300","72.73519578576088s, 2023-11-30, 3b0edaff","72.09393691271544s, 2023-11-30, c2475d8e","72.21523435227573s, 2023-12-01, c1e3d846","s, , ","s, , ","s, , ","72.43798640742898s, 2023-12-08, 3449d04b","72.63732951693237s, 2023-12-11, 4e5121a5","s, , ","s, , ","72.03454494399989s, 2023-12-15, 3bab26c6","69.13470611901721s, 2023-12-19, d5b53d5e","67.60944350087084s, 2024-01-08, 13a32346","67.60850710910745s, 2024-01-08, ea3e3ee7","70.54212049208581s, 2024-01-09, c5384ed6","70.0859720618464s, 2024-01-09, d04f6bbe","70.20689414581284s, 2024-01-11, a53bebcf","70.52043377701193s, 2024-01-13, 98537e0d","70.74670957494527s, 2024-01-16, ff3c4716","70.85292784683406s, 2024-01-16, 306bb69c","s, , ","s, , ","69.78995841000005s, 2024-01-17, 6d392a89","70.19428496500768s, 2024-01-18, 74f18cfd","s, , ","70.90114960196661s, 2024-01-22, 74f18cfd","71.09166572603863s, 2024-01-23, 6638839c","70.56017157796305s, 2024-01-24, 85b63ab6","70.66842474706937s, 2024-01-24, 4d1a4edb","71.06824378599413s, 2024-01-24, 6b36613d","72.00324020802509s, 2024-01-26, 00748f48","70.5050451940624s, 2024-01-26, f7fa2239"],"x":[-49,-48,-47,-46,-45,-44,-43,-42,-41,-40,-39,-38,-37,-36,-35,-34,-33,-32,-31,-30,-29,-28,-27,-26,-25,-24,-23,-22,-21,-20,-19,-18,-17,-16,-15,-14,-13,-12,-11,-10,-9,-8,-7,-6,-5,-4,-3,-2,-1,0],"y":[72.59877336397767,71.95088250935078,72.33147704415023,72.10101534985006,71.26259502954781,71.73640991561115,72.19856580719352,71.63938655145466,71.94824804924428,72.14224369078875,71.88866812549531,70.85759924165905,71.21748336404562,71.5682559479028,71.43684763647616,71.88982786424458,71.71975262276828,72.48417890071869,72.73519578576088,72.09393691271544,72.21523435227573,"","","",72.43798640742898,72.63732951693237,"","",72.03454494399989,69.13470611901721,67.60944350087084,67.60850710910745,70.54212049208581,70.0859720618464,70.20689414581284,70.52043377701193,70.74670957494527,70.85292784683406,"","",69.78995841000005,70.19428496500768,"",70.90114960196661,71.09166572603863,70.56017157796305,70.66842474706937,71.06824378599413,72.00324020802509,70.5050451940624],"yaxis":"y6","type":"scatter","xaxis":"x6","marker":{"size":8},"hoverinfo":"text+x","mode":"lines+markers","showlegend":true}],                        {"template":{"data":{"barpolar":[{"marker":{"line":{"color":"white","width":0.5},"pattern":{"fillmode":"overlay","size":10,"solidity":0.2}},"type":"barpolar"}],"bar":[{"error_x":{"color":"#2a3f5f"},"error_y":{"color":"#2a3f5f"},"marker":{"line":{"color":"white","width":0.5},"pattern":{"fillmode":"overlay","size":10,"solidity":0.2}},"type":"bar"}],"carpet":[{"aaxis":{"endlinecolor":"#2a3f5f","gridcolor":"#C8D4E3","linecolor":"#C8D4E3","minorgridcolor":"#C8D4E3","startlinecolor":"#2a3f5f"},"baxis":{"endlinecolor":"#2a3f5f","gridcolor":"#C8D4E3","linecolor":"#C8D4E3","minorgridcolor":"#C8D4E3","startlinecolor":"#2a3f5f"},"type":"carpet"}],"choropleth":[{"colorbar":{"outlinewidth":0,"ticks":""},"type":"choropleth"}],"contourcarpet":[{"colorbar":{"outlinewidth":0,"ticks":""},"type":"contourcarpet"}],"contour":[{"colorbar":{"outlinewidth":0,"ticks":""},"colorscale":[[0.0,"#0d0887"],[0.1111111111111111,"#46039f"],[0.2222222222222222,"#7201a8"],[0.3333333333333333,"#9c179e"],[0.4444444444444444,"#bd3786"],[0.5555555555555556,"#d8576b"],[0.6666666666666666,"#ed7953"],[0.7777777777777778,"#fb9f3a"],[0.8888888888888888,"#fdca26"],[1.0,"#f0f921"]],"type":"contour"}],"heatmapgl":[{"colorbar":{"outlinewidth":0,"ticks":""},"colorscale":[[0.0,"#0d0887"],[0.1111111111111111,"#46039f"],[0.2222222222222222,"#7201a8"],[0.3333333333333333,"#9c179e"],[0.4444444444444444,"#bd3786"],[0.5555555555555556,"#d8576b"],[0.6666666666666666,"#ed7953"],[0.7777777777777778,"#fb9f3a"],[0.8888888888888888,"#fdca26"],[1.0,"#f0f921"]],"type":"heatmapgl"}],"heatmap":[{"colorbar":{"outlinewidth":0,"ticks":""},"colorscale":[[0.0,"#0d0887"],[0.1111111111111111,"#46039f"],[0.2222222222222222,"#7201a8"],[0.3333333333333333,"#9c179e"],[0.4444444444444444,"#bd3786"],[0.5555555555555556,"#d8576b"],[0.6666666666666666,"#ed7953"],[0.7777777777777778,"#fb9f3a"],[0.8888888888888888,"#fdca26"],[1.0,"#f0f921"]],"type":"heatmap"}],"histogram2dcontour":[{"colorbar":{"outlinewidth":0,"ticks":""},"colorscale":[[0.0,"#0d0887"],[0.1111111111111111,"#46039f"],[0.2222222222222222,"#7201a8"],[0.3333333333333333,"#9c179e"],[0.4444444444444444,"#bd3786"],[0.5555555555555556,"#d8576b"],[0.6666666666666666,"#ed7953"],[0.7777777777777778,"#fb9f3a"],[0.8888888888888888,"#fdca26"],[1.0,"#f0f921"]],"type":"histogram2dcontour"}],"histogram2d":[{"colorbar":{"outlinewidth":0,"ticks":""},"colorscale":[[0.0,"#0d0887"],[0.1111111111111111,"#46039f"],[0.2222222222222222,"#7201a8"],[0.3333333333333333,"#9c179e"],[0.4444444444444444,"#bd3786"],[0.5555555555555556,"#d8576b"],[0.6666666666666666,"#ed7953"],[0.7777777777777778,"#fb9f3a"],[0.8888888888888888,"#fdca26"],[1.0,"#f0f921"]],"type":"histogram2d"}],"histogram":[{"marker":{"pattern":{"fillmode":"overlay","size":10,"solidity":0.2}},"type":"histogram"}],"mesh3d":[{"colorbar":{"outlinewidth":0,"ticks":""},"type":"mesh3d"}],"parcoords":[{"line":{"colorbar":{"outlinewidth":0,"ticks":""}},"type":"parcoords"}],"pie":[{"automargin":true,"type":"pie"}],"scatter3d":[{"line":{"colorbar":{"outlinewidth":0,"ticks":""}},"marker":{"colorbar":{"outlinewidth":0,"ticks":""}},"type":"scatter3d"}],"scattercarpet":[{"marker":{"colorbar":{"outlinewidth":0,"ticks":""}},"type":"scattercarpet"}],"scattergeo":[{"marker":{"colorbar":{"outlinewidth":0,"ticks":""}},"type":"scattergeo"}],"scattergl":[{"marker":{"colorbar":{"outlinewidth":0,"ticks":""}},"type":"scattergl"}],"scattermapbox":[{"marker":{"colorbar":{"outlinewidth":0,"ticks":""}},"type":"scattermapbox"}],"scatterpolargl":[{"marker":{"colorbar":{"outlinewidth":0,"ticks":""}},"type":"scatterpolargl"}],"scatterpolar":[{"marker":{"colorbar":{"outlinewidth":0,"ticks":""}},"type":"scatterpolar"}],"scatter":[{"fillpattern":{"fillmode":"overlay","size":10,"solidity":0.2},"type":"scatter"}],"scatterternary":[{"marker":{"colorbar":{"outlinewidth":0,"ticks":""}},"type":"scatterternary"}],"surface":[{"colorbar":{"outlinewidth":0,"ticks":""},"colorscale":[[0.0,"#0d0887"],[0.1111111111111111,"#46039f"],[0.2222222222222222,"#7201a8"],[0.3333333333333333,"#9c179e"],[0.4444444444444444,"#bd3786"],[0.5555555555555556,"#d8576b"],[0.6666666666666666,"#ed7953"],[0.7777777777777778,"#fb9f3a"],[0.8888888888888888,"#fdca26"],[1.0,"#f0f921"]],"type":"surface"}],"table":[{"cells":{"fill":{"color":"#EBF0F8"},"line":{"color":"white"}},"header":{"fill":{"color":"#C8D4E3"},"line":{"color":"white"}},"type":"table"}]},"layout":{"annotationdefaults":{"arrowcolor":"#2a3f5f","arrowhead":0,"arrowwidth":1},"autotypenumbers":"strict","coloraxis":{"colorbar":{"outlinewidth":0,"ticks":""}},"colorscale":{"diverging":[[0,"#8e0152"],[0.1,"#c51b7d"],[0.2,"#de77ae"],[0.3,"#f1b6da"],[0.4,"#fde0ef"],[0.5,"#f7f7f7"],[0.6,"#e6f5d0"],[0.7,"#b8e186"],[0.8,"#7fbc41"],[0.9,"#4d9221"],[1,"#276419"]],"sequential":[[0.0,"#0d0887"],[0.1111111111111111,"#46039f"],[0.2222222222222222,"#7201a8"],[0.3333333333333333,"#9c179e"],[0.4444444444444444,"#bd3786"],[0.5555555555555556,"#d8576b"],[0.6666666666666666,"#ed7953"],[0.7777777777777778,"#fb9f3a"],[0.8888888888888888,"#fdca26"],[1.0,"#f0f921"]],"sequentialminus":[[0.0,"#0d0887"],[0.1111111111111111,"#46039f"],[0.2222222222222222,"#7201a8"],[0.3333333333333333,"#9c179e"],[0.4444444444444444,"#bd3786"],[0.5555555555555556,"#d8576b"],[0.6666666666666666,"#ed7953"],[0.7777777777777778,"#fb9f3a"],[0.8888888888888888,"#fdca26"],[1.0,"#f0f921"]]},"colorway":["#636efa","#EF553B","#00cc96","#ab63fa","#FFA15A","#19d3f3","#FF6692","#B6E880","#FF97FF","#FECB52"],"font":{"color":"#2a3f5f"},"geo":{"bgcolor":"white","lakecolor":"white","landcolor":"white","showlakes":true,"showland":true,"subunitcolor":"#C8D4E3"},"hoverlabel":{"align":"left"},"hovermode":"closest","mapbox":{"style":"light"},"paper_bgcolor":"white","plot_bgcolor":"white","polar":{"angularaxis":{"gridcolor":"#EBF0F8","linecolor":"#EBF0F8","ticks":""},"bgcolor":"white","radialaxis":{"gridcolor":"#EBF0F8","linecolor":"#EBF0F8","ticks":""}},"scene":{"xaxis":{"backgroundcolor":"white","gridcolor":"#DFE8F3","gridwidth":2,"linecolor":"#EBF0F8","showbackground":true,"ticks":"","zerolinecolor":"#EBF0F8"},"yaxis":{"backgroundcolor":"white","gridcolor":"#DFE8F3","gridwidth":2,"linecolor":"#EBF0F8","showbackground":true,"ticks":"","zerolinecolor":"#EBF0F8"},"zaxis":{"backgroundcolor":"white","gridcolor":"#DFE8F3","gridwidth":2,"linecolor":"#EBF0F8","showbackground":true,"ticks":"","zerolinecolor":"#EBF0F8"}},"shapedefaults":{"line":{"color":"#2a3f5f"}},"ternary":{"aaxis":{"gridcolor":"#DFE8F3","linecolor":"#A2B1C6","ticks":""},"baxis":{"gridcolor":"#DFE8F3","linecolor":"#A2B1C6","ticks":""},"bgcolor":"white","caxis":{"gridcolor":"#DFE8F3","linecolor":"#A2B1C6","ticks":""}},"title":{"x":0.05},"xaxis":{"automargin":true,"gridcolor":"#EBF0F8","linecolor":"#EBF0F8","ticks":"","title":{"standoff":15},"zerolinecolor":"#EBF0F8","zerolinewidth":2},"yaxis":{"automargin":true,"gridcolor":"#EBF0F8","linecolor":"#EBF0F8","ticks":"","title":{"standoff":15},"zerolinecolor":"#EBF0F8","zerolinewidth":2}}},"xaxis":{"anchor":"y","domain":[0.0,1.0],"autorange":true,"range":[-49,0],"type":"linear","showticklabels":true},"yaxis":{"anchor":"x","domain":[0.0,0.16666666666666666],"tickfont":{"color":"#ff0789","size":9},"autorange":true,"fixedrange":false,"mirror":true,"showline":true,"side":"left","tickmode":"auto","ticks":"","tickson":"boundaries","type":"linear","zeroline":false,"automargin":false},"xaxis2":{"anchor":"y2","domain":[0.0,1.0],"showticklabels":false},"yaxis2":{"anchor":"x","domain":[0.16666666666666666,0.3333333333333333],"tickfont":{"color":"#966ebd","size":9},"autorange":true,"fixedrange":false,"mirror":true,"showline":true,"side":"left","tickmode":"auto","ticks":"","tickson":"boundaries","type":"linear","zeroline":false},"xaxis3":{"anchor":"y3","domain":[0.0,1.0],"showticklabels":false},"yaxis3":{"anchor":"x","domain":[0.3333333333333333,0.5],"tickfont":{"color":"#ad900d","size":9},"autorange":true,"fixedrange":false,"mirror":true,"showline":true,"side":"left","tickmode":"auto","ticks":"","tickson":"boundaries","type":"linear","zeroline":false},"xaxis4":{"anchor":"y4","domain":[0.0,1.0],"showticklabels":false},"yaxis4":{"anchor":"x","domain":[0.5,0.6666666666666666],"tickfont":{"color":"#009337","size":9},"autorange":true,"fixedrange":false,"mirror":true,"showline":true,"side":"left","tickmode":"auto","ticks":"","tickson":"boundaries","type":"linear","zeroline":false},"xaxis5":{"anchor":"y5","domain":[0.0,1.0],"showticklabels":false},"yaxis5":{"anchor":"x","domain":[0.6666666666666666,0.8333333333333333],"tickfont":{"color":"#850e04","size":9},"autorange":true,"fixedrange":false,"mirror":true,"showline":true,"side":"left","tickmode":"auto","ticks":"","tickson":"boundaries","type":"linear","zeroline":false},"xaxis6":{"anchor":"y6","domain":[0.0,1.0],"showticklabels":false},"yaxis6":{"anchor":"x","domain":[0.8333333333333333,1.0],"tickfont":{"color":"#3e82fc","size":9},"autorange":true,"fixedrange":false,"mirror":true,"showline":true,"side":"left","tickmode":"auto","ticks":"","tickson":"boundaries","type":"linear","zeroline":false},"xaxis7":{"anchor":"y7","domain":[0.0,1.0],"showticklabels":false},"yaxis7":{"anchor":"x","domain":[1,1],"tickfont":{"color":"#fe420f","size":9},"autorange":true,"fixedrange":false,"mirror":true,"showline":true,"side":"left","tickmode":"auto","ticks":"","tickson":"boundaries","type":"linear","zeroline":false},"xaxis8":{"anchor":"y8","domain":[0.0,1.0],"showticklabels":false},"yaxis8":{"anchor":"x","domain":[1,1],"tickfont":{"color":"#fe828c","size":9},"autorange":true,"fixedrange":false,"mirror":true,"showline":true,"side":"left","tickmode":"auto","ticks":"","tickson":"boundaries","type":"linear","zeroline":false},"yaxis9":{"anchor":"x","autorange":true,"fixedrange":false,"domain":[1,1],"mirror":true,"showline":true,"side":"left","tickfont":{"color":"#85a3b2","size":9},"tickmode":"auto","ticks":"","tickson":"boundaries","type":"linear","zeroline":false},"yaxis10":{"anchor":"x","autorange":true,"fixedrange":false,"domain":[1,1],"mirror":true,"showline":true,"side":"left","tickfont":{"color":"#f0833a","size":9},"tickmode":"auto","ticks":"","tickson":"boundaries","type":"linear","zeroline":false},"legend":{"traceorder":"reversed","yanchor":"top","y":0.99,"xanchor":"left"},"margin":{"t":50,"b":50},"title":{"text":"Python = python-3.9, Problem = TestModels_test_uc_20140901_expected"},"dragmode":"zoom","hovermode":"x","height":900},                        {"responsive": true}                    )                };                            </script>        </div>
</body>
</html>