<html>
<head><meta charset="utf-8" /></head>
<body>
    <div>                        <script type="text/javascript">window.PlotlyConfig = {MathJaxConfig: 'local'};</script>
        <script charset="utf-8" src="https://cdn.plot.ly/plotly-2.35.2.min.js"></script>                <div id="cb953b1c-5eff-442f-8182-28b5e0008210" class="plotly-graph-div" style="height:900px; width:100%;"></div>            <script type="text/javascript">                                    window.PLOTLYENV=window.PLOTLYENV || {};                                    if (document.getElementById("cb953b1c-5eff-442f-8182-28b5e0008210")) {                    Plotly.newPlot(                        "cb953b1c-5eff-442f-8182-28b5e0008210",                        [{"line":{"color":"#ff0789","width":0.5},"name":"create_instance","text":["2.509258678997867s, 2025-03-02, 0c3571ed","2.5763116739690304s, 2025-03-03, fc7e91a7","2.5017935398500413s, 2025-03-03, 1177d93b","2.516428159084171s, 2025-03-04, 093efa2a","2.439784044865519s, 2025-03-05, 8883d75f","s, , ","2.5103259761817753s, 2025-03-05, 1b18e2e1","2.501511573093012s, 2025-03-08, db80ff9b","2.5003673899918795s, 2025-03-10, a1cf5551","2.5454065080266446s, 2025-03-11, e75a1be9","2.415166842052713s, 2025-03-11, 7d65d040","2.4424744229763746s, 2025-03-11, 5d96b240","2.4411632849987654s, 2025-03-12, 4da59c6e","2.816398779999872s, 2025-03-12, 4a90ead7","2.4912222520069918s, 2025-03-13, 27399451","2.5270025019999593s, 2025-03-19, 2d05305b","2.560073391068727s, 2025-03-20, f55b042a","2.495579767972231s, 2025-03-20, f93501c0","2.508394948905334s, 2025-03-24, a9d673d8","2.55009220703505s, 2025-03-27, fc9559fc","2.5670907630119473s, 2025-03-28, 6e71dec2","2.5562094908673316s, 2025-03-28, adb0ab16","2.445287470938638s, 2025-03-28, b524a24e","2.5319215450435877s, 2025-03-31, 3c06a2ec","2.4271702251862735s, 2025-03-31, 11fa6749","2.5417246429715306s, 2025-04-01, 8f07dc91","2.5346989089157432s, 2025-04-01, 8f07dc91","2.5345522928982973s, 2025-04-01, fa15cc7d","2.432604548987001s, 2025-04-02, f592b945","2.5519304028712213s, 2025-04-04, cfc08502","2.5225343839265406s, 2025-04-04, 166119ab","2.410932941827923s, 2025-04-08, d329ee1d","2.443926912266761s, 2025-04-08, 5e49df7e","2.3912851770001s, 2025-04-09, d2dc334f","2.585037327000464s, 2025-04-09, a3a0f7d6","2.3884037009993335s, 2025-04-09, d1a507f3","2.440863182011526s, 2025-04-11, a70451d0","2.3972516810172237s, 2025-04-14, c1625b9c","2.4000773950247094s, 2025-04-14, 0b582943","2.4181612649699673s, 2025-04-15, 5ae07c8e","2.389216881012544s, 2025-04-15, c5a50b76","2.338575348025188s, 2025-04-16, dceceb11","3.2565143239917234s, 2025-04-16, 6f2a50ed","2.304804913001135s, 2025-04-16, ae2750ec","2.644282530993223s, 2025-04-16, 0c65644b","2.4461992440046743s, 2025-04-16, b7ea8ce5","2.441496028797701s, 2025-04-24, 79e2acb5","2.3475873740389943s, 2025-04-28, 1f46931f","2.4087526130024344s, 2025-04-29, 55d55a68","2.405834710923955s, 2025-04-30, 175353ce"],"x":[-49,-48,-47,-46,-45,-44,-43,-42,-41,-40,-39,-38,-37,-36,-35,-34,-33,-32,-31,-30,-29,-28,-27,-26,-25,-24,-23,-22,-21,-20,-19,-18,-17,-16,-15,-14,-13,-12,-11,-10,-9,-8,-7,-6,-5,-4,-3,-2,-1,0],"y":[2.509258678997867,2.5763116739690304,2.5017935398500413,2.516428159084171,2.439784044865519,"",2.5103259761817753,2.501511573093012,2.5003673899918795,2.5454065080266446,2.415166842052713,2.4424744229763746,2.4411632849987654,2.816398779999872,2.4912222520069918,2.5270025019999593,2.560073391068727,2.495579767972231,2.508394948905334,2.55009220703505,2.5670907630119473,2.5562094908673316,2.445287470938638,2.5319215450435877,2.4271702251862735,2.5417246429715306,2.5346989089157432,2.5345522928982973,2.432604548987001,2.5519304028712213,2.5225343839265406,2.410932941827923,2.443926912266761,2.3912851770001,2.585037327000464,2.3884037009993335,2.440863182011526,2.3972516810172237,2.4000773950247094,2.4181612649699673,2.389216881012544,2.338575348025188,3.2565143239917234,2.304804913001135,2.644282530993223,2.4461992440046743,2.441496028797701,2.3475873740389943,2.4087526130024344,2.405834710923955],"yaxis":"y","type":"scatter","xaxis":"x","marker":{"size":8},"hoverinfo":"text+x","mode":"lines+markers","showlegend":true},{"line":{"color":"#966ebd","width":0.5},"name":"test_time","text":["23.197917702957056s, 2025-03-02, 0c3571ed","23.474286482902244s, 2025-03-03, fc7e91a7","23.30335982213728s, 2025-03-03, 1177d93b","23.403098858892918s, 2025-03-04, 093efa2a","23.328639440005645s, 2025-03-05, 8883d75f","s, , ","23.476218232885003s, 2025-03-05, 1b18e2e1","23.50958547089249s, 2025-03-08, db80ff9b","23.65534967300482s, 2025-03-10, a1cf5551","23.352334972005337s, 2025-03-11, e75a1be9","23.048098800936714s, 2025-03-11, 7d65d040","22.963739957893267s, 2025-03-11, 5d96b240","23.37425978900137s, 2025-03-12, 4da59c6e","26.66488371399828s, 2025-03-12, 4a90ead7","23.54805096099153s, 2025-03-13, 27399451","23.306865007965825s, 2025-03-19, 2d05305b","23.357767264009453s, 2025-03-20, f55b042a","23.394060223014094s, 2025-03-20, f93501c0","23.285311925923452s, 2025-03-24, a9d673d8","23.78598013613373s, 2025-03-27, fc9559fc","23.27895564516075s, 2025-03-28, 6e71dec2","23.481899801874533s, 2025-03-28, adb0ab16","22.960508710937575s, 2025-03-28, b524a24e","23.399321580072865s, 2025-03-31, 3c06a2ec","23.186542506096885s, 2025-03-31, 11fa6749","23.703893891070038s, 2025-04-01, 8f07dc91","23.33536328491755s, 2025-04-01, 8f07dc91","23.280914298957214s, 2025-04-01, fa15cc7d","23.063070859992877s, 2025-04-02, f592b945","23.589414512040094s, 2025-04-04, cfc08502","23.342358478810638s, 2025-04-04, 166119ab","23.247904676012695s, 2025-04-08, d329ee1d","23.28543989127502s, 2025-04-08, 5e49df7e","23.623011353000038s, 2025-04-09, d2dc334f","23.650823987998592s, 2025-04-09, a3a0f7d6","24.073372786995606s, 2025-04-09, d1a507f3","23.95849002400064s, 2025-04-11, a70451d0","23.655928166001104s, 2025-04-14, c1625b9c","23.71106174000306s, 2025-04-14, 0b582943","23.73614393605385s, 2025-04-15, 5ae07c8e","24.005535391974263s, 2025-04-15, c5a50b76","23.639630116987973s, 2025-04-16, dceceb11","24.470545510062948s, 2025-04-16, 6f2a50ed","23.531055831932463s, 2025-04-16, ae2750ec","27.174081107019447s, 2025-04-16, 0c65644b","24.20268076506909s, 2025-04-16, b7ea8ce5","24.250424501951784s, 2025-04-24, 79e2acb5","23.667050468968228s, 2025-04-28, 1f46931f","24.26873397314921s, 2025-04-29, 55d55a68","24.34664532984607s, 2025-04-30, 175353ce"],"x":[-49,-48,-47,-46,-45,-44,-43,-42,-41,-40,-39,-38,-37,-36,-35,-34,-33,-32,-31,-30,-29,-28,-27,-26,-25,-24,-23,-22,-21,-20,-19,-18,-17,-16,-15,-14,-13,-12,-11,-10,-9,-8,-7,-6,-5,-4,-3,-2,-1,0],"y":[23.197917702957056,23.474286482902244,23.30335982213728,23.403098858892918,23.328639440005645,"",23.476218232885003,23.50958547089249,23.65534967300482,23.352334972005337,23.048098800936714,22.963739957893267,23.37425978900137,26.66488371399828,23.54805096099153,23.306865007965825,23.357767264009453,23.394060223014094,23.285311925923452,23.78598013613373,23.27895564516075,23.481899801874533,22.960508710937575,23.399321580072865,23.186542506096885,23.703893891070038,23.33536328491755,23.280914298957214,23.063070859992877,23.589414512040094,23.342358478810638,23.247904676012695,23.28543989127502,23.623011353000038,23.650823987998592,24.073372786995606,23.95849002400064,23.655928166001104,23.71106174000306,23.73614393605385,24.005535391974263,23.639630116987973,24.470545510062948,23.531055831932463,27.174081107019447,24.20268076506909,24.250424501951784,23.667050468968228,24.26873397314921,24.34664532984607],"yaxis":"y2","type":"scatter","xaxis":"x2","marker":{"size":8},"hoverinfo":"text+x","mode":"lines+markers","showlegend":true},{"line":{"color":"#ad900d","width":0.5},"name":"nl","text":["3.3816712429979816s, 2025-03-02, 0c3571ed","3.4328417608048767s, 2025-03-03, fc7e91a7","3.4025816519279033s, 2025-03-03, 1177d93b","3.3820408708415926s, 2025-03-04, 093efa2a","3.347212851047516s, 2025-03-05, 8883d75f","s, , ","3.4202043011318892s, 2025-03-05, 1b18e2e1","3.3908119469415396s, 2025-03-08, db80ff9b","3.402791931061074s, 2025-03-10, a1cf5551","3.379507852019742s, 2025-03-11, e75a1be9","3.341072259005159s, 2025-03-11, 7d65d040","3.3307732499670237s, 2025-03-11, 5d96b240","3.3408956530001888s, 2025-03-12, 4da59c6e","3.8929375919979066s, 2025-03-12, 4a90ead7","3.3793709589954233s, 2025-03-13, 27399451","3.4135436300421134s, 2025-03-19, 2d05305b","3.386988087906502s, 2025-03-20, f55b042a","3.430437747039832s, 2025-03-20, f93501c0","3.424530029995367s, 2025-03-24, a9d673d8","3.4096617940813303s, 2025-03-27, fc9559fc","3.395128166070208s, 2025-03-28, 6e71dec2","3.41672582202591s, 2025-03-28, adb0ab16","3.3717402720358223s, 2025-03-28, b524a24e","3.388890016125515s, 2025-03-31, 3c06a2ec","3.369563888059929s, 2025-03-31, 11fa6749","3.4082473849412054s, 2025-04-01, 8f07dc91","3.4202921430114657s, 2025-04-01, 8f07dc91","3.414713412988931s, 2025-04-01, fa15cc7d","3.4101298360619694s, 2025-04-02, f592b945","3.518883439945057s, 2025-04-04, cfc08502","3.454349699895829s, 2025-04-04, 166119ab","3.4711798578500748s, 2025-04-08, d329ee1d","3.4618449811823666s, 2025-04-08, 5e49df7e","3.4055294200006756s, 2025-04-09, d2dc334f","3.638078724998195s, 2025-04-09, a3a0f7d6","3.3996975919944816s, 2025-04-09, d1a507f3","3.403373006993206s, 2025-04-11, a70451d0","3.9789311620406806s, 2025-04-14, c1625b9c","3.4180877840262838s, 2025-04-14, 0b582943","3.3975948289735243s, 2025-04-15, 5ae07c8e","3.425611612969078s, 2025-04-15, c5a50b76","3.384265672066249s, 2025-04-16, dceceb11","3.446325054974295s, 2025-04-16, 6f2a50ed","3.3561666960595176s, 2025-04-16, ae2750ec","4.679729097057134s, 2025-04-16, 0c65644b","3.445525891962461s, 2025-04-16, b7ea8ce5","3.46695978497155s, 2025-04-24, 79e2acb5","3.377798300003633s, 2025-04-28, 1f46931f","4.039668743964285s, 2025-04-29, 55d55a68","3.4566506478004158s, 2025-04-30, 175353ce"],"x":[-49,-48,-47,-46,-45,-44,-43,-42,-41,-40,-39,-38,-37,-36,-35,-34,-33,-32,-31,-30,-29,-28,-27,-26,-25,-24,-23,-22,-21,-20,-19,-18,-17,-16,-15,-14,-13,-12,-11,-10,-9,-8,-7,-6,-5,-4,-3,-2,-1,0],"y":[3.3816712429979816,3.4328417608048767,3.4025816519279033,3.3820408708415926,3.347212851047516,"",3.4202043011318892,3.3908119469415396,3.402791931061074,3.379507852019742,3.341072259005159,3.3307732499670237,3.3408956530001888,3.8929375919979066,3.3793709589954233,3.4135436300421134,3.386988087906502,3.430437747039832,3.424530029995367,3.4096617940813303,3.395128166070208,3.41672582202591,3.3717402720358223,3.388890016125515,3.369563888059929,3.4082473849412054,3.4202921430114657,3.414713412988931,3.4101298360619694,3.518883439945057,3.454349699895829,3.4711798578500748,3.4618449811823666,3.4055294200006756,3.638078724998195,3.3996975919944816,3.403373006993206,3.9789311620406806,3.4180877840262838,3.3975948289735243,3.425611612969078,3.384265672066249,3.446325054974295,3.3561666960595176,4.679729097057134,3.445525891962461,3.46695978497155,3.377798300003633,4.039668743964285,3.4566506478004158],"yaxis":"y3","type":"scatter","xaxis":"x3","marker":{"size":8},"hoverinfo":"text+x","mode":"lines+markers","showlegend":true},{"line":{"color":"#009337","width":0.5},"name":"lp","text":["3.6169127440080047s, 2025-03-02, 0c3571ed","3.556287824874744s, 2025-03-03, fc7e91a7","3.5868190368637443s, 2025-03-03, 1177d93b","3.5509544759988785s, 2025-03-04, 093efa2a","3.523446647915989s, 2025-03-05, 8883d75f","s, , ","3.605001435149461s, 2025-03-05, 1b18e2e1","3.582369805080816s, 2025-03-08, db80ff9b","3.5513667250052094s, 2025-03-10, a1cf5551","3.5699388650245965s, 2025-03-11, e75a1be9","3.608533794991672s, 2025-03-11, 7d65d040","3.5112957970704883s, 2025-03-11, 5d96b240","3.537210268998024s, 2025-03-12, 4da59c6e","4.232478807000007s, 2025-03-12, 4a90ead7","3.633815854002023s, 2025-03-13, 27399451","3.5633694670395926s, 2025-03-19, 2d05305b","3.5471846340224147s, 2025-03-20, f55b042a","3.601818799972534s, 2025-03-20, f93501c0","3.541126544121653s, 2025-03-24, a9d673d8","3.5999060850590467s, 2025-03-27, fc9559fc","3.5352147170342505s, 2025-03-28, 6e71dec2","3.549557972000912s, 2025-03-28, adb0ab16","3.5113642590586096s, 2025-03-28, b524a24e","3.553509200224653s, 2025-03-31, 3c06a2ec","3.488942116033286s, 2025-03-31, 11fa6749","3.5713299261406064s, 2025-04-01, 8f07dc91","3.566213245037943s, 2025-04-01, 8f07dc91","3.5091349680442363s, 2025-04-01, fa15cc7d","3.5370023229625076s, 2025-04-02, f592b945","3.579450209857896s, 2025-04-04, cfc08502","3.591931095113978s, 2025-04-04, 166119ab","3.5445840558968484s, 2025-04-08, d329ee1d","3.546263965778053s, 2025-04-08, 5e49df7e","3.574059384998691s, 2025-04-09, d2dc334f","3.563135759999568s, 2025-04-09, a3a0f7d6","4.168021305995353s, 2025-04-09, d1a507f3","3.588711622986011s, 2025-04-11, a70451d0","3.548236580041703s, 2025-04-14, c1625b9c","3.6642741810064763s, 2025-04-14, 0b582943","3.5544823079835624s, 2025-04-15, 5ae07c8e","3.5715117290383205s, 2025-04-15, c5a50b76","4.250237886910327s, 2025-04-16, dceceb11","3.594225305947475s, 2025-04-16, 6f2a50ed","3.490095148095861s, 2025-04-16, ae2750ec","4.146350833936594s, 2025-04-16, 0c65644b","3.6185990900266916s, 2025-04-16, b7ea8ce5","3.6225846130400896s, 2025-04-24, 79e2acb5","3.5107017050031573s, 2025-04-28, 1f46931f","3.60748417978175s, 2025-04-29, 55d55a68","3.611796998884529s, 2025-04-30, 175353ce"],"x":[-49,-48,-47,-46,-45,-44,-43,-42,-41,-40,-39,-38,-37,-36,-35,-34,-33,-32,-31,-30,-29,-28,-27,-26,-25,-24,-23,-22,-21,-20,-19,-18,-17,-16,-15,-14,-13,-12,-11,-10,-9,-8,-7,-6,-5,-4,-3,-2,-1,0],"y":[3.6169127440080047,3.556287824874744,3.5868190368637443,3.5509544759988785,3.523446647915989,"",3.605001435149461,3.582369805080816,3.5513667250052094,3.5699388650245965,3.608533794991672,3.5112957970704883,3.537210268998024,4.232478807000007,3.633815854002023,3.5633694670395926,3.5471846340224147,3.601818799972534,3.541126544121653,3.5999060850590467,3.5352147170342505,3.549557972000912,3.5113642590586096,3.553509200224653,3.488942116033286,3.5713299261406064,3.566213245037943,3.5091349680442363,3.5370023229625076,3.579450209857896,3.591931095113978,3.5445840558968484,3.546263965778053,3.574059384998691,3.563135759999568,4.168021305995353,3.588711622986011,3.548236580041703,3.6642741810064763,3.5544823079835624,3.5715117290383205,4.250237886910327,3.594225305947475,3.490095148095861,4.146350833936594,3.6185990900266916,3.6225846130400896,3.5107017050031573,3.60748417978175,3.611796998884529],"yaxis":"y4","type":"scatter","xaxis":"x4","marker":{"size":8},"hoverinfo":"text+x","mode":"lines+markers","showlegend":true},{"line":{"color":"#850e04","width":0.5},"name":"bar","text":["5.210948573076166s, 2025-03-02, 0c3571ed","5.257675742963329s, 2025-03-03, fc7e91a7","5.23004201380536s, 2025-03-03, 1177d93b","5.247392755933106s, 2025-03-04, 093efa2a","5.244676525006071s, 2025-03-05, 8883d75f","s, , ","5.36557039199397s, 2025-03-05, 1b18e2e1","5.310555706964806s, 2025-03-08, db80ff9b","5.571386191062629s, 2025-03-10, a1cf5551","5.35696893488057s, 2025-03-11, e75a1be9","5.299470711033791s, 2025-03-11, 7d65d040","5.225898403907195s, 2025-03-11, 5d96b240","5.249280801999703s, 2025-03-12, 4da59c6e","6.0410587990008935s, 2025-03-12, 4a90ead7","5.26395609100291s, 2025-03-13, 27399451","5.307100379955955s, 2025-03-19, 2d05305b","5.219991542049684s, 2025-03-20, f55b042a","5.295122326002456s, 2025-03-20, f93501c0","5.2438562461175025s, 2025-03-24, a9d673d8","5.491602928144857s, 2025-03-27, fc9559fc","5.223235192010179s, 2025-03-28, 6e71dec2","5.254129943205044s, 2025-03-28, adb0ab16","5.212745120981708s, 2025-03-28, b524a24e","5.243319543078542s, 2025-03-31, 3c06a2ec","5.220742812147364s, 2025-03-31, 11fa6749","5.348917133174837s, 2025-04-01, 8f07dc91","5.2910795321222395s, 2025-04-01, 8f07dc91","5.28183100791648s, 2025-04-01, fa15cc7d","5.261051996145397s, 2025-04-02, f592b945","5.250187299912795s, 2025-04-04, cfc08502","5.266159784048796s, 2025-04-04, 166119ab","5.312014749739319s, 2025-04-08, d329ee1d","5.252672911155969s, 2025-04-08, 5e49df7e","5.241650129999471s, 2025-04-09, d2dc334f","5.254125180999836s, 2025-04-09, a3a0f7d6","5.3426688609979465s, 2025-04-09, d1a507f3","5.305910773022333s, 2025-04-11, a70451d0","5.233325690962374s, 2025-04-14, c1625b9c","5.698514010000508s, 2025-04-14, 0b582943","5.274519150960259s, 2025-04-15, 5ae07c8e","5.25689470092766s, 2025-04-15, c5a50b76","5.219609662890434s, 2025-04-16, dceceb11","5.328458682983182s, 2025-04-16, 6f2a50ed","5.289369274978526s, 2025-04-16, ae2750ec","6.093494734028354s, 2025-04-16, 0c65644b","5.3112379719968885s, 2025-04-16, b7ea8ce5","5.374196422053501s, 2025-04-24, 79e2acb5","5.397697119042277s, 2025-04-28, 1f46931f","5.232136947102845s, 2025-04-29, 55d55a68","6.016909587895498s, 2025-04-30, 175353ce"],"x":[-49,-48,-47,-46,-45,-44,-43,-42,-41,-40,-39,-38,-37,-36,-35,-34,-33,-32,-31,-30,-29,-28,-27,-26,-25,-24,-23,-22,-21,-20,-19,-18,-17,-16,-15,-14,-13,-12,-11,-10,-9,-8,-7,-6,-5,-4,-3,-2,-1,0],"y":[5.210948573076166,5.257675742963329,5.23004201380536,5.247392755933106,5.244676525006071,"",5.36557039199397,5.310555706964806,5.571386191062629,5.35696893488057,5.299470711033791,5.225898403907195,5.249280801999703,6.0410587990008935,5.26395609100291,5.307100379955955,5.219991542049684,5.295122326002456,5.2438562461175025,5.491602928144857,5.223235192010179,5.254129943205044,5.212745120981708,5.243319543078542,5.220742812147364,5.348917133174837,5.2910795321222395,5.28183100791648,5.261051996145397,5.250187299912795,5.266159784048796,5.312014749739319,5.252672911155969,5.241650129999471,5.254125180999836,5.3426688609979465,5.305910773022333,5.233325690962374,5.698514010000508,5.274519150960259,5.25689470092766,5.219609662890434,5.328458682983182,5.289369274978526,6.093494734028354,5.3112379719968885,5.374196422053501,5.397697119042277,5.232136947102845,6.016909587895498],"yaxis":"y5","type":"scatter","xaxis":"x5","marker":{"size":8},"hoverinfo":"text+x","mode":"lines+markers","showlegend":true},{"line":{"color":"#3e82fc","width":0.5},"name":"gams","text":["6.574518487905152s, 2025-03-02, 0c3571ed","6.616934153018519s, 2025-03-03, fc7e91a7","6.636316559975967s, 2025-03-03, 1177d93b","6.603316634893417s, 2025-03-04, 093efa2a","6.605062265880406s, 2025-03-05, 8883d75f","s, , ","6.6498357760719955s, 2025-03-05, 1b18e2e1","6.543910726904869s, 2025-03-08, db80ff9b","6.544954885961488s, 2025-03-10, a1cf5551","6.559664438012987s, 2025-03-11, e75a1be9","6.433926575817168s, 2025-03-11, 7d65d040","6.532694288063794s, 2025-03-11, 5d96b240","6.723698398000124s, 2025-03-12, 4da59c6e","7.5836310500017134s, 2025-03-12, 4a90ead7","6.8178722400043625s, 2025-03-13, 27399451","6.55292519996874s, 2025-03-19, 2d05305b","6.69540872995276s, 2025-03-20, f55b042a","6.606917992932722s, 2025-03-20, f93501c0","6.600875056814402s, 2025-03-24, a9d673d8","6.656468539964408s, 2025-03-27, fc9559fc","6.651064204052091s, 2025-03-28, 6e71dec2","6.588962114183232s, 2025-03-28, adb0ab16","6.492360027041286s, 2025-03-28, b524a24e","6.776315913069993s, 2025-03-31, 3c06a2ec","6.628942866111174s, 2025-03-31, 11fa6749","6.621857502032071s, 2025-04-01, 8f07dc91","6.60696294112131s, 2025-04-01, 8f07dc91","6.6211122998502105s, 2025-04-01, fa15cc7d","6.517859631916508s, 2025-04-02, f592b945","6.7655663951300085s, 2025-04-04, cfc08502","6.58215152611956s, 2025-04-04, 166119ab","6.578512642066926s, 2025-04-08, d329ee1d","6.644142252858728s, 2025-04-08, 5e49df7e","7.04841174899957s, 2025-04-09, d2dc334f","6.606276766000519s, 2025-04-09, a3a0f7d6","6.591735267000331s, 2025-04-09, d1a507f3","7.274386472010519s, 2025-04-11, a70451d0","6.564235041034408s, 2025-04-14, c1625b9c","6.598044934973586s, 2025-04-14, 0b582943","7.150525950011797s, 2025-04-15, 5ae07c8e","7.240500540938228s, 2025-04-15, c5a50b76","6.5420693550258875s, 2025-04-16, dceceb11","6.75574388995301s, 2025-04-16, 6f2a50ed","7.155541975051165s, 2025-04-16, ae2750ec","7.43082685500849s, 2025-04-16, 0c65644b","7.273943456937559s, 2025-04-16, b7ea8ce5","7.242941339034587s, 2025-04-24, 79e2acb5","6.8361546588130295s, 2025-04-28, 1f46931f","6.8745550671592355s, 2025-04-29, 55d55a68","6.699421348050237s, 2025-04-30, 175353ce"],"x":[-49,-48,-47,-46,-45,-44,-43,-42,-41,-40,-39,-38,-37,-36,-35,-34,-33,-32,-31,-30,-29,-28,-27,-26,-25,-24,-23,-22,-21,-20,-19,-18,-17,-16,-15,-14,-13,-12,-11,-10,-9,-8,-7,-6,-5,-4,-3,-2,-1,0],"y":[6.574518487905152,6.616934153018519,6.636316559975967,6.603316634893417,6.605062265880406,"",6.6498357760719955,6.543910726904869,6.544954885961488,6.559664438012987,6.433926575817168,6.532694288063794,6.723698398000124,7.5836310500017134,6.8178722400043625,6.55292519996874,6.69540872995276,6.606917992932722,6.600875056814402,6.656468539964408,6.651064204052091,6.588962114183232,6.492360027041286,6.776315913069993,6.628942866111174,6.621857502032071,6.60696294112131,6.6211122998502105,6.517859631916508,6.7655663951300085,6.58215152611956,6.578512642066926,6.644142252858728,7.04841174899957,6.606276766000519,6.591735267000331,7.274386472010519,6.564235041034408,6.598044934973586,7.150525950011797,7.240500540938228,6.5420693550258875,6.75574388995301,7.155541975051165,7.43082685500849,7.273943456937559,7.242941339034587,6.8361546588130295,6.8745550671592355,6.699421348050237],"yaxis":"y6","type":"scatter","xaxis":"x6","marker":{"size":8},"hoverinfo":"text+x","mode":"lines+markers","showlegend":true}],                        {"template":{"data":{"barpolar":[{"marker":{"line":{"color":"white","width":0.5},"pattern":{"fillmode":"overlay","size":10,"solidity":0.2}},"type":"barpolar"}],"bar":[{"error_x":{"color":"#2a3f5f"},"error_y":{"color":"#2a3f5f"},"marker":{"line":{"color":"white","width":0.5},"pattern":{"fillmode":"overlay","size":10,"solidity":0.2}},"type":"bar"}],"carpet":[{"aaxis":{"endlinecolor":"#2a3f5f","gridcolor":"#C8D4E3","linecolor":"#C8D4E3","minorgridcolor":"#C8D4E3","startlinecolor":"#2a3f5f"},"baxis":{"endlinecolor":"#2a3f5f","gridcolor":"#C8D4E3","linecolor":"#C8D4E3","minorgridcolor":"#C8D4E3","startlinecolor":"#2a3f5f"},"type":"carpet"}],"choropleth":[{"colorbar":{"outlinewidth":0,"ticks":""},"type":"choropleth"}],"contourcarpet":[{"colorbar":{"outlinewidth":0,"ticks":""},"type":"contourcarpet"}],"contour":[{"colorbar":{"outlinewidth":0,"ticks":""},"colorscale":[[0.0,"#0d0887"],[0.1111111111111111,"#46039f"],[0.2222222222222222,"#7201a8"],[0.3333333333333333,"#9c179e"],[0.4444444444444444,"#bd3786"],[0.5555555555555556,"#d8576b"],[0.6666666666666666,"#ed7953"],[0.7777777777777778,"#fb9f3a"],[0.8888888888888888,"#fdca26"],[1.0,"#f0f921"]],"type":"contour"}],"heatmapgl":[{"colorbar":{"outlinewidth":0,"ticks":""},"colorscale":[[0.0,"#0d0887"],[0.1111111111111111,"#46039f"],[0.2222222222222222,"#7201a8"],[0.3333333333333333,"#9c179e"],[0.4444444444444444,"#bd3786"],[0.5555555555555556,"#d8576b"],[0.6666666666666666,"#ed7953"],[0.7777777777777778,"#fb9f3a"],[0.8888888888888888,"#fdca26"],[1.0,"#f0f921"]],"type":"heatmapgl"}],"heatmap":[{"colorbar":{"outlinewidth":0,"ticks":""},"colorscale":[[0.0,"#0d0887"],[0.1111111111111111,"#46039f"],[0.2222222222222222,"#7201a8"],[0.3333333333333333,"#9c179e"],[0.4444444444444444,"#bd3786"],[0.5555555555555556,"#d8576b"],[0.6666666666666666,"#ed7953"],[0.7777777777777778,"#fb9f3a"],[0.8888888888888888,"#fdca26"],[1.0,"#f0f921"]],"type":"heatmap"}],"histogram2dcontour":[{"colorbar":{"outlinewidth":0,"ticks":""},"colorscale":[[0.0,"#0d0887"],[0.1111111111111111,"#46039f"],[0.2222222222222222,"#7201a8"],[0.3333333333333333,"#9c179e"],[0.4444444444444444,"#bd3786"],[0.5555555555555556,"#d8576b"],[0.6666666666666666,"#ed7953"],[0.7777777777777778,"#fb9f3a"],[0.8888888888888888,"#fdca26"],[1.0,"#f0f921"]],"type":"histogram2dcontour"}],"histogram2d":[{"colorbar":{"outlinewidth":0,"ticks":""},"colorscale":[[0.0,"#0d0887"],[0.1111111111111111,"#46039f"],[0.2222222222222222,"#7201a8"],[0.3333333333333333,"#9c179e"],[0.4444444444444444,"#bd3786"],[0.5555555555555556,"#d8576b"],[0.6666666666666666,"#ed7953"],[0.7777777777777778,"#fb9f3a"],[0.8888888888888888,"#fdca26"],[1.0,"#f0f921"]],"type":"histogram2d"}],"histogram":[{"marker":{"pattern":{"fillmode":"overlay","size":10,"solidity":0.2}},"type":"histogram"}],"mesh3d":[{"colorbar":{"outlinewidth":0,"ticks":""},"type":"mesh3d"}],"parcoords":[{"line":{"colorbar":{"outlinewidth":0,"ticks":""}},"type":"parcoords"}],"pie":[{"automargin":true,"type":"pie"}],"scatter3d":[{"line":{"colorbar":{"outlinewidth":0,"ticks":""}},"marker":{"colorbar":{"outlinewidth":0,"ticks":""}},"type":"scatter3d"}],"scattercarpet":[{"marker":{"colorbar":{"outlinewidth":0,"ticks":""}},"type":"scattercarpet"}],"scattergeo":[{"marker":{"colorbar":{"outlinewidth":0,"ticks":""}},"type":"scattergeo"}],"scattergl":[{"marker":{"colorbar":{"outlinewidth":0,"ticks":""}},"type":"scattergl"}],"scattermapbox":[{"marker":{"colorbar":{"outlinewidth":0,"ticks":""}},"type":"scattermapbox"}],"scatterpolargl":[{"marker":{"colorbar":{"outlinewidth":0,"ticks":""}},"type":"scatterpolargl"}],"scatterpolar":[{"marker":{"colorbar":{"outlinewidth":0,"ticks":""}},"type":"scatterpolar"}],"scatter":[{"fillpattern":{"fillmode":"overlay","size":10,"solidity":0.2},"type":"scatter"}],"scatterternary":[{"marker":{"colorbar":{"outlinewidth":0,"ticks":""}},"type":"scatterternary"}],"surface":[{"colorbar":{"outlinewidth":0,"ticks":""},"colorscale":[[0.0,"#0d0887"],[0.1111111111111111,"#46039f"],[0.2222222222222222,"#7201a8"],[0.3333333333333333,"#9c179e"],[0.4444444444444444,"#bd3786"],[0.5555555555555556,"#d8576b"],[0.6666666666666666,"#ed7953"],[0.7777777777777778,"#fb9f3a"],[0.8888888888888888,"#fdca26"],[1.0,"#f0f921"]],"type":"surface"}],"table":[{"cells":{"fill":{"color":"#EBF0F8"},"line":{"color":"white"}},"header":{"fill":{"color":"#C8D4E3"},"line":{"color":"white"}},"type":"table"}]},"layout":{"annotationdefaults":{"arrowcolor":"#2a3f5f","arrowhead":0,"arrowwidth":1},"autotypenumbers":"strict","coloraxis":{"colorbar":{"outlinewidth":0,"ticks":""}},"colorscale":{"diverging":[[0,"#8e0152"],[0.1,"#c51b7d"],[0.2,"#de77ae"],[0.3,"#f1b6da"],[0.4,"#fde0ef"],[0.5,"#f7f7f7"],[0.6,"#e6f5d0"],[0.7,"#b8e186"],[0.8,"#7fbc41"],[0.9,"#4d9221"],[1,"#276419"]],"sequential":[[0.0,"#0d0887"],[0.1111111111111111,"#46039f"],[0.2222222222222222,"#7201a8"],[0.3333333333333333,"#9c179e"],[0.4444444444444444,"#bd3786"],[0.5555555555555556,"#d8576b"],[0.6666666666666666,"#ed7953"],[0.7777777777777778,"#fb9f3a"],[0.8888888888888888,"#fdca26"],[1.0,"#f0f921"]],"sequentialminus":[[0.0,"#0d0887"],[0.1111111111111111,"#46039f"],[0.2222222222222222,"#7201a8"],[0.3333333333333333,"#9c179e"],[0.4444444444444444,"#bd3786"],[0.5555555555555556,"#d8576b"],[0.6666666666666666,"#ed7953"],[0.7777777777777778,"#fb9f3a"],[0.8888888888888888,"#fdca26"],[1.0,"#f0f921"]]},"colorway":["#636efa","#EF553B","#00cc96","#ab63fa","#FFA15A","#19d3f3","#FF6692","#B6E880","#FF97FF","#FECB52"],"font":{"color":"#2a3f5f"},"geo":{"bgcolor":"white","lakecolor":"white","landcolor":"white","showlakes":true,"showland":true,"subunitcolor":"#C8D4E3"},"hoverlabel":{"align":"left"},"hovermode":"closest","mapbox":{"style":"light"},"paper_bgcolor":"white","plot_bgcolor":"white","polar":{"angularaxis":{"gridcolor":"#EBF0F8","linecolor":"#EBF0F8","ticks":""},"bgcolor":"white","radialaxis":{"gridcolor":"#EBF0F8","linecolor":"#EBF0F8","ticks":""}},"scene":{"xaxis":{"backgroundcolor":"white","gridcolor":"#DFE8F3","gridwidth":2,"linecolor":"#EBF0F8","showbackground":true,"ticks":"","zerolinecolor":"#EBF0F8"},"yaxis":{"backgroundcolor":"white","gridcolor":"#DFE8F3","gridwidth":2,"linecolor":"#EBF0F8","showbackground":true,"ticks":"","zerolinecolor":"#EBF0F8"},"zaxis":{"backgroundcolor":"white","gridcolor":"#DFE8F3","gridwidth":2,"linecolor":"#EBF0F8","showbackground":true,"ticks":"","zerolinecolor":"#EBF0F8"}},"shapedefaults":{"line":{"color":"#2a3f5f"}},"ternary":{"aaxis":{"gridcolor":"#DFE8F3","linecolor":"#A2B1C6","ticks":""},"baxis":{"gridcolor":"#DFE8F3","linecolor":"#A2B1C6","ticks":""},"bgcolor":"white","caxis":{"gridcolor":"#DFE8F3","linecolor":"#A2B1C6","ticks":""}},"title":{"x":0.05},"xaxis":{"automargin":true,"gridcolor":"#EBF0F8","linecolor":"#EBF0F8","ticks":"","title":{"standoff":15},"zerolinecolor":"#EBF0F8","zerolinewidth":2},"yaxis":{"automargin":true,"gridcolor":"#EBF0F8","linecolor":"#EBF0F8","ticks":"","title":{"standoff":15},"zerolinecolor":"#EBF0F8","zerolinewidth":2}}},"xaxis":{"anchor":"y","domain":[0.0,1.0],"autorange":true,"range":[-49,0],"type":"linear","showticklabels":true},"yaxis":{"anchor":"x","domain":[0.0,0.16666666666666666],"tickfont":{"color":"#ff0789","size":9},"autorange":true,"fixedrange":false,"mirror":true,"showline":true,"side":"left","tickmode":"auto","ticks":"","tickson":"boundaries","type":"linear","zeroline":false,"automargin":false},"xaxis2":{"anchor":"y2","domain":[0.0,1.0],"showticklabels":false},"yaxis2":{"anchor":"x","domain":[0.16666666666666666,0.3333333333333333],"tickfont":{"color":"#966ebd","size":9},"autorange":true,"fixedrange":false,"mirror":true,"showline":true,"side":"left","tickmode":"auto","ticks":"","tickson":"boundaries","type":"linear","zeroline":false},"xaxis3":{"anchor":"y3","domain":[0.0,1.0],"showticklabels":false},"yaxis3":{"anchor":"x","domain":[0.3333333333333333,0.5],"tickfont":{"color":"#ad900d","size":9},"autorange":true,"fixedrange":false,"mirror":true,"showline":true,"side":"left","tickmode":"auto","ticks":"","tickson":"boundaries","type":"linear","zeroline":false},"xaxis4":{"anchor":"y4","domain":[0.0,1.0],"showticklabels":false},"yaxis4":{"anchor":"x","domain":[0.5,0.6666666666666666],"tickfont":{"color":"#009337","size":9},"autorange":true,"fixedrange":false,"mirror":true,"showline":true,"side":"left","tickmode":"auto","ticks":"","tickson":"boundaries","type":"linear","zeroline":false},"xaxis5":{"anchor":"y5","domain":[0.0,1.0],"showticklabels":false},"yaxis5":{"anchor":"x","domain":[0.6666666666666666,0.8333333333333333],"tickfont":{"color":"#850e04","size":9},"autorange":true,"fixedrange":false,"mirror":true,"showline":true,"side":"left","tickmode":"auto","ticks":"","tickson":"boundaries","type":"linear","zeroline":false},"xaxis6":{"anchor":"y6","domain":[0.0,1.0],"showticklabels":false},"yaxis6":{"anchor":"x","domain":[0.8333333333333333,1.0],"tickfont":{"color":"#3e82fc","size":9},"autorange":true,"fixedrange":false,"mirror":true,"showline":true,"side":"left","tickmode":"auto","ticks":"","tickson":"boundaries","type":"linear","zeroline":false},"xaxis7":{"anchor":"y7","domain":[0.0,1.0],"showticklabels":false},"yaxis7":{"anchor":"x","domain":[1,1],"tickfont":{"color":"#fe420f","size":9},"autorange":true,"fixedrange":false,"mirror":true,"showline":true,"side":"left","tickmode":"auto","ticks":"","tickson":"boundaries","type":"linear","zeroline":false},"xaxis8":{"anchor":"y8","domain":[0.0,1.0],"showticklabels":false},"yaxis8":{"anchor":"x","domain":[1,1],"tickfont":{"color":"#fe828c","size":9},"autorange":true,"fixedrange":false,"mirror":true,"showline":true,"side":"left","tickmode":"auto","ticks":"","tickson":"boundaries","type":"linear","zeroline":false},"yaxis9":{"anchor":"x","autorange":true,"fixedrange":false,"domain":[1,1],"mirror":true,"showline":true,"side":"left","tickfont":{"color":"#85a3b2","size":9},"tickmode":"auto","ticks":"","tickson":"boundaries","type":"linear","zeroline":false},"yaxis10":{"anchor":"x","autorange":true,"fixedrange":false,"domain":[1,1],"mirror":true,"showline":true,"side":"left","tickfont":{"color":"#f0833a","size":9},"tickmode":"auto","ticks":"","tickson":"boundaries","type":"linear","zeroline":false},"legend":{"traceorder":"reversed","yanchor":"top","y":0.99,"xanchor":"left"},"margin":{"t":50,"b":50},"title":{"text":"Python = python-cython-3.13, Problem = TestModels_test_uc_20140901_expected"},"dragmode":"zoom","hovermode":"x","height":900},                        {"responsive": true}                    )                };                            </script>        </div>
</body>
</html>