<html>
<head><meta charset="utf-8" /></head>
<body>
    <div>                        <script type="text/javascript">window.PlotlyConfig = {MathJaxConfig: 'local'};</script>
        <script charset="utf-8" src="https://cdn.plot.ly/plotly-2.35.2.min.js"></script>                <div id="347813c4-21b8-49ee-8b3e-a5c3244c862d" class="plotly-graph-div" style="height:900px; width:100%;"></div>            <script type="text/javascript">                                    window.PLOTLYENV=window.PLOTLYENV || {};                                    if (document.getElementById("347813c4-21b8-49ee-8b3e-a5c3244c862d")) {                    Plotly.newPlot(                        "347813c4-21b8-49ee-8b3e-a5c3244c862d",                        [{"line":{"color":"#ff0789","width":0.5},"name":"create_instance","text":["3.6622916429769248s, 2025-04-11, a70451d0","3.711553693981841s, 2025-04-14, c1625b9c","4.547479611996096s, 2025-04-14, 0b582943","4.035379266017117s, 2025-04-15, 5ae07c8e","3.605422569089569s, 2025-04-15, c5a50b76","3.6920426030410454s, 2025-04-16, dceceb11","4.167386303073727s, 2025-04-16, 6f2a50ed","4.388293948024511s, 2025-04-16, ae2750ec","4.372172009083442s, 2025-04-16, 0c65644b","3.693341616075486s, 2025-04-16, b7ea8ce5","3.6098307580687106s, 2025-04-24, 79e2acb5","4.3989703638944775s, 2025-04-28, 1f46931f","3.657542316010222s, 2025-04-29, 55d55a68","4.4745449621696025s, 2025-04-30, 175353ce","4.446744473883882s, 2025-05-01, 32591c15","3.671705173328519s, 2025-05-06, d82b87fe","3.6070605400018394s, 2025-05-06, 5df0a000","4.4979275250807405s, 2025-05-06, 86f5f05e","3.6868429468013346s, 2025-05-07, 457f436b","3.6358130807057023s, 2025-05-13, 5bd2849b","3.680336281999189s, 2025-05-14, f680e049","3.607671630976256s, 2025-05-19, 49bfc6b3","3.7319111900869757s, 2025-05-20, 18def950","s, , ","4.390433246968314s, 2025-05-21, 7d8e6312","3.7326363880420104s, 2025-05-21, d7917b77","3.6776333189336583s, 2025-05-21, 06452a9a","3.6905463018920273s, 2025-06-02, 9609708c","3.6733323910739273s, 2025-06-02, 1344a646","3.7030414540786296s, 2025-06-02, 3d1bb30b","3.6842222288250923s, 2025-06-03, 40a7836b","3.7170019519980997s, 2025-06-03, 1409ee22","3.6891420600004494s, 2025-06-04, a8d0bfaa","3.679862087999936s, 2025-06-16, dc503c28","s, , ","s, , ","s, , ","3.7034119720337912s, 2025-06-17, ca33341a","s, , ","3.6360352078918368s, 2025-06-23, 9a7ff8d3","3.525368741946295s, 2025-06-23, c3c95adb","3.7124606920406222s, 2025-06-24, 3a8339d6","3.642869123024866s, 2025-06-24, 56521be5","3.6240369980223477s, 2025-06-27, 88940a9f","3.6418968588113785s, 2025-06-28, ec731861","3.6526804100722075s, 2025-06-28, 874352c4","3.6444887691177428s, 2025-06-30, 6e065819","3.64116469793953s, 2025-06-30, 828560c9","3.6148786151316017s, 2025-06-30, fe163bf7","3.602300991071388s, 2025-07-01, 9cff6682"],"x":[-49,-48,-47,-46,-45,-44,-43,-42,-41,-40,-39,-38,-37,-36,-35,-34,-33,-32,-31,-30,-29,-28,-27,-26,-25,-24,-23,-22,-21,-20,-19,-18,-17,-16,-15,-14,-13,-12,-11,-10,-9,-8,-7,-6,-5,-4,-3,-2,-1,0],"y":[3.6622916429769248,3.711553693981841,4.547479611996096,4.035379266017117,3.605422569089569,3.6920426030410454,4.167386303073727,4.388293948024511,4.372172009083442,3.693341616075486,3.6098307580687106,4.3989703638944775,3.657542316010222,4.4745449621696025,4.446744473883882,3.671705173328519,3.6070605400018394,4.4979275250807405,3.6868429468013346,3.6358130807057023,3.680336281999189,3.607671630976256,3.7319111900869757,"",4.390433246968314,3.7326363880420104,3.6776333189336583,3.6905463018920273,3.6733323910739273,3.7030414540786296,3.6842222288250923,3.7170019519980997,3.6891420600004494,3.679862087999936,"","","",3.7034119720337912,"",3.6360352078918368,3.525368741946295,3.7124606920406222,3.642869123024866,3.6240369980223477,3.6418968588113785,3.6526804100722075,3.6444887691177428,3.64116469793953,3.6148786151316017,3.602300991071388],"yaxis":"y","type":"scatter","xaxis":"x","marker":{"size":8},"hoverinfo":"text+x","mode":"lines+markers","showlegend":true},{"line":{"color":"#966ebd","width":0.5},"name":"test_time","text":["29.215637068002252s, 2025-04-11, a70451d0","29.28645668795798s, 2025-04-14, c1625b9c","29.83262282703072s, 2025-04-14, 0b582943","29.619307133951224s, 2025-04-15, 5ae07c8e","28.74880469904747s, 2025-04-15, c5a50b76","29.084350379998796s, 2025-04-16, dceceb11","29.68108889705036s, 2025-04-16, 6f2a50ed","29.969813209958375s, 2025-04-16, ae2750ec","29.816270268987864s, 2025-04-16, 0c65644b","29.086552700027823s, 2025-04-16, b7ea8ce5","29.08115216717124s, 2025-04-24, 79e2acb5","29.690851741936058s, 2025-04-28, 1f46931f","29.223349457141012s, 2025-04-29, 55d55a68","29.956796400016174s, 2025-04-30, 175353ce","29.856616855831817s, 2025-05-01, 32591c15","29.21172553487122s, 2025-05-06, d82b87fe","29.056107928976417s, 2025-05-06, 5df0a000","29.77230966510251s, 2025-05-06, 86f5f05e","29.341330967843533s, 2025-05-07, 457f436b","28.92557367309928s, 2025-05-13, 5bd2849b","29.213444783999876s, 2025-05-14, f680e049","28.46183069702238s, 2025-05-19, 49bfc6b3","28.429516920936294s, 2025-05-20, 18def950","s, , ","28.487803668016568s, 2025-05-21, 7d8e6312","28.01875628507696s, 2025-05-21, d7917b77","27.915288552991115s, 2025-05-21, 06452a9a","28.096455886028707s, 2025-06-02, 9609708c","28.02636735793203s, 2025-06-02, 1344a646","28.24979795399122s, 2025-06-02, 3d1bb30b","27.867353124078363s, 2025-06-03, 40a7836b","27.767775933025405s, 2025-06-03, 1409ee22","27.59093986894004s, 2025-06-04, a8d0bfaa","27.900432048016228s, 2025-06-16, dc503c28","s, , ","s, , ","s, , ","27.41171785199549s, 2025-06-17, ca33341a","s, , ","27.19060479197651s, 2025-06-23, 9a7ff8d3","26.822563578840345s, 2025-06-23, c3c95adb","27.699781655101106s, 2025-06-24, 3a8339d6","27.398143104976043s, 2025-06-24, 56521be5","27.086532494984567s, 2025-06-27, 88940a9f","27.279185785911977s, 2025-06-28, ec731861","27.109214263036847s, 2025-06-28, 874352c4","27.193598598940298s, 2025-06-30, 6e065819","27.357985655078664s, 2025-06-30, 828560c9","27.22692152997479s, 2025-06-30, fe163bf7","27.43998158001341s, 2025-07-01, 9cff6682"],"x":[-49,-48,-47,-46,-45,-44,-43,-42,-41,-40,-39,-38,-37,-36,-35,-34,-33,-32,-31,-30,-29,-28,-27,-26,-25,-24,-23,-22,-21,-20,-19,-18,-17,-16,-15,-14,-13,-12,-11,-10,-9,-8,-7,-6,-5,-4,-3,-2,-1,0],"y":[29.215637068002252,29.28645668795798,29.83262282703072,29.619307133951224,28.74880469904747,29.084350379998796,29.68108889705036,29.969813209958375,29.816270268987864,29.086552700027823,29.08115216717124,29.690851741936058,29.223349457141012,29.956796400016174,29.856616855831817,29.21172553487122,29.056107928976417,29.77230966510251,29.341330967843533,28.92557367309928,29.213444783999876,28.46183069702238,28.429516920936294,"",28.487803668016568,28.01875628507696,27.915288552991115,28.096455886028707,28.02636735793203,28.24979795399122,27.867353124078363,27.767775933025405,27.59093986894004,27.900432048016228,"","","",27.41171785199549,"",27.19060479197651,26.822563578840345,27.699781655101106,27.398143104976043,27.086532494984567,27.279185785911977,27.109214263036847,27.193598598940298,27.357985655078664,27.22692152997479,27.43998158001341],"yaxis":"y2","type":"scatter","xaxis":"x2","marker":{"size":8},"hoverinfo":"text+x","mode":"lines+markers","showlegend":true},{"line":{"color":"#ad900d","width":0.5},"name":"nl","text":["4.915615667006932s, 2025-04-11, a70451d0","4.311223629978485s, 2025-04-14, c1625b9c","4.262276636029128s, 2025-04-14, 0b582943","4.355434120981954s, 2025-04-15, 5ae07c8e","4.1933061520103365s, 2025-04-15, c5a50b76","4.279706167988479s, 2025-04-16, dceceb11","4.310834589996375s, 2025-04-16, 6f2a50ed","4.273287168936804s, 2025-04-16, ae2750ec","4.261602889979258s, 2025-04-16, 0c65644b","4.2575076629873365s, 2025-04-16, b7ea8ce5","4.235617497004569s, 2025-04-24, 79e2acb5","4.23485365184024s, 2025-04-28, 1f46931f","4.25236732698977s, 2025-04-29, 55d55a68","4.289225104963407s, 2025-04-30, 175353ce","4.275596007006243s, 2025-05-01, 32591c15","4.27866182802245s, 2025-05-06, d82b87fe","4.942821428645402s, 2025-05-06, 5df0a000","4.190725015010685s, 2025-05-06, 86f5f05e","4.32411523303017s, 2025-05-07, 457f436b","4.484294811729342s, 2025-05-13, 5bd2849b","4.261427952995291s, 2025-05-14, f680e049","4.172603874001652s, 2025-05-19, 49bfc6b3","4.991893088910729s, 2025-05-20, 18def950","s, , ","4.307924434076995s, 2025-05-21, 7d8e6312","4.336369807948358s, 2025-05-21, d7917b77","4.236550961970352s, 2025-05-21, 06452a9a","4.2908902280032635s, 2025-06-02, 9609708c","4.255104419076815s, 2025-06-02, 1344a646","5.039866313105449s, 2025-06-02, 3d1bb30b","4.294952143914998s, 2025-06-03, 40a7836b","4.323332569096237s, 2025-06-03, 1409ee22","4.30579302017577s, 2025-06-04, a8d0bfaa","4.319950831006281s, 2025-06-16, dc503c28","s, , ","s, , ","s, , ","4.3030609069392085s, 2025-06-17, ca33341a","s, , ","4.210655208909884s, 2025-06-23, 9a7ff8d3","4.133914573118091s, 2025-06-23, c3c95adb","4.1867637489922345s, 2025-06-24, 3a8339d6","4.187645441154018s, 2025-06-24, 56521be5","4.195767875993624s, 2025-06-27, 88940a9f","4.249789523892105s, 2025-06-28, ec731861","4.181572129018605s, 2025-06-28, 874352c4","4.177787106018513s, 2025-06-30, 6e065819","4.216165757039562s, 2025-06-30, 828560c9","4.2226533009670675s, 2025-06-30, fe163bf7","4.225492466939613s, 2025-07-01, 9cff6682"],"x":[-49,-48,-47,-46,-45,-44,-43,-42,-41,-40,-39,-38,-37,-36,-35,-34,-33,-32,-31,-30,-29,-28,-27,-26,-25,-24,-23,-22,-21,-20,-19,-18,-17,-16,-15,-14,-13,-12,-11,-10,-9,-8,-7,-6,-5,-4,-3,-2,-1,0],"y":[4.915615667006932,4.311223629978485,4.262276636029128,4.355434120981954,4.1933061520103365,4.279706167988479,4.310834589996375,4.273287168936804,4.261602889979258,4.2575076629873365,4.235617497004569,4.23485365184024,4.25236732698977,4.289225104963407,4.275596007006243,4.27866182802245,4.942821428645402,4.190725015010685,4.32411523303017,4.484294811729342,4.261427952995291,4.172603874001652,4.991893088910729,"",4.307924434076995,4.336369807948358,4.236550961970352,4.2908902280032635,4.255104419076815,5.039866313105449,4.294952143914998,4.323332569096237,4.30579302017577,4.319950831006281,"","","",4.3030609069392085,"",4.210655208909884,4.133914573118091,4.1867637489922345,4.187645441154018,4.195767875993624,4.249789523892105,4.181572129018605,4.177787106018513,4.216165757039562,4.2226533009670675,4.225492466939613],"yaxis":"y3","type":"scatter","xaxis":"x3","marker":{"size":8},"hoverinfo":"text+x","mode":"lines+markers","showlegend":true},{"line":{"color":"#009337","width":0.5},"name":"lp","text":["4.494167352997465s, 2025-04-11, a70451d0","4.489075868041255s, 2025-04-14, c1625b9c","4.4577681989758275s, 2025-04-14, 0b582943","4.523847650969401s, 2025-04-15, 5ae07c8e","4.409862347994931s, 2025-04-15, c5a50b76","4.62675069202669s, 2025-04-16, dceceb11","4.466479766997509s, 2025-04-16, 6f2a50ed","4.502740066964179s, 2025-04-16, ae2750ec","4.45048748399131s, 2025-04-16, 0c65644b","4.4983671620721s, 2025-04-16, b7ea8ce5","4.457355432910845s, 2025-04-24, 79e2acb5","4.490557238925248s, 2025-04-28, 1f46931f","5.166277505923063s, 2025-04-29, 55d55a68","4.542410522000864s, 2025-04-30, 175353ce","4.516173306154087s, 2025-05-01, 32591c15","4.493550334125757s, 2025-05-06, d82b87fe","4.435316273011267s, 2025-05-06, 5df0a000","4.47382983006537s, 2025-05-06, 86f5f05e","4.522516872733831s, 2025-05-07, 457f436b","4.682113135699183s, 2025-05-13, 5bd2849b","4.489471460998175s, 2025-05-14, f680e049","4.373530172975734s, 2025-05-19, 49bfc6b3","4.52276661794167s, 2025-05-20, 18def950","s, , ","4.506649859016761s, 2025-05-21, 7d8e6312","4.848507525981404s, 2025-05-21, d7917b77","4.643996263970621s, 2025-05-21, 06452a9a","4.5034542619250715s, 2025-06-02, 9609708c","4.51396248396486s, 2025-06-02, 1344a646","4.416994148865342s, 2025-06-02, 3d1bb30b","4.460433705942705s, 2025-06-03, 40a7836b","4.715475101955235s, 2025-06-03, 1409ee22","4.521103997016326s, 2025-06-04, a8d0bfaa","4.493025765987113s, 2025-06-16, dc503c28","s, , ","s, , ","s, , ","4.496027079061605s, 2025-06-17, ca33341a","s, , ","4.376179333077744s, 2025-06-23, 9a7ff8d3","4.356143975164741s, 2025-06-23, c3c95adb","4.4566044909879565s, 2025-06-24, 3a8339d6","4.438560958951712s, 2025-06-24, 56521be5","4.366967158857733s, 2025-06-27, 88940a9f","4.438212058972567s, 2025-06-28, ec731861","4.373133084969595s, 2025-06-28, 874352c4","4.408790336921811s, 2025-06-30, 6e065819","4.495996658923104s, 2025-06-30, 828560c9","4.432697476120666s, 2025-06-30, fe163bf7","4.381369610084221s, 2025-07-01, 9cff6682"],"x":[-49,-48,-47,-46,-45,-44,-43,-42,-41,-40,-39,-38,-37,-36,-35,-34,-33,-32,-31,-30,-29,-28,-27,-26,-25,-24,-23,-22,-21,-20,-19,-18,-17,-16,-15,-14,-13,-12,-11,-10,-9,-8,-7,-6,-5,-4,-3,-2,-1,0],"y":[4.494167352997465,4.489075868041255,4.4577681989758275,4.523847650969401,4.409862347994931,4.62675069202669,4.466479766997509,4.502740066964179,4.45048748399131,4.4983671620721,4.457355432910845,4.490557238925248,5.166277505923063,4.542410522000864,4.516173306154087,4.493550334125757,4.435316273011267,4.47382983006537,4.522516872733831,4.682113135699183,4.489471460998175,4.373530172975734,4.52276661794167,"",4.506649859016761,4.848507525981404,4.643996263970621,4.5034542619250715,4.51396248396486,4.416994148865342,4.460433705942705,4.715475101955235,4.521103997016326,4.493025765987113,"","","",4.496027079061605,"",4.376179333077744,4.356143975164741,4.4566044909879565,4.438560958951712,4.366967158857733,4.438212058972567,4.373133084969595,4.408790336921811,4.495996658923104,4.432697476120666,4.381369610084221],"yaxis":"y4","type":"scatter","xaxis":"x4","marker":{"size":8},"hoverinfo":"text+x","mode":"lines+markers","showlegend":true},{"line":{"color":"#850e04","width":0.5},"name":"bar","text":["6.373038980003912s, 2025-04-11, a70451d0","6.980262705008499s, 2025-04-14, c1625b9c","6.31266727601178s, 2025-04-14, 0b582943","6.331646217033267s, 2025-04-15, 5ae07c8e","6.8989652920281515s, 2025-04-15, c5a50b76","6.6802258879179135s, 2025-04-16, dceceb11","6.373657815973274s, 2025-04-16, 6f2a50ed","6.384741410030983s, 2025-04-16, ae2750ec","6.36243126692716s, 2025-04-16, 0c65644b","6.327635777997784s, 2025-04-16, b7ea8ce5","7.117360636824742s, 2025-04-24, 79e2acb5","6.4089790128637105s, 2025-04-28, 1f46931f","6.383949290961027s, 2025-04-29, 55d55a68","6.407925331965089s, 2025-04-30, 175353ce","6.356364197097719s, 2025-05-01, 32591c15","6.941366568207741s, 2025-05-06, d82b87fe","6.289474504999816s, 2025-05-06, 5df0a000","6.277996934950352s, 2025-05-06, 86f5f05e","6.444252808112651s, 2025-05-07, 457f436b","6.386015363037586s, 2025-05-13, 5bd2849b","6.985765404999256s, 2025-05-14, f680e049","6.290778797992971s, 2025-05-19, 49bfc6b3","5.979027307941578s, 2025-05-20, 18def950","s, , ","6.214546381030232s, 2025-05-21, 7d8e6312","6.027966888039373s, 2025-05-21, d7917b77","6.078171313041821s, 2025-05-21, 06452a9a","5.947525651892647s, 2025-06-02, 9609708c","5.924416757887229s, 2025-06-02, 1344a646","5.8943395391106606s, 2025-06-02, 3d1bb30b","5.945706960046664s, 2025-06-03, 40a7836b","5.866303801070899s, 2025-06-03, 1409ee22","5.962243197951466s, 2025-06-04, a8d0bfaa","6.130748121999204s, 2025-06-16, dc503c28","s, , ","s, , ","s, , ","5.945630548987538s, 2025-06-17, ca33341a","s, , ","5.9205488541629165s, 2025-06-23, 9a7ff8d3","5.7952403128147125s, 2025-06-23, c3c95adb","6.053509464021772s, 2025-06-24, 3a8339d6","5.896671456983313s, 2025-06-24, 56521be5","5.886206645984203s, 2025-06-27, 88940a9f","5.859661075985059s, 2025-06-28, ec731861","5.875696201110259s, 2025-06-28, 874352c4","5.887494003865868s, 2025-06-30, 6e065819","5.933420530054718s, 2025-06-30, 828560c9","5.884462845977396s, 2025-06-30, fe163bf7","6.035711076110601s, 2025-07-01, 9cff6682"],"x":[-49,-48,-47,-46,-45,-44,-43,-42,-41,-40,-39,-38,-37,-36,-35,-34,-33,-32,-31,-30,-29,-28,-27,-26,-25,-24,-23,-22,-21,-20,-19,-18,-17,-16,-15,-14,-13,-12,-11,-10,-9,-8,-7,-6,-5,-4,-3,-2,-1,0],"y":[6.373038980003912,6.980262705008499,6.31266727601178,6.331646217033267,6.8989652920281515,6.6802258879179135,6.373657815973274,6.384741410030983,6.36243126692716,6.327635777997784,7.117360636824742,6.4089790128637105,6.383949290961027,6.407925331965089,6.356364197097719,6.941366568207741,6.289474504999816,6.277996934950352,6.444252808112651,6.386015363037586,6.985765404999256,6.290778797992971,5.979027307941578,"",6.214546381030232,6.027966888039373,6.078171313041821,5.947525651892647,5.924416757887229,5.8943395391106606,5.945706960046664,5.866303801070899,5.962243197951466,6.130748121999204,"","","",5.945630548987538,"",5.9205488541629165,5.7952403128147125,6.053509464021772,5.896671456983313,5.886206645984203,5.859661075985059,5.875696201110259,5.887494003865868,5.933420530054718,5.884462845977396,6.035711076110601],"yaxis":"y5","type":"scatter","xaxis":"x5","marker":{"size":8},"hoverinfo":"text+x","mode":"lines+markers","showlegend":true},{"line":{"color":"#3e82fc","width":0.5},"name":"gams","text":["7.518475636985386s, 2025-04-11, a70451d0","7.5357611770159565s, 2025-04-14, c1625b9c","8.039231037022546s, 2025-04-14, 0b582943","8.033473516930826s, 2025-04-15, 5ae07c8e","7.401885848026723s, 2025-04-15, c5a50b76","7.443639587028883s, 2025-04-16, dceceb11","8.043811563053168s, 2025-04-16, 6f2a50ed","8.136711410945281s, 2025-04-16, ae2750ec","8.01713476004079s, 2025-04-16, 0c65644b","8.093740509008057s, 2025-04-16, b7ea8ce5","7.347211124142632s, 2025-04-24, 79e2acb5","7.92347499798052s, 2025-04-28, 1f46931f","7.541244513122365s, 2025-04-29, 55d55a68","8.014522791141644s, 2025-04-30, 175353ce","7.996637264965102s, 2025-05-01, 32591c15","7.5257386970333755s, 2025-05-06, d82b87fe","7.431172226089984s, 2025-05-06, 5df0a000","7.936549901030958s, 2025-05-06, 86f5f05e","8.04739300115034s, 2025-05-07, 457f436b","7.448371056001633s, 2025-05-13, 5bd2849b","7.5123800539950025s, 2025-05-14, f680e049","7.772760989028029s, 2025-05-19, 49bfc6b3","6.8627882150467485s, 2025-05-20, 18def950","s, , ","6.853353952988982s, 2025-05-21, 7d8e6312","6.820403699064627s, 2025-05-21, d7917b77","6.833185155992396s, 2025-05-21, 06452a9a","7.303573201876134s, 2025-06-02, 9609708c","7.299602313898504s, 2025-06-02, 1344a646","6.95826154993847s, 2025-06-02, 3d1bb30b","7.257944453973323s, 2025-06-03, 40a7836b","6.809278900967911s, 2025-06-03, 1409ee22","6.798265841091052s, 2025-06-04, a8d0bfaa","6.78455727500841s, 2025-06-16, dc503c28","s, , ","s, , ","s, , ","6.732479284983128s, 2025-06-17, ca33341a","s, , ","6.774973456980661s, 2025-06-23, 9a7ff8d3","6.604527430841699s, 2025-06-23, c3c95adb","6.816899843048304s, 2025-06-24, 3a8339d6","6.834186298074201s, 2025-06-24, 56521be5","6.774363010190427s, 2025-06-27, 88940a9f","6.764648787910119s, 2025-06-28, ec731861","6.7928113508969545s, 2025-06-28, 874352c4","6.782815722981468s, 2025-06-30, 6e065819","6.839669684879482s, 2025-06-30, 828560c9","6.844091610983014s, 2025-06-30, fe163bf7","6.859330913983285s, 2025-07-01, 9cff6682"],"x":[-49,-48,-47,-46,-45,-44,-43,-42,-41,-40,-39,-38,-37,-36,-35,-34,-33,-32,-31,-30,-29,-28,-27,-26,-25,-24,-23,-22,-21,-20,-19,-18,-17,-16,-15,-14,-13,-12,-11,-10,-9,-8,-7,-6,-5,-4,-3,-2,-1,0],"y":[7.518475636985386,7.5357611770159565,8.039231037022546,8.033473516930826,7.401885848026723,7.443639587028883,8.043811563053168,8.136711410945281,8.01713476004079,8.093740509008057,7.347211124142632,7.92347499798052,7.541244513122365,8.014522791141644,7.996637264965102,7.5257386970333755,7.431172226089984,7.936549901030958,8.04739300115034,7.448371056001633,7.5123800539950025,7.772760989028029,6.8627882150467485,"",6.853353952988982,6.820403699064627,6.833185155992396,7.303573201876134,7.299602313898504,6.95826154993847,7.257944453973323,6.809278900967911,6.798265841091052,6.78455727500841,"","","",6.732479284983128,"",6.774973456980661,6.604527430841699,6.816899843048304,6.834186298074201,6.774363010190427,6.764648787910119,6.7928113508969545,6.782815722981468,6.839669684879482,6.844091610983014,6.859330913983285],"yaxis":"y6","type":"scatter","xaxis":"x6","marker":{"size":8},"hoverinfo":"text+x","mode":"lines+markers","showlegend":true}],                        {"template":{"data":{"barpolar":[{"marker":{"line":{"color":"white","width":0.5},"pattern":{"fillmode":"overlay","size":10,"solidity":0.2}},"type":"barpolar"}],"bar":[{"error_x":{"color":"#2a3f5f"},"error_y":{"color":"#2a3f5f"},"marker":{"line":{"color":"white","width":0.5},"pattern":{"fillmode":"overlay","size":10,"solidity":0.2}},"type":"bar"}],"carpet":[{"aaxis":{"endlinecolor":"#2a3f5f","gridcolor":"#C8D4E3","linecolor":"#C8D4E3","minorgridcolor":"#C8D4E3","startlinecolor":"#2a3f5f"},"baxis":{"endlinecolor":"#2a3f5f","gridcolor":"#C8D4E3","linecolor":"#C8D4E3","minorgridcolor":"#C8D4E3","startlinecolor":"#2a3f5f"},"type":"carpet"}],"choropleth":[{"colorbar":{"outlinewidth":0,"ticks":""},"type":"choropleth"}],"contourcarpet":[{"colorbar":{"outlinewidth":0,"ticks":""},"type":"contourcarpet"}],"contour":[{"colorbar":{"outlinewidth":0,"ticks":""},"colorscale":[[0.0,"#0d0887"],[0.1111111111111111,"#46039f"],[0.2222222222222222,"#7201a8"],[0.3333333333333333,"#9c179e"],[0.4444444444444444,"#bd3786"],[0.5555555555555556,"#d8576b"],[0.6666666666666666,"#ed7953"],[0.7777777777777778,"#fb9f3a"],[0.8888888888888888,"#fdca26"],[1.0,"#f0f921"]],"type":"contour"}],"heatmapgl":[{"colorbar":{"outlinewidth":0,"ticks":""},"colorscale":[[0.0,"#0d0887"],[0.1111111111111111,"#46039f"],[0.2222222222222222,"#7201a8"],[0.3333333333333333,"#9c179e"],[0.4444444444444444,"#bd3786"],[0.5555555555555556,"#d8576b"],[0.6666666666666666,"#ed7953"],[0.7777777777777778,"#fb9f3a"],[0.8888888888888888,"#fdca26"],[1.0,"#f0f921"]],"type":"heatmapgl"}],"heatmap":[{"colorbar":{"outlinewidth":0,"ticks":""},"colorscale":[[0.0,"#0d0887"],[0.1111111111111111,"#46039f"],[0.2222222222222222,"#7201a8"],[0.3333333333333333,"#9c179e"],[0.4444444444444444,"#bd3786"],[0.5555555555555556,"#d8576b"],[0.6666666666666666,"#ed7953"],[0.7777777777777778,"#fb9f3a"],[0.8888888888888888,"#fdca26"],[1.0,"#f0f921"]],"type":"heatmap"}],"histogram2dcontour":[{"colorbar":{"outlinewidth":0,"ticks":""},"colorscale":[[0.0,"#0d0887"],[0.1111111111111111,"#46039f"],[0.2222222222222222,"#7201a8"],[0.3333333333333333,"#9c179e"],[0.4444444444444444,"#bd3786"],[0.5555555555555556,"#d8576b"],[0.6666666666666666,"#ed7953"],[0.7777777777777778,"#fb9f3a"],[0.8888888888888888,"#fdca26"],[1.0,"#f0f921"]],"type":"histogram2dcontour"}],"histogram2d":[{"colorbar":{"outlinewidth":0,"ticks":""},"colorscale":[[0.0,"#0d0887"],[0.1111111111111111,"#46039f"],[0.2222222222222222,"#7201a8"],[0.3333333333333333,"#9c179e"],[0.4444444444444444,"#bd3786"],[0.5555555555555556,"#d8576b"],[0.6666666666666666,"#ed7953"],[0.7777777777777778,"#fb9f3a"],[0.8888888888888888,"#fdca26"],[1.0,"#f0f921"]],"type":"histogram2d"}],"histogram":[{"marker":{"pattern":{"fillmode":"overlay","size":10,"solidity":0.2}},"type":"histogram"}],"mesh3d":[{"colorbar":{"outlinewidth":0,"ticks":""},"type":"mesh3d"}],"parcoords":[{"line":{"colorbar":{"outlinewidth":0,"ticks":""}},"type":"parcoords"}],"pie":[{"automargin":true,"type":"pie"}],"scatter3d":[{"line":{"colorbar":{"outlinewidth":0,"ticks":""}},"marker":{"colorbar":{"outlinewidth":0,"ticks":""}},"type":"scatter3d"}],"scattercarpet":[{"marker":{"colorbar":{"outlinewidth":0,"ticks":""}},"type":"scattercarpet"}],"scattergeo":[{"marker":{"colorbar":{"outlinewidth":0,"ticks":""}},"type":"scattergeo"}],"scattergl":[{"marker":{"colorbar":{"outlinewidth":0,"ticks":""}},"type":"scattergl"}],"scattermapbox":[{"marker":{"colorbar":{"outlinewidth":0,"ticks":""}},"type":"scattermapbox"}],"scatterpolargl":[{"marker":{"colorbar":{"outlinewidth":0,"ticks":""}},"type":"scatterpolargl"}],"scatterpolar":[{"marker":{"colorbar":{"outlinewidth":0,"ticks":""}},"type":"scatterpolar"}],"scatter":[{"fillpattern":{"fillmode":"overlay","size":10,"solidity":0.2},"type":"scatter"}],"scatterternary":[{"marker":{"colorbar":{"outlinewidth":0,"ticks":""}},"type":"scatterternary"}],"surface":[{"colorbar":{"outlinewidth":0,"ticks":""},"colorscale":[[0.0,"#0d0887"],[0.1111111111111111,"#46039f"],[0.2222222222222222,"#7201a8"],[0.3333333333333333,"#9c179e"],[0.4444444444444444,"#bd3786"],[0.5555555555555556,"#d8576b"],[0.6666666666666666,"#ed7953"],[0.7777777777777778,"#fb9f3a"],[0.8888888888888888,"#fdca26"],[1.0,"#f0f921"]],"type":"surface"}],"table":[{"cells":{"fill":{"color":"#EBF0F8"},"line":{"color":"white"}},"header":{"fill":{"color":"#C8D4E3"},"line":{"color":"white"}},"type":"table"}]},"layout":{"annotationdefaults":{"arrowcolor":"#2a3f5f","arrowhead":0,"arrowwidth":1},"autotypenumbers":"strict","coloraxis":{"colorbar":{"outlinewidth":0,"ticks":""}},"colorscale":{"diverging":[[0,"#8e0152"],[0.1,"#c51b7d"],[0.2,"#de77ae"],[0.3,"#f1b6da"],[0.4,"#fde0ef"],[0.5,"#f7f7f7"],[0.6,"#e6f5d0"],[0.7,"#b8e186"],[0.8,"#7fbc41"],[0.9,"#4d9221"],[1,"#276419"]],"sequential":[[0.0,"#0d0887"],[0.1111111111111111,"#46039f"],[0.2222222222222222,"#7201a8"],[0.3333333333333333,"#9c179e"],[0.4444444444444444,"#bd3786"],[0.5555555555555556,"#d8576b"],[0.6666666666666666,"#ed7953"],[0.7777777777777778,"#fb9f3a"],[0.8888888888888888,"#fdca26"],[1.0,"#f0f921"]],"sequentialminus":[[0.0,"#0d0887"],[0.1111111111111111,"#46039f"],[0.2222222222222222,"#7201a8"],[0.3333333333333333,"#9c179e"],[0.4444444444444444,"#bd3786"],[0.5555555555555556,"#d8576b"],[0.6666666666666666,"#ed7953"],[0.7777777777777778,"#fb9f3a"],[0.8888888888888888,"#fdca26"],[1.0,"#f0f921"]]},"colorway":["#636efa","#EF553B","#00cc96","#ab63fa","#FFA15A","#19d3f3","#FF6692","#B6E880","#FF97FF","#FECB52"],"font":{"color":"#2a3f5f"},"geo":{"bgcolor":"white","lakecolor":"white","landcolor":"white","showlakes":true,"showland":true,"subunitcolor":"#C8D4E3"},"hoverlabel":{"align":"left"},"hovermode":"closest","mapbox":{"style":"light"},"paper_bgcolor":"white","plot_bgcolor":"white","polar":{"angularaxis":{"gridcolor":"#EBF0F8","linecolor":"#EBF0F8","ticks":""},"bgcolor":"white","radialaxis":{"gridcolor":"#EBF0F8","linecolor":"#EBF0F8","ticks":""}},"scene":{"xaxis":{"backgroundcolor":"white","gridcolor":"#DFE8F3","gridwidth":2,"linecolor":"#EBF0F8","showbackground":true,"ticks":"","zerolinecolor":"#EBF0F8"},"yaxis":{"backgroundcolor":"white","gridcolor":"#DFE8F3","gridwidth":2,"linecolor":"#EBF0F8","showbackground":true,"ticks":"","zerolinecolor":"#EBF0F8"},"zaxis":{"backgroundcolor":"white","gridcolor":"#DFE8F3","gridwidth":2,"linecolor":"#EBF0F8","showbackground":true,"ticks":"","zerolinecolor":"#EBF0F8"}},"shapedefaults":{"line":{"color":"#2a3f5f"}},"ternary":{"aaxis":{"gridcolor":"#DFE8F3","linecolor":"#A2B1C6","ticks":""},"baxis":{"gridcolor":"#DFE8F3","linecolor":"#A2B1C6","ticks":""},"bgcolor":"white","caxis":{"gridcolor":"#DFE8F3","linecolor":"#A2B1C6","ticks":""}},"title":{"x":0.05},"xaxis":{"automargin":true,"gridcolor":"#EBF0F8","linecolor":"#EBF0F8","ticks":"","title":{"standoff":15},"zerolinecolor":"#EBF0F8","zerolinewidth":2},"yaxis":{"automargin":true,"gridcolor":"#EBF0F8","linecolor":"#EBF0F8","ticks":"","title":{"standoff":15},"zerolinecolor":"#EBF0F8","zerolinewidth":2}}},"xaxis":{"anchor":"y","domain":[0.0,1.0],"autorange":true,"range":[-49,0],"type":"linear","showticklabels":true},"yaxis":{"anchor":"x","domain":[0.0,0.16666666666666666],"tickfont":{"color":"#ff0789","size":9},"autorange":true,"fixedrange":false,"mirror":true,"showline":true,"side":"left","tickmode":"auto","ticks":"","tickson":"boundaries","type":"linear","zeroline":false,"automargin":false},"xaxis2":{"anchor":"y2","domain":[0.0,1.0],"showticklabels":false},"yaxis2":{"anchor":"x","domain":[0.16666666666666666,0.3333333333333333],"tickfont":{"color":"#966ebd","size":9},"autorange":true,"fixedrange":false,"mirror":true,"showline":true,"side":"left","tickmode":"auto","ticks":"","tickson":"boundaries","type":"linear","zeroline":false},"xaxis3":{"anchor":"y3","domain":[0.0,1.0],"showticklabels":false},"yaxis3":{"anchor":"x","domain":[0.3333333333333333,0.5],"tickfont":{"color":"#ad900d","size":9},"autorange":true,"fixedrange":false,"mirror":true,"showline":true,"side":"left","tickmode":"auto","ticks":"","tickson":"boundaries","type":"linear","zeroline":false},"xaxis4":{"anchor":"y4","domain":[0.0,1.0],"showticklabels":false},"yaxis4":{"anchor":"x","domain":[0.5,0.6666666666666666],"tickfont":{"color":"#009337","size":9},"autorange":true,"fixedrange":false,"mirror":true,"showline":true,"side":"left","tickmode":"auto","ticks":"","tickson":"boundaries","type":"linear","zeroline":false},"xaxis5":{"anchor":"y5","domain":[0.0,1.0],"showticklabels":false},"yaxis5":{"anchor":"x","domain":[0.6666666666666666,0.8333333333333333],"tickfont":{"color":"#850e04","size":9},"autorange":true,"fixedrange":false,"mirror":true,"showline":true,"side":"left","tickmode":"auto","ticks":"","tickson":"boundaries","type":"linear","zeroline":false},"xaxis6":{"anchor":"y6","domain":[0.0,1.0],"showticklabels":false},"yaxis6":{"anchor":"x","domain":[0.8333333333333333,1.0],"tickfont":{"color":"#3e82fc","size":9},"autorange":true,"fixedrange":false,"mirror":true,"showline":true,"side":"left","tickmode":"auto","ticks":"","tickson":"boundaries","type":"linear","zeroline":false},"xaxis7":{"anchor":"y7","domain":[0.0,1.0],"showticklabels":false},"yaxis7":{"anchor":"x","domain":[1,1],"tickfont":{"color":"#fe420f","size":9},"autorange":true,"fixedrange":false,"mirror":true,"showline":true,"side":"left","tickmode":"auto","ticks":"","tickson":"boundaries","type":"linear","zeroline":false},"xaxis8":{"anchor":"y8","domain":[0.0,1.0],"showticklabels":false},"yaxis8":{"anchor":"x","domain":[1,1],"tickfont":{"color":"#fe828c","size":9},"autorange":true,"fixedrange":false,"mirror":true,"showline":true,"side":"left","tickmode":"auto","ticks":"","tickson":"boundaries","type":"linear","zeroline":false},"yaxis9":{"anchor":"x","autorange":true,"fixedrange":false,"domain":[1,1],"mirror":true,"showline":true,"side":"left","tickfont":{"color":"#85a3b2","size":9},"tickmode":"auto","ticks":"","tickson":"boundaries","type":"linear","zeroline":false},"yaxis10":{"anchor":"x","autorange":true,"fixedrange":false,"domain":[1,1],"mirror":true,"showline":true,"side":"left","tickfont":{"color":"#f0833a","size":9},"tickmode":"auto","ticks":"","tickson":"boundaries","type":"linear","zeroline":false},"legend":{"traceorder":"reversed","yanchor":"top","y":0.99,"xanchor":"left"},"margin":{"t":50,"b":50},"title":{"text":"Python = python-cython-3.9, Problem = TestModels_test_uc_20140901_expected"},"dragmode":"zoom","hovermode":"x","height":900,"shapes":[{"line":{"color":"green","dash":"longdash","width":2},"type":"line","x0":-10,"x1":-10,"xref":"x","y0":0,"y1":1,"yref":"paper"}],"annotations":[{"text":"3.9.23    ","x":-10}]},                        {"responsive": true}                    )                };                            </script>        </div>
</body>
</html>