<html>
<head><meta charset="utf-8" /></head>
<body>
    <div>                        <script type="text/javascript">window.PlotlyConfig = {MathJaxConfig: 'local'};</script>
        <script charset="utf-8" src="https://cdn.plot.ly/plotly-2.35.2.min.js"></script>                <div id="59b04284-72eb-4546-a318-07cbc00553fc" class="plotly-graph-div" style="height:900px; width:100%;"></div>            <script type="text/javascript">                                    window.PLOTLYENV=window.PLOTLYENV || {};                                    if (document.getElementById("59b04284-72eb-4546-a318-07cbc00553fc")) {                    Plotly.newPlot(                        "59b04284-72eb-4546-a318-07cbc00553fc",                        [{"line":{"color":"#ff0789","width":0.5},"name":"create_instance","text":["2.5404655710153747s, 2025-02-06, e5d2c785","s, , ","2.538370282998585s, 2025-02-12, e43c0752","2.540759452000202s, 2025-02-12, e316806a","s, , ","2.4987283529917477s, 2025-02-13, a3c90c29","2.546751554997172s, 2025-02-13, bb5f993e","2.5220814819913357s, 2025-02-15, cc2185b6","2.5393957089981996s, 2025-02-19, a16aa013","2.5864043069886975s, 2025-02-19, 5f522f3f","2.5358709919964895s, 2025-02-20, 2367e858","2.506472303008195s, 2025-02-20, 4acdb699","2.5518910710234195s, 2025-02-21, 34c1c9e3","2.5252983210375533s, 2025-02-21, 03dcc227","2.5386432600207627s, 2025-02-25, d0b79926","2.5421257209964097s, 2025-02-25, ab59eb2d","2.6183984270319343s, 2025-03-01, d99a57b1","2.5621161540038884s, 2025-03-02, 0c3571ed","2.524512914940715s, 2025-03-03, fc7e91a7","2.527792857028544s, 2025-03-03, 1177d93b","2.44847733899951s, 2025-03-04, 093efa2a","2.5162499889265746s, 2025-03-05, 8883d75f","s, , ","2.566669935826212s, 2025-03-05, 1b18e2e1","2.5564274278003722s, 2025-03-08, db80ff9b","2.5978281719144434s, 2025-03-10, a1cf5551","2.541052724001929s, 2025-03-11, e75a1be9","2.5277708310168236s, 2025-03-11, 7d65d040","2.5516324730124325s, 2025-03-11, 5d96b240","2.536777927000003s, 2025-03-12, 4da59c6e","2.534621081998921s, 2025-03-12, 4a90ead7","2.5087032559968065s, 2025-03-13, 27399451","2.536262515000999s, 2025-03-19, 2d05305b","2.558376529952511s, 2025-03-20, f55b042a","2.461019571055658s, 2025-03-20, f93501c0","2.577096760040149s, 2025-03-24, a9d673d8","2.556185284862295s, 2025-03-27, fc9559fc","2.521594526944682s, 2025-03-28, 6e71dec2","2.5021152049303055s, 2025-03-28, adb0ab16","2.5096557431388646s, 2025-03-28, b524a24e","2.5421733919065446s, 2025-03-31, 3c06a2ec","2.515825157985091s, 2025-03-31, 11fa6749","2.5693329661153257s, 2025-04-01, 8f07dc91","2.5547714240383357s, 2025-04-01, 8f07dc91","2.5723156731110066s, 2025-04-01, fa15cc7d","2.6526033668778837s, 2025-04-02, f592b945","2.657657939940691s, 2025-04-03, cfc08502","2.5637133710552007s, 2025-04-04, 166119ab","2.404624211601913s, 2025-04-08, d329ee1d","2.3192440532147884s, 2025-04-08, 5e49df7e"],"x":[-49,-48,-47,-46,-45,-44,-43,-42,-41,-40,-39,-38,-37,-36,-35,-34,-33,-32,-31,-30,-29,-28,-27,-26,-25,-24,-23,-22,-21,-20,-19,-18,-17,-16,-15,-14,-13,-12,-11,-10,-9,-8,-7,-6,-5,-4,-3,-2,-1,0],"y":[2.5404655710153747,"",2.538370282998585,2.540759452000202,"",2.4987283529917477,2.546751554997172,2.5220814819913357,2.5393957089981996,2.5864043069886975,2.5358709919964895,2.506472303008195,2.5518910710234195,2.5252983210375533,2.5386432600207627,2.5421257209964097,2.6183984270319343,2.5621161540038884,2.524512914940715,2.527792857028544,2.44847733899951,2.5162499889265746,"",2.566669935826212,2.5564274278003722,2.5978281719144434,2.541052724001929,2.5277708310168236,2.5516324730124325,2.536777927000003,2.534621081998921,2.5087032559968065,2.536262515000999,2.558376529952511,2.461019571055658,2.577096760040149,2.556185284862295,2.521594526944682,2.5021152049303055,2.5096557431388646,2.5421733919065446,2.515825157985091,2.5693329661153257,2.5547714240383357,2.5723156731110066,2.6526033668778837,2.657657939940691,2.5637133710552007,2.404624211601913,2.3192440532147884],"yaxis":"y","type":"scatter","xaxis":"x","marker":{"size":8},"hoverinfo":"text+x","mode":"lines+markers","showlegend":true},{"line":{"color":"#966ebd","width":0.5},"name":"test_time","text":["21.99185828899499s, 2025-02-06, e5d2c785","s, , ","21.846014380998895s, 2025-02-12, e43c0752","21.992060533000767s, 2025-02-12, e316806a","s, , ","21.818717843998456s, 2025-02-13, a3c90c29","21.983677044001524s, 2025-02-13, bb5f993e","21.930849939002655s, 2025-02-15, cc2185b6","21.616871455989894s, 2025-02-19, a16aa013","22.011813474004157s, 2025-02-19, 5f522f3f","22.164480300009018s, 2025-02-20, 2367e858","22.25326260799193s, 2025-02-20, 4acdb699","21.85505074899993s, 2025-02-21, 34c1c9e3","21.674004126980435s, 2025-02-21, 03dcc227","22.2921774990391s, 2025-02-25, d0b79926","21.532427478930913s, 2025-02-25, ab59eb2d","21.950512890936807s, 2025-03-01, d99a57b1","21.858113930909894s, 2025-03-02, 0c3571ed","21.664195572957397s, 2025-03-03, fc7e91a7","21.736798194004223s, 2025-03-03, 1177d93b","21.817961724009365s, 2025-03-04, 093efa2a","21.58633018308319s, 2025-03-05, 8883d75f","s, , ","22.061555257998407s, 2025-03-05, 1b18e2e1","21.84034811402671s, 2025-03-08, db80ff9b","22.152500082040206s, 2025-03-10, a1cf5551","21.78275922802277s, 2025-03-11, e75a1be9","21.639964571921155s, 2025-03-11, 7d65d040","22.097806408070028s, 2025-03-11, 5d96b240","21.596504887000265s, 2025-03-12, 4da59c6e","21.743240840001818s, 2025-03-12, 4a90ead7","21.60011379599746s, 2025-03-13, 27399451","21.675286284997128s, 2025-03-19, 2d05305b","22.055916832992807s, 2025-03-20, f55b042a","21.68386538606137s, 2025-03-20, f93501c0","21.595702425111085s, 2025-03-24, a9d673d8","21.61324243200943s, 2025-03-27, fc9559fc","21.58498068503104s, 2025-03-28, 6e71dec2","21.730278674978763s, 2025-03-28, adb0ab16","21.762222670949996s, 2025-03-28, b524a24e","22.10667690401897s, 2025-03-31, 3c06a2ec","21.633114233147353s, 2025-03-31, 11fa6749","21.67042238288559s, 2025-04-01, 8f07dc91","21.801571934949607s, 2025-04-01, 8f07dc91","21.960454314015806s, 2025-04-01, fa15cc7d","22.31150728301145s, 2025-04-02, f592b945","21.822218301007524s, 2025-04-03, cfc08502","21.76642990997061s, 2025-04-04, 166119ab","21.710127600934356s, 2025-04-08, d329ee1d","21.324653699062765s, 2025-04-08, 5e49df7e"],"x":[-49,-48,-47,-46,-45,-44,-43,-42,-41,-40,-39,-38,-37,-36,-35,-34,-33,-32,-31,-30,-29,-28,-27,-26,-25,-24,-23,-22,-21,-20,-19,-18,-17,-16,-15,-14,-13,-12,-11,-10,-9,-8,-7,-6,-5,-4,-3,-2,-1,0],"y":[21.99185828899499,"",21.846014380998895,21.992060533000767,"",21.818717843998456,21.983677044001524,21.930849939002655,21.616871455989894,22.011813474004157,22.164480300009018,22.25326260799193,21.85505074899993,21.674004126980435,22.2921774990391,21.532427478930913,21.950512890936807,21.858113930909894,21.664195572957397,21.736798194004223,21.817961724009365,21.58633018308319,"",22.061555257998407,21.84034811402671,22.152500082040206,21.78275922802277,21.639964571921155,22.097806408070028,21.596504887000265,21.743240840001818,21.60011379599746,21.675286284997128,22.055916832992807,21.68386538606137,21.595702425111085,21.61324243200943,21.58498068503104,21.730278674978763,21.762222670949996,22.10667690401897,21.633114233147353,21.67042238288559,21.801571934949607,21.960454314015806,22.31150728301145,21.822218301007524,21.76642990997061,21.710127600934356,21.324653699062765],"yaxis":"y2","type":"scatter","xaxis":"x2","marker":{"size":8},"hoverinfo":"text+x","mode":"lines+markers","showlegend":true},{"line":{"color":"#ad900d","width":0.5},"name":"nl","text":["3.427677040977869s, 2025-02-06, e5d2c785","s, , ","3.4124404690010124s, 2025-02-12, e43c0752","3.417536722001387s, 2025-02-12, e316806a","s, , ","3.381418828997994s, 2025-02-13, a3c90c29","3.414158645988209s, 2025-02-13, bb5f993e","3.4430505670025013s, 2025-02-15, cc2185b6","3.427290849998826s, 2025-02-19, a16aa013","3.4507975450105732s, 2025-02-19, 5f522f3f","3.4300113550270908s, 2025-02-20, 2367e858","3.507254413998453s, 2025-02-20, 4acdb699","3.421873481012881s, 2025-02-21, 34c1c9e3","3.438148977991659s, 2025-02-21, 03dcc227","3.4924054289003834s, 2025-02-25, d0b79926","3.4101127699250355s, 2025-02-25, ab59eb2d","3.4336657150415704s, 2025-03-01, d99a57b1","3.42474210599903s, 2025-03-02, 0c3571ed","3.4130482950713485s, 2025-03-03, fc7e91a7","3.4182830688077956s, 2025-03-03, 1177d93b","3.3789052329957485s, 2025-03-04, 093efa2a","3.4066823560278863s, 2025-03-05, 8883d75f","s, , ","3.402972532901913s, 2025-03-05, 1b18e2e1","3.4900759120937437s, 2025-03-08, db80ff9b","3.426765042822808s, 2025-03-10, a1cf5551","3.51243504579179s, 2025-03-11, e75a1be9","3.4996428510639817s, 2025-03-11, 7d65d040","3.4966567929368466s, 2025-03-11, 5d96b240","3.3957631360008236s, 2025-03-12, 4da59c6e","3.4231975639995653s, 2025-03-12, 4a90ead7","3.425912082006107s, 2025-03-13, 27399451","3.4327318959403783s, 2025-03-19, 2d05305b","3.4133625919930637s, 2025-03-20, f55b042a","3.3689765880117193s, 2025-03-20, f93501c0","3.4292105208151042s, 2025-03-24, a9d673d8","3.461803884943947s, 2025-03-27, fc9559fc","3.420101848896593s, 2025-03-28, 6e71dec2","3.4105850111227483s, 2025-03-28, adb0ab16","3.4158992629963905s, 2025-03-28, b524a24e","3.5001415929291397s, 2025-03-31, 3c06a2ec","3.4202152020297945s, 2025-03-31, 11fa6749","3.4174212671350688s, 2025-04-01, 8f07dc91","3.4269963109400123s, 2025-04-01, 8f07dc91","3.3970110779628158s, 2025-04-01, fa15cc7d","3.4419522369280457s, 2025-04-02, f592b945","3.4135687509551644s, 2025-04-03, cfc08502","3.4403407811187208s, 2025-04-04, 166119ab","3.485947425942868s, 2025-04-08, d329ee1d","3.396424768026918s, 2025-04-08, 5e49df7e"],"x":[-49,-48,-47,-46,-45,-44,-43,-42,-41,-40,-39,-38,-37,-36,-35,-34,-33,-32,-31,-30,-29,-28,-27,-26,-25,-24,-23,-22,-21,-20,-19,-18,-17,-16,-15,-14,-13,-12,-11,-10,-9,-8,-7,-6,-5,-4,-3,-2,-1,0],"y":[3.427677040977869,"",3.4124404690010124,3.417536722001387,"",3.381418828997994,3.414158645988209,3.4430505670025013,3.427290849998826,3.4507975450105732,3.4300113550270908,3.507254413998453,3.421873481012881,3.438148977991659,3.4924054289003834,3.4101127699250355,3.4336657150415704,3.42474210599903,3.4130482950713485,3.4182830688077956,3.3789052329957485,3.4066823560278863,"",3.402972532901913,3.4900759120937437,3.426765042822808,3.51243504579179,3.4996428510639817,3.4966567929368466,3.3957631360008236,3.4231975639995653,3.425912082006107,3.4327318959403783,3.4133625919930637,3.3689765880117193,3.4292105208151042,3.461803884943947,3.420101848896593,3.4105850111227483,3.4158992629963905,3.5001415929291397,3.4202152020297945,3.4174212671350688,3.4269963109400123,3.3970110779628158,3.4419522369280457,3.4135687509551644,3.4403407811187208,3.485947425942868,3.396424768026918],"yaxis":"y3","type":"scatter","xaxis":"x3","marker":{"size":8},"hoverinfo":"text+x","mode":"lines+markers","showlegend":true},{"line":{"color":"#009337","width":0.5},"name":"lp","text":["3.591187317011645s, 2025-02-06, e5d2c785","s, , ","3.6235740810006973s, 2025-02-12, e43c0752","3.5917211470004986s, 2025-02-12, e316806a","s, , ","3.532189883000683s, 2025-02-13, a3c90c29","3.535441472005914s, 2025-02-13, bb5f993e","3.608449807012221s, 2025-02-15, cc2185b6","3.5280516740021994s, 2025-02-19, a16aa013","3.5093727100029355s, 2025-02-19, 5f522f3f","3.582389080984285s, 2025-02-20, 2367e858","3.5973149000201374s, 2025-02-20, 4acdb699","3.5646474129753187s, 2025-02-21, 34c1c9e3","3.552122521039564s, 2025-02-21, 03dcc227","3.604690626030788s, 2025-02-25, d0b79926","3.5667336919577792s, 2025-02-25, ab59eb2d","3.552255128044635s, 2025-03-01, d99a57b1","3.5987955239834264s, 2025-03-02, 0c3571ed","3.5508820430841297s, 2025-03-03, fc7e91a7","3.563622485846281s, 2025-03-03, 1177d93b","3.5216126090381294s, 2025-03-04, 093efa2a","3.578999849036336s, 2025-03-05, 8883d75f","s, , ","3.6026111890096217s, 2025-03-05, 1b18e2e1","3.5836969171650708s, 2025-03-08, db80ff9b","3.570502277929336s, 2025-03-10, a1cf5551","3.5674641251098365s, 2025-03-11, e75a1be9","3.575914225075394s, 2025-03-11, 7d65d040","3.656350723002106s, 2025-03-11, 5d96b240","3.5395359819995065s, 2025-03-12, 4da59c6e","3.5737249060002796s, 2025-03-12, 4a90ead7","3.5837471300037578s, 2025-03-13, 27399451","3.5721122410614043s, 2025-03-19, 2d05305b","3.6238481790060177s, 2025-03-20, f55b042a","3.5552315610693768s, 2025-03-20, f93501c0","3.5436660379637033s, 2025-03-24, a9d673d8","3.5680740899406374s, 2025-03-27, fc9559fc","3.604861225001514s, 2025-03-28, 6e71dec2","3.590483633102849s, 2025-03-28, adb0ab16","3.599247211124748s, 2025-03-28, b524a24e","3.602096165996045s, 2025-03-31, 3c06a2ec","3.594755017897114s, 2025-03-31, 11fa6749","3.6010147139895707s, 2025-04-01, 8f07dc91","3.5619895721320063s, 2025-04-01, 8f07dc91","3.555358369136229s, 2025-04-01, fa15cc7d","3.613597644958645s, 2025-04-02, f592b945","3.5875152139924467s, 2025-04-03, cfc08502","3.547083552926779s, 2025-04-04, 166119ab","3.6494725248776376s, 2025-04-08, d329ee1d","3.5476690446957946s, 2025-04-08, 5e49df7e"],"x":[-49,-48,-47,-46,-45,-44,-43,-42,-41,-40,-39,-38,-37,-36,-35,-34,-33,-32,-31,-30,-29,-28,-27,-26,-25,-24,-23,-22,-21,-20,-19,-18,-17,-16,-15,-14,-13,-12,-11,-10,-9,-8,-7,-6,-5,-4,-3,-2,-1,0],"y":[3.591187317011645,"",3.6235740810006973,3.5917211470004986,"",3.532189883000683,3.535441472005914,3.608449807012221,3.5280516740021994,3.5093727100029355,3.582389080984285,3.5973149000201374,3.5646474129753187,3.552122521039564,3.604690626030788,3.5667336919577792,3.552255128044635,3.5987955239834264,3.5508820430841297,3.563622485846281,3.5216126090381294,3.578999849036336,"",3.6026111890096217,3.5836969171650708,3.570502277929336,3.5674641251098365,3.575914225075394,3.656350723002106,3.5395359819995065,3.5737249060002796,3.5837471300037578,3.5721122410614043,3.6238481790060177,3.5552315610693768,3.5436660379637033,3.5680740899406374,3.604861225001514,3.590483633102849,3.599247211124748,3.602096165996045,3.594755017897114,3.6010147139895707,3.5619895721320063,3.555358369136229,3.613597644958645,3.5875152139924467,3.547083552926779,3.6494725248776376,3.5476690446957946],"yaxis":"y4","type":"scatter","xaxis":"x4","marker":{"size":8},"hoverinfo":"text+x","mode":"lines+markers","showlegend":true},{"line":{"color":"#850e04","width":0.5},"name":"bar","text":["4.8504109930072445s, 2025-02-06, e5d2c785","s, , ","4.861836734999088s, 2025-02-12, e43c0752","4.847615628999847s, 2025-02-12, e316806a","s, , ","4.987690099005704s, 2025-02-13, a3c90c29","4.987548892007908s, 2025-02-13, bb5f993e","4.8188856890192255s, 2025-02-15, cc2185b6","4.828968068002723s, 2025-02-19, a16aa013","4.810133432998555s, 2025-02-19, 5f522f3f","4.975559421000071s, 2025-02-20, 2367e858","5.031239371979609s, 2025-02-20, 4acdb699","4.831924967002124s, 2025-02-21, 34c1c9e3","4.88126784900669s, 2025-02-21, 03dcc227","5.038002775982022s, 2025-02-25, d0b79926","4.757104507065378s, 2025-02-25, ab59eb2d","4.78208898298908s, 2025-03-01, d99a57b1","4.8268616769928485s, 2025-03-02, 0c3571ed","4.798846239922568s, 2025-03-03, fc7e91a7","4.78529381705448s, 2025-03-03, 1177d93b","4.988104522926733s, 2025-03-04, 093efa2a","4.81464496999979s, 2025-03-05, 8883d75f","s, , ","4.811458160867915s, 2025-03-05, 1b18e2e1","4.91326914797537s, 2025-03-08, db80ff9b","4.788224682910368s, 2025-03-10, a1cf5551","4.78125615301542s, 2025-03-11, e75a1be9","4.786962892860174s, 2025-03-11, 7d65d040","4.917978792916983s, 2025-03-11, 5d96b240","4.834272134999992s, 2025-03-12, 4da59c6e","4.793729710996558s, 2025-03-12, 4a90ead7","4.78636616699805s, 2025-03-13, 27399451","4.790376664954238s, 2025-03-19, 2d05305b","4.88055418105796s, 2025-03-20, f55b042a","4.892727141035721s, 2025-03-20, f93501c0","4.7912303460761905s, 2025-03-24, a9d673d8","4.782836731988937s, 2025-03-27, fc9559fc","4.770377147011459s, 2025-03-28, 6e71dec2","4.767489508958533s, 2025-03-28, adb0ab16","4.866192972054705s, 2025-03-28, b524a24e","4.846088783117011s, 2025-03-31, 3c06a2ec","4.765942286932841s, 2025-03-31, 11fa6749","4.792305710958317s, 2025-04-01, 8f07dc91","4.842906484846026s, 2025-04-01, 8f07dc91","4.831797661958262s, 2025-04-01, fa15cc7d","4.874547556042671s, 2025-04-02, f592b945","4.809636970050633s, 2025-04-03, cfc08502","4.847173591144383s, 2025-04-04, 166119ab","4.824128006584942s, 2025-04-08, d329ee1d","4.747902762144804s, 2025-04-08, 5e49df7e"],"x":[-49,-48,-47,-46,-45,-44,-43,-42,-41,-40,-39,-38,-37,-36,-35,-34,-33,-32,-31,-30,-29,-28,-27,-26,-25,-24,-23,-22,-21,-20,-19,-18,-17,-16,-15,-14,-13,-12,-11,-10,-9,-8,-7,-6,-5,-4,-3,-2,-1,0],"y":[4.8504109930072445,"",4.861836734999088,4.847615628999847,"",4.987690099005704,4.987548892007908,4.8188856890192255,4.828968068002723,4.810133432998555,4.975559421000071,5.031239371979609,4.831924967002124,4.88126784900669,5.038002775982022,4.757104507065378,4.78208898298908,4.8268616769928485,4.798846239922568,4.78529381705448,4.988104522926733,4.81464496999979,"",4.811458160867915,4.91326914797537,4.788224682910368,4.78125615301542,4.786962892860174,4.917978792916983,4.834272134999992,4.793729710996558,4.78636616699805,4.790376664954238,4.88055418105796,4.892727141035721,4.7912303460761905,4.782836731988937,4.770377147011459,4.767489508958533,4.866192972054705,4.846088783117011,4.765942286932841,4.792305710958317,4.842906484846026,4.831797661958262,4.874547556042671,4.809636970050633,4.847173591144383,4.824128006584942,4.747902762144804],"yaxis":"y5","type":"scatter","xaxis":"x5","marker":{"size":8},"hoverinfo":"text+x","mode":"lines+markers","showlegend":true},{"line":{"color":"#3e82fc","width":0.5},"name":"gams","text":["5.415039055980742s, 2025-02-06, e5d2c785","s, , ","5.397397484999601s, 2025-02-12, e43c0752","5.562859048999599s, 2025-02-12, e316806a","s, , ","5.280422903000726s, 2025-02-13, a3c90c29","5.327808265996282s, 2025-02-13, bb5f993e","5.387975133024156s, 2025-02-15, cc2185b6","5.295391955995001s, 2025-02-19, a16aa013","5.371036841999739s, 2025-02-19, 5f522f3f","5.3450936549925245s, 2025-02-20, 2367e858","5.337637716991594s, 2025-02-20, 4acdb699","5.3680122469959315s, 2025-02-21, 34c1c9e3","5.314257104997523s, 2025-02-21, 03dcc227","5.325704177026637s, 2025-02-25, d0b79926","5.3156899450114s, 2025-02-25, ab59eb2d","5.307956292992458s, 2025-03-01, d99a57b1","5.30278281995561s, 2025-03-02, 0c3571ed","5.3838617817964405s, 2025-03-03, fc7e91a7","5.31928124697879s, 2025-03-03, 1177d93b","5.2261086399666965s, 2025-03-04, 093efa2a","5.292528084013611s, 2025-03-05, 8883d75f","s, , ","5.342695835977793s, 2025-03-05, 1b18e2e1","5.325645135017112s, 2025-03-08, db80ff9b","5.323311229934916s, 2025-03-10, a1cf5551","5.362958748824894s, 2025-03-11, e75a1be9","5.301646972075105s, 2025-03-11, 7d65d040","5.460461602080613s, 2025-03-11, 5d96b240","5.306234846000734s, 2025-03-12, 4da59c6e","5.303541765002592s, 2025-03-12, 4a90ead7","5.282259045008686s, 2025-03-13, 27399451","5.3658553309505805s, 2025-03-19, 2d05305b","5.297460110974498s, 2025-03-20, f55b042a","5.261679142946377s, 2025-03-20, f93501c0","5.288595404941589s, 2025-03-24, a9d673d8","5.298872098093852s, 2025-03-27, fc9559fc","5.29367818380706s, 2025-03-28, 6e71dec2","5.3218004771042615s, 2025-03-28, adb0ab16","5.436442616861314s, 2025-03-28, b524a24e","5.341783722164109s, 2025-03-31, 3c06a2ec","5.337733018910512s, 2025-03-31, 11fa6749","5.317540002986789s, 2025-04-01, 8f07dc91","5.426633621100336s, 2025-04-01, 8f07dc91","5.421926750103012s, 2025-04-01, fa15cc7d","5.435638913884759s, 2025-04-02, f592b945","5.377826882060617s, 2025-04-03, cfc08502","5.366477159084752s, 2025-04-04, 166119ab","5.377840677741915s, 2025-04-08, d329ee1d","5.329618531744927s, 2025-04-08, 5e49df7e"],"x":[-49,-48,-47,-46,-45,-44,-43,-42,-41,-40,-39,-38,-37,-36,-35,-34,-33,-32,-31,-30,-29,-28,-27,-26,-25,-24,-23,-22,-21,-20,-19,-18,-17,-16,-15,-14,-13,-12,-11,-10,-9,-8,-7,-6,-5,-4,-3,-2,-1,0],"y":[5.415039055980742,"",5.397397484999601,5.562859048999599,"",5.280422903000726,5.327808265996282,5.387975133024156,5.295391955995001,5.371036841999739,5.3450936549925245,5.337637716991594,5.3680122469959315,5.314257104997523,5.325704177026637,5.3156899450114,5.307956292992458,5.30278281995561,5.3838617817964405,5.31928124697879,5.2261086399666965,5.292528084013611,"",5.342695835977793,5.325645135017112,5.323311229934916,5.362958748824894,5.301646972075105,5.460461602080613,5.306234846000734,5.303541765002592,5.282259045008686,5.3658553309505805,5.297460110974498,5.261679142946377,5.288595404941589,5.298872098093852,5.29367818380706,5.3218004771042615,5.436442616861314,5.341783722164109,5.337733018910512,5.317540002986789,5.426633621100336,5.421926750103012,5.435638913884759,5.377826882060617,5.366477159084752,5.377840677741915,5.329618531744927],"yaxis":"y6","type":"scatter","xaxis":"x6","marker":{"size":8},"hoverinfo":"text+x","mode":"lines+markers","showlegend":true}],                        {"template":{"data":{"barpolar":[{"marker":{"line":{"color":"white","width":0.5},"pattern":{"fillmode":"overlay","size":10,"solidity":0.2}},"type":"barpolar"}],"bar":[{"error_x":{"color":"#2a3f5f"},"error_y":{"color":"#2a3f5f"},"marker":{"line":{"color":"white","width":0.5},"pattern":{"fillmode":"overlay","size":10,"solidity":0.2}},"type":"bar"}],"carpet":[{"aaxis":{"endlinecolor":"#2a3f5f","gridcolor":"#C8D4E3","linecolor":"#C8D4E3","minorgridcolor":"#C8D4E3","startlinecolor":"#2a3f5f"},"baxis":{"endlinecolor":"#2a3f5f","gridcolor":"#C8D4E3","linecolor":"#C8D4E3","minorgridcolor":"#C8D4E3","startlinecolor":"#2a3f5f"},"type":"carpet"}],"choropleth":[{"colorbar":{"outlinewidth":0,"ticks":""},"type":"choropleth"}],"contourcarpet":[{"colorbar":{"outlinewidth":0,"ticks":""},"type":"contourcarpet"}],"contour":[{"colorbar":{"outlinewidth":0,"ticks":""},"colorscale":[[0.0,"#0d0887"],[0.1111111111111111,"#46039f"],[0.2222222222222222,"#7201a8"],[0.3333333333333333,"#9c179e"],[0.4444444444444444,"#bd3786"],[0.5555555555555556,"#d8576b"],[0.6666666666666666,"#ed7953"],[0.7777777777777778,"#fb9f3a"],[0.8888888888888888,"#fdca26"],[1.0,"#f0f921"]],"type":"contour"}],"heatmapgl":[{"colorbar":{"outlinewidth":0,"ticks":""},"colorscale":[[0.0,"#0d0887"],[0.1111111111111111,"#46039f"],[0.2222222222222222,"#7201a8"],[0.3333333333333333,"#9c179e"],[0.4444444444444444,"#bd3786"],[0.5555555555555556,"#d8576b"],[0.6666666666666666,"#ed7953"],[0.7777777777777778,"#fb9f3a"],[0.8888888888888888,"#fdca26"],[1.0,"#f0f921"]],"type":"heatmapgl"}],"heatmap":[{"colorbar":{"outlinewidth":0,"ticks":""},"colorscale":[[0.0,"#0d0887"],[0.1111111111111111,"#46039f"],[0.2222222222222222,"#7201a8"],[0.3333333333333333,"#9c179e"],[0.4444444444444444,"#bd3786"],[0.5555555555555556,"#d8576b"],[0.6666666666666666,"#ed7953"],[0.7777777777777778,"#fb9f3a"],[0.8888888888888888,"#fdca26"],[1.0,"#f0f921"]],"type":"heatmap"}],"histogram2dcontour":[{"colorbar":{"outlinewidth":0,"ticks":""},"colorscale":[[0.0,"#0d0887"],[0.1111111111111111,"#46039f"],[0.2222222222222222,"#7201a8"],[0.3333333333333333,"#9c179e"],[0.4444444444444444,"#bd3786"],[0.5555555555555556,"#d8576b"],[0.6666666666666666,"#ed7953"],[0.7777777777777778,"#fb9f3a"],[0.8888888888888888,"#fdca26"],[1.0,"#f0f921"]],"type":"histogram2dcontour"}],"histogram2d":[{"colorbar":{"outlinewidth":0,"ticks":""},"colorscale":[[0.0,"#0d0887"],[0.1111111111111111,"#46039f"],[0.2222222222222222,"#7201a8"],[0.3333333333333333,"#9c179e"],[0.4444444444444444,"#bd3786"],[0.5555555555555556,"#d8576b"],[0.6666666666666666,"#ed7953"],[0.7777777777777778,"#fb9f3a"],[0.8888888888888888,"#fdca26"],[1.0,"#f0f921"]],"type":"histogram2d"}],"histogram":[{"marker":{"pattern":{"fillmode":"overlay","size":10,"solidity":0.2}},"type":"histogram"}],"mesh3d":[{"colorbar":{"outlinewidth":0,"ticks":""},"type":"mesh3d"}],"parcoords":[{"line":{"colorbar":{"outlinewidth":0,"ticks":""}},"type":"parcoords"}],"pie":[{"automargin":true,"type":"pie"}],"scatter3d":[{"line":{"colorbar":{"outlinewidth":0,"ticks":""}},"marker":{"colorbar":{"outlinewidth":0,"ticks":""}},"type":"scatter3d"}],"scattercarpet":[{"marker":{"colorbar":{"outlinewidth":0,"ticks":""}},"type":"scattercarpet"}],"scattergeo":[{"marker":{"colorbar":{"outlinewidth":0,"ticks":""}},"type":"scattergeo"}],"scattergl":[{"marker":{"colorbar":{"outlinewidth":0,"ticks":""}},"type":"scattergl"}],"scattermapbox":[{"marker":{"colorbar":{"outlinewidth":0,"ticks":""}},"type":"scattermapbox"}],"scatterpolargl":[{"marker":{"colorbar":{"outlinewidth":0,"ticks":""}},"type":"scatterpolargl"}],"scatterpolar":[{"marker":{"colorbar":{"outlinewidth":0,"ticks":""}},"type":"scatterpolar"}],"scatter":[{"fillpattern":{"fillmode":"overlay","size":10,"solidity":0.2},"type":"scatter"}],"scatterternary":[{"marker":{"colorbar":{"outlinewidth":0,"ticks":""}},"type":"scatterternary"}],"surface":[{"colorbar":{"outlinewidth":0,"ticks":""},"colorscale":[[0.0,"#0d0887"],[0.1111111111111111,"#46039f"],[0.2222222222222222,"#7201a8"],[0.3333333333333333,"#9c179e"],[0.4444444444444444,"#bd3786"],[0.5555555555555556,"#d8576b"],[0.6666666666666666,"#ed7953"],[0.7777777777777778,"#fb9f3a"],[0.8888888888888888,"#fdca26"],[1.0,"#f0f921"]],"type":"surface"}],"table":[{"cells":{"fill":{"color":"#EBF0F8"},"line":{"color":"white"}},"header":{"fill":{"color":"#C8D4E3"},"line":{"color":"white"}},"type":"table"}]},"layout":{"annotationdefaults":{"arrowcolor":"#2a3f5f","arrowhead":0,"arrowwidth":1},"autotypenumbers":"strict","coloraxis":{"colorbar":{"outlinewidth":0,"ticks":""}},"colorscale":{"diverging":[[0,"#8e0152"],[0.1,"#c51b7d"],[0.2,"#de77ae"],[0.3,"#f1b6da"],[0.4,"#fde0ef"],[0.5,"#f7f7f7"],[0.6,"#e6f5d0"],[0.7,"#b8e186"],[0.8,"#7fbc41"],[0.9,"#4d9221"],[1,"#276419"]],"sequential":[[0.0,"#0d0887"],[0.1111111111111111,"#46039f"],[0.2222222222222222,"#7201a8"],[0.3333333333333333,"#9c179e"],[0.4444444444444444,"#bd3786"],[0.5555555555555556,"#d8576b"],[0.6666666666666666,"#ed7953"],[0.7777777777777778,"#fb9f3a"],[0.8888888888888888,"#fdca26"],[1.0,"#f0f921"]],"sequentialminus":[[0.0,"#0d0887"],[0.1111111111111111,"#46039f"],[0.2222222222222222,"#7201a8"],[0.3333333333333333,"#9c179e"],[0.4444444444444444,"#bd3786"],[0.5555555555555556,"#d8576b"],[0.6666666666666666,"#ed7953"],[0.7777777777777778,"#fb9f3a"],[0.8888888888888888,"#fdca26"],[1.0,"#f0f921"]]},"colorway":["#636efa","#EF553B","#00cc96","#ab63fa","#FFA15A","#19d3f3","#FF6692","#B6E880","#FF97FF","#FECB52"],"font":{"color":"#2a3f5f"},"geo":{"bgcolor":"white","lakecolor":"white","landcolor":"white","showlakes":true,"showland":true,"subunitcolor":"#C8D4E3"},"hoverlabel":{"align":"left"},"hovermode":"closest","mapbox":{"style":"light"},"paper_bgcolor":"white","plot_bgcolor":"white","polar":{"angularaxis":{"gridcolor":"#EBF0F8","linecolor":"#EBF0F8","ticks":""},"bgcolor":"white","radialaxis":{"gridcolor":"#EBF0F8","linecolor":"#EBF0F8","ticks":""}},"scene":{"xaxis":{"backgroundcolor":"white","gridcolor":"#DFE8F3","gridwidth":2,"linecolor":"#EBF0F8","showbackground":true,"ticks":"","zerolinecolor":"#EBF0F8"},"yaxis":{"backgroundcolor":"white","gridcolor":"#DFE8F3","gridwidth":2,"linecolor":"#EBF0F8","showbackground":true,"ticks":"","zerolinecolor":"#EBF0F8"},"zaxis":{"backgroundcolor":"white","gridcolor":"#DFE8F3","gridwidth":2,"linecolor":"#EBF0F8","showbackground":true,"ticks":"","zerolinecolor":"#EBF0F8"}},"shapedefaults":{"line":{"color":"#2a3f5f"}},"ternary":{"aaxis":{"gridcolor":"#DFE8F3","linecolor":"#A2B1C6","ticks":""},"baxis":{"gridcolor":"#DFE8F3","linecolor":"#A2B1C6","ticks":""},"bgcolor":"white","caxis":{"gridcolor":"#DFE8F3","linecolor":"#A2B1C6","ticks":""}},"title":{"x":0.05},"xaxis":{"automargin":true,"gridcolor":"#EBF0F8","linecolor":"#EBF0F8","ticks":"","title":{"standoff":15},"zerolinecolor":"#EBF0F8","zerolinewidth":2},"yaxis":{"automargin":true,"gridcolor":"#EBF0F8","linecolor":"#EBF0F8","ticks":"","title":{"standoff":15},"zerolinecolor":"#EBF0F8","zerolinewidth":2}}},"xaxis":{"anchor":"y","domain":[0.0,1.0],"autorange":true,"range":[-49,0],"type":"linear","showticklabels":true},"yaxis":{"anchor":"x","domain":[0.0,0.16666666666666666],"tickfont":{"color":"#ff0789","size":9},"autorange":true,"fixedrange":false,"mirror":true,"showline":true,"side":"left","tickmode":"auto","ticks":"","tickson":"boundaries","type":"linear","zeroline":false,"automargin":false},"xaxis2":{"anchor":"y2","domain":[0.0,1.0],"showticklabels":false},"yaxis2":{"anchor":"x","domain":[0.16666666666666666,0.3333333333333333],"tickfont":{"color":"#966ebd","size":9},"autorange":true,"fixedrange":false,"mirror":true,"showline":true,"side":"left","tickmode":"auto","ticks":"","tickson":"boundaries","type":"linear","zeroline":false},"xaxis3":{"anchor":"y3","domain":[0.0,1.0],"showticklabels":false},"yaxis3":{"anchor":"x","domain":[0.3333333333333333,0.5],"tickfont":{"color":"#ad900d","size":9},"autorange":true,"fixedrange":false,"mirror":true,"showline":true,"side":"left","tickmode":"auto","ticks":"","tickson":"boundaries","type":"linear","zeroline":false},"xaxis4":{"anchor":"y4","domain":[0.0,1.0],"showticklabels":false},"yaxis4":{"anchor":"x","domain":[0.5,0.6666666666666666],"tickfont":{"color":"#009337","size":9},"autorange":true,"fixedrange":false,"mirror":true,"showline":true,"side":"left","tickmode":"auto","ticks":"","tickson":"boundaries","type":"linear","zeroline":false},"xaxis5":{"anchor":"y5","domain":[0.0,1.0],"showticklabels":false},"yaxis5":{"anchor":"x","domain":[0.6666666666666666,0.8333333333333333],"tickfont":{"color":"#850e04","size":9},"autorange":true,"fixedrange":false,"mirror":true,"showline":true,"side":"left","tickmode":"auto","ticks":"","tickson":"boundaries","type":"linear","zeroline":false},"xaxis6":{"anchor":"y6","domain":[0.0,1.0],"showticklabels":false},"yaxis6":{"anchor":"x","domain":[0.8333333333333333,1.0],"tickfont":{"color":"#3e82fc","size":9},"autorange":true,"fixedrange":false,"mirror":true,"showline":true,"side":"left","tickmode":"auto","ticks":"","tickson":"boundaries","type":"linear","zeroline":false},"xaxis7":{"anchor":"y7","domain":[0.0,1.0],"showticklabels":false},"yaxis7":{"anchor":"x","domain":[1,1],"tickfont":{"color":"#fe420f","size":9},"autorange":true,"fixedrange":false,"mirror":true,"showline":true,"side":"left","tickmode":"auto","ticks":"","tickson":"boundaries","type":"linear","zeroline":false},"xaxis8":{"anchor":"y8","domain":[0.0,1.0],"showticklabels":false},"yaxis8":{"anchor":"x","domain":[1,1],"tickfont":{"color":"#fe828c","size":9},"autorange":true,"fixedrange":false,"mirror":true,"showline":true,"side":"left","tickmode":"auto","ticks":"","tickson":"boundaries","type":"linear","zeroline":false},"yaxis9":{"anchor":"x","autorange":true,"fixedrange":false,"domain":[1,1],"mirror":true,"showline":true,"side":"left","tickfont":{"color":"#85a3b2","size":9},"tickmode":"auto","ticks":"","tickson":"boundaries","type":"linear","zeroline":false},"yaxis10":{"anchor":"x","autorange":true,"fixedrange":false,"domain":[1,1],"mirror":true,"showline":true,"side":"left","tickfont":{"color":"#f0833a","size":9},"tickmode":"auto","ticks":"","tickson":"boundaries","type":"linear","zeroline":false},"legend":{"traceorder":"reversed","yanchor":"top","y":0.99,"xanchor":"left"},"margin":{"t":50,"b":50},"title":{"text":"Python = python-3.13, Problem = TestModels_test_uc_20140901_expected"},"dragmode":"zoom","hovermode":"x","height":900},                        {"responsive": true}                    )                };                            </script>        </div>
</body>
</html>